Archive member included to satisfy reference by file (symbol)

C:/ST/STM32CubeIDE_1.16.0/STM32CubeIDE/plugins/com.st.stm32cube.ide.mcu.externaltools.gnu-tools-for-stm32.13.3.rel1.win32_1.0.0.202411081344/tools/bin/../lib/gcc/arm-none-eabi/13.3.1/../../../../arm-none-eabi/lib/thumb/v7e-m+dp/hard\libstdc++_nano.a(eh_arm.o)
                              ./Core/Src/mcore_eth.o (__cxa_end_cleanup)
C:/ST/STM32CubeIDE_1.16.0/STM32CubeIDE/plugins/com.st.stm32cube.ide.mcu.externaltools.gnu-tools-for-stm32.13.3.rel1.win32_1.0.0.202411081344/tools/bin/../lib/gcc/arm-none-eabi/13.3.1/../../../../arm-none-eabi/lib/thumb/v7e-m+dp/hard\libstdc++_nano.a(eh_exception.o)
                              C:/ST/STM32CubeIDE_1.16.0/STM32CubeIDE/plugins/com.st.stm32cube.ide.mcu.externaltools.gnu-tools-for-stm32.13.3.rel1.win32_1.0.0.202411081344/tools/bin/../lib/gcc/arm-none-eabi/13.3.1/../../../../arm-none-eabi/lib/thumb/v7e-m+dp/hard\libstdc++_nano.a(eh_arm.o) (typeinfo for __cxxabiv1::__forced_unwind)
C:/ST/STM32CubeIDE_1.16.0/STM32CubeIDE/plugins/com.st.stm32cube.ide.mcu.externaltools.gnu-tools-for-stm32.13.3.rel1.win32_1.0.0.202411081344/tools/bin/../lib/gcc/arm-none-eabi/13.3.1/../../../../arm-none-eabi/lib/thumb/v7e-m+dp/hard\libstdc++_nano.a(eh_globals.o)
                              C:/ST/STM32CubeIDE_1.16.0/STM32CubeIDE/plugins/com.st.stm32cube.ide.mcu.externaltools.gnu-tools-for-stm32.13.3.rel1.win32_1.0.0.202411081344/tools/bin/../lib/gcc/arm-none-eabi/13.3.1/../../../../arm-none-eabi/lib/thumb/v7e-m+dp/hard\libstdc++_nano.a(eh_arm.o) (__cxa_get_globals)
C:/ST/STM32CubeIDE_1.16.0/STM32CubeIDE/plugins/com.st.stm32cube.ide.mcu.externaltools.gnu-tools-for-stm32.13.3.rel1.win32_1.0.0.202411081344/tools/bin/../lib/gcc/arm-none-eabi/13.3.1/../../../../arm-none-eabi/lib/thumb/v7e-m+dp/hard\libstdc++_nano.a(eh_personality.o)
                              ./Core/Src/mcore_eth.o (__gxx_personality_v0)
C:/ST/STM32CubeIDE_1.16.0/STM32CubeIDE/plugins/com.st.stm32cube.ide.mcu.externaltools.gnu-tools-for-stm32.13.3.rel1.win32_1.0.0.202411081344/tools/bin/../lib/gcc/arm-none-eabi/13.3.1/../../../../arm-none-eabi/lib/thumb/v7e-m+dp/hard\libstdc++_nano.a(eh_terminate.o)
                              C:/ST/STM32CubeIDE_1.16.0/STM32CubeIDE/plugins/com.st.stm32cube.ide.mcu.externaltools.gnu-tools-for-stm32.13.3.rel1.win32_1.0.0.202411081344/tools/bin/../lib/gcc/arm-none-eabi/13.3.1/../../../../arm-none-eabi/lib/thumb/v7e-m+dp/hard\libstdc++_nano.a(eh_arm.o) (std::terminate())
C:/ST/STM32CubeIDE_1.16.0/STM32CubeIDE/plugins/com.st.stm32cube.ide.mcu.externaltools.gnu-tools-for-stm32.13.3.rel1.win32_1.0.0.202411081344/tools/bin/../lib/gcc/arm-none-eabi/13.3.1/../../../../arm-none-eabi/lib/thumb/v7e-m+dp/hard\libstdc++_nano.a(eh_unex_handler.o)
                              C:/ST/STM32CubeIDE_1.16.0/STM32CubeIDE/plugins/com.st.stm32cube.ide.mcu.externaltools.gnu-tools-for-stm32.13.3.rel1.win32_1.0.0.202411081344/tools/bin/../lib/gcc/arm-none-eabi/13.3.1/../../../../arm-none-eabi/lib/thumb/v7e-m+dp/hard\libstdc++_nano.a(eh_terminate.o) (__cxxabiv1::__unexpected_handler)
C:/ST/STM32CubeIDE_1.16.0/STM32CubeIDE/plugins/com.st.stm32cube.ide.mcu.externaltools.gnu-tools-for-stm32.13.3.rel1.win32_1.0.0.202411081344/tools/bin/../lib/gcc/arm-none-eabi/13.3.1/../../../../arm-none-eabi/lib/thumb/v7e-m+dp/hard\libstdc++_nano.a(guard.o)
                              ./Core/Src/mcore_eth.o (__cxa_guard_acquire)
C:/ST/STM32CubeIDE_1.16.0/STM32CubeIDE/plugins/com.st.stm32cube.ide.mcu.externaltools.gnu-tools-for-stm32.13.3.rel1.win32_1.0.0.202411081344/tools/bin/../lib/gcc/arm-none-eabi/13.3.1/../../../../arm-none-eabi/lib/thumb/v7e-m+dp/hard\libstdc++_nano.a(si_class_type_info.o)
                              C:/ST/STM32CubeIDE_1.16.0/STM32CubeIDE/plugins/com.st.stm32cube.ide.mcu.externaltools.gnu-tools-for-stm32.13.3.rel1.win32_1.0.0.202411081344/tools/bin/../lib/gcc/arm-none-eabi/13.3.1/../../../../arm-none-eabi/lib/thumb/v7e-m+dp/hard\libstdc++_nano.a(eh_exception.o) (vtable for __cxxabiv1::__si_class_type_info)
C:/ST/STM32CubeIDE_1.16.0/STM32CubeIDE/plugins/com.st.stm32cube.ide.mcu.externaltools.gnu-tools-for-stm32.13.3.rel1.win32_1.0.0.202411081344/tools/bin/../lib/gcc/arm-none-eabi/13.3.1/../../../../arm-none-eabi/lib/thumb/v7e-m+dp/hard\libstdc++_nano.a(tinfo.o)
                              C:/ST/STM32CubeIDE_1.16.0/STM32CubeIDE/plugins/com.st.stm32cube.ide.mcu.externaltools.gnu-tools-for-stm32.13.3.rel1.win32_1.0.0.202411081344/tools/bin/../lib/gcc/arm-none-eabi/13.3.1/../../../../arm-none-eabi/lib/thumb/v7e-m+dp/hard\libstdc++_nano.a(si_class_type_info.o) (std::type_info::__is_pointer_p() const)
C:/ST/STM32CubeIDE_1.16.0/STM32CubeIDE/plugins/com.st.stm32cube.ide.mcu.externaltools.gnu-tools-for-stm32.13.3.rel1.win32_1.0.0.202411081344/tools/bin/../lib/gcc/arm-none-eabi/13.3.1/../../../../arm-none-eabi/lib/thumb/v7e-m+dp/hard\libstdc++_nano.a(class_type_info.o)
[...]
Memory Configuration

Name             Origin             Length             Attributes
RAM              0x20000000         0x00080000         xrw
FLASH            0x08000000         0x00200000         xr
Memory_B1        0x2007c000         0x00000100         rw
Memory_B2        0x2007c100         0x00000080         rw
ETH_RX_BUFFER    0x20078000         0x00004000         rw
*default*        0x00000000         0xffffffff

Linker script and memory map

LOAD C:/ST/STM32CubeIDE_1.16.0/STM32CubeIDE/plugins/com.st.stm32cube.ide.mcu.externaltools.gnu-tools-for-stm32.13.3.rel1.win32_1.0.0.202411081344/tools/bin/../lib/gcc/arm-none-eabi/13.3.1/thumb/v7e-m+dp/hard/crti.o
LOAD C:/ST/STM32CubeIDE_1.16.0/STM32CubeIDE/plugins/com.st.stm32cube.ide.mcu.externaltools.gnu-tools-for-stm32.13.3.rel1.win32_1.0.0.202411081344/tools/bin/../lib/gcc/arm-none-eabi/13.3.1/thumb/v7e-m+dp/hard/crtbegin.o
LOAD C:/ST/STM32CubeIDE_1.16.0/STM32CubeIDE/plugins/com.st.stm32cube.ide.mcu.externaltools.gnu-tools-for-stm32.13.3.rel1.win32_1.0.0.202411081344/tools/bin/../lib/gcc/arm-none-eabi/13.3.1/../../../../arm-none-eabi/lib/thumb/v7e-m+dp/hard/crt0.o
LOAD ./Core/Src/main.o
LOAD ./Core/Src/mcore_eth.o
LOAD ./Core/Src/mcore_eth_utils.o
LOAD ./Core/Src/mcore_gpio.o
LOAD ./Core/Src/mcore_mpu.o
LOAD ./Core/Src/mcore_net.o
LOAD ./Core/Src/mcore_rcc.o
LOAD ./Core/Src/mcore_system.o
LOAD ./Core/Src/mcore_tcp.o
LOAD ./Core/Src/stm32f7xx_it.o
LOAD ./Core/Src/syscalls.o
LOAD ./Core/Src/sysmem.o
LOAD ./Core/Src/system_stm32f7xx.o
LOAD ./Core/Startup/startup_stm32f767zitx.o
START GROUP
LOAD C:/ST/STM32CubeIDE_1.16.0/STM32CubeIDE/plugins/com.st.stm32cube.ide.mcu.externaltools.gnu-tools-for-stm32.13.3.rel1.win32_1.0.0.202411081344/tools/bin/../lib/gcc/arm-none-eabi/13.3.1/../../../../arm-none-eabi/lib/thumb/v7e-m+dp/hard\libstdc++_nano.a
LOAD C:/ST/STM32CubeIDE_1.16.0/STM32CubeIDE/plugins/com.st.stm32cube.ide.mcu.externaltools.gnu-tools-for-stm32.13.3.rel1.win32_1.0.0.202411081344/tools/bin/../lib/gcc/arm-none-eabi/13.3.1/../../../../arm-none-eabi/lib/thumb/v7e-m+dp/hard\libsupc++_nano.a
END GROUP
LOAD C:/ST/STM32CubeIDE_1.16.0/STM32CubeIDE/plugins/com.st.stm32cube.ide.mcu.externaltools.gnu-tools-for-stm32.13.3.rel1.win32_1.0.0.202411081344/tools/bin/../lib/gcc/arm-none-eabi/13.3.1/../../../../arm-none-eabi/lib/thumb/v7e-m+dp/hard\libstdc++_nano.a
LOAD C:/ST/STM32CubeIDE_1.16.0/STM32CubeIDE/plugins/com.st.stm32cube.ide.mcu.externaltools.gnu-tools-for-stm32.13.3.rel1.win32_1.0.0.202411081344/tools/bin/../lib/gcc/arm-none-eabi/13.3.1/../../../../arm-none-eabi/lib/thumb/v7e-m+dp/hard\libm.a
LOAD C:/ST/STM32CubeIDE_1.16.0/STM32CubeIDE/plugins/com.st.stm32cube.ide.mcu.externaltools.gnu-tools-for-stm32.13.3.rel1.win32_1.0.0.202411081344/tools/bin/../lib/gcc/arm-none-eabi/13.3.1/../../../../arm-none-eabi/lib/thumb/v7e-m+dp/hard\libc_nano.a
START GROUP
LOAD C:/ST/STM32CubeIDE_1.16.0/STM32CubeIDE/plugins/com.st.stm32cube.ide.mcu.externaltools.gnu-tools-for-stm32.13.3.rel1.win32_1.0.0.202411081344/tools/bin/../lib/gcc/arm-none-eabi/13.3.1/thumb/v7e-m+dp/hard\libgcc.a
LOAD C:/ST/STM32CubeIDE_1.16.0/STM32CubeIDE/plugins/com.st.stm32cube.ide.mcu.externaltools.gnu-tools-for-stm32.13.3.rel1.win32_1.0.0.202411081344/tools/bin/../lib/gcc/arm-none-eabi/13.3.1/../../../../arm-none-eabi/lib/thumb/v7e-m+dp/hard\libc_nano.a
END GROUP
START GROUP
LOAD C:/ST/STM32CubeIDE_1.16.0/STM32CubeIDE/plugins/com.st.stm32cube.ide.mcu.externaltools.gnu-tools-for-stm32.13.3.rel1.win32_1.0.0.202411081344/tools/bin/../lib/gcc/arm-none-eabi/13.3.1/thumb/v7e-m+dp/hard\libgcc.a
LOAD C:/ST/STM32CubeIDE_1.16.0/STM32CubeIDE/plugins/com.st.stm32cube.ide.mcu.externaltools.gnu-tools-for-stm32.13.3.rel1.win32_1.0.0.202411081344/tools/bin/../lib/gcc/arm-none-eabi/13.3.1/../../../../arm-none-eabi/lib/thumb/v7e-m+dp/hard\libc_nano.a
LOAD C:/ST/STM32CubeIDE_1.16.0/STM32CubeIDE/plugins/com.st.stm32cube.ide.mcu.externaltools.gnu-tools-for-stm32.13.3.rel1.win32_1.0.0.202411081344/tools/bin/../lib/gcc/arm-none-eabi/13.3.1/../../../../arm-none-eabi/lib/thumb/v7e-m+dp/hard\libnosys.a
END GROUP
START GROUP
LOAD C:/ST/STM32CubeIDE_1.16.0/STM32CubeIDE/plugins/com.st.stm32cube.ide.mcu.externaltools.gnu-tools-for-stm32.13.3.rel1.win32_1.0.0.202411081344/tools/bin/../lib/gcc/arm-none-eabi/13.3.1/thumb/v7e-m+dp/hard\libgcc.a
LOAD C:/ST/STM32CubeIDE_1.16.0/STM32CubeIDE/plugins/com.st.stm32cube.ide.mcu.externaltools.gnu-tools-for-stm32.13.3.rel1.win32_1.0.0.202411081344/tools/bin/../lib/gcc/arm-none-eabi/13.3.1/../../../../arm-none-eabi/lib/thumb/v7e-m+dp/hard\libc_nano.a
LOAD C:/ST/STM32CubeIDE_1.16.0/STM32CubeIDE/plugins/com.st.stm32cube.ide.mcu.externaltools.gnu-tools-for-stm32.13.3.rel1.win32_1.0.0.202411081344/tools/bin/../lib/gcc/arm-none-eabi/13.3.1/../../../../arm-none-eabi/lib/thumb/v7e-m+dp/hard\libnosys.a
END GROUP
LOAD C:/ST/STM32CubeIDE_1.16.0/STM32CubeIDE/plugins/com.st.stm32cube.ide.mcu.externaltools.gnu-tools-for-stm32.13.3.rel1.win32_1.0.0.202411081344/tools/bin/../lib/gcc/arm-none-eabi/13.3.1/thumb/v7e-m+dp/hard/crtend.o
LOAD C:/ST/STM32CubeIDE_1.16.0/STM32CubeIDE/plugins/com.st.stm32cube.ide.mcu.externaltools.gnu-tools-for-stm32.13.3.rel1.win32_1.0.0.202411081344/tools/bin/../lib/gcc/arm-none-eabi/13.3.1/thumb/v7e-m+dp/hard/crtn.o
                0x20080000                        _estack = (ORIGIN (RAM) + LENGTH (RAM))
                0x00000000                        _Min_Heap_Size = 0x0
                0x00000400                        _Min_Stack_Size = 0x400

.isr_vector     0x08000000      0x1f8
                0x08000000                        . = ALIGN (0x4)
 *(.isr_vector)
 .isr_vector    0x08000000      0x1f8 ./Core/Startup/startup_stm32f767zitx.o
                0x08000000                g_pfnVectors
                0x080001f8                        . = ALIGN (0x4)

.text           0x080001f8     0x3934
                0x080001f8                        . = ALIGN (0x4)
 *(.text)
 .text          0x080001f8       0x40 C:/ST/STM32CubeIDE_1.16.0/STM32CubeIDE/plugins/com.st.stm32cube.ide.mcu.externaltools.gnu-tools-for-stm32.13.3.rel1.win32_1.0.0.202411081344/tools/bin/../lib/gcc/arm-none-eabi/13.3.1/thumb/v7e-m+dp/hard/crtbegin.o
 .text          0x08000238       0x14 C:/ST/STM32CubeIDE_1.16.0/STM32CubeIDE/plugins/com.st.stm32cube.ide.mcu.externaltools.gnu-tools-for-stm32.13.3.rel1.win32_1.0.0.202411081344/tools/bin/../lib/gcc/arm-none-eabi/13.3.1/../../../../arm-none-eabi/lib/thumb/v7e-m+dp/hard\libc_nano.a(libc_a-strcmp.o)
                0x08000238                strcmp
 .text          0x0800024c      0xa48 C:/ST/STM32CubeIDE_1.16.0/STM32CubeIDE/plugins/com.st.stm32cube.ide.mcu.externaltools.gnu-tools-for-stm32.13.3.rel1.win32_1.0.0.202411081344/tools/bin/../lib/gcc/arm-none-eabi/13.3.1/thumb/v7e-m+dp/hard\libgcc.a(unwind-arm.o)
                0x08000508                _Unwind_GetCFA
                0x0800050c                __gnu_Unwind_RaiseException
                0x08000574                __gnu_Unwind_ForcedUnwind
                0x08000584                __gnu_Unwind_Resume
                0x080005c8                __gnu_Unwind_Resume_or_Rethrow
                0x080005d8                _Unwind_Complete
                0x080005dc                _Unwind_DeleteException
                0x080005e8                _Unwind_VRS_Get
                0x08000638                _Unwind_VRS_Set
                0x08000684                __gnu_Unwind_Backtrace
                0x080009ac                __aeabi_unwind_cpp_pr0
                0x080009b0                __aeabi_unwind_cpp_pr1
                0x080009b4                __aeabi_unwind_cpp_pr2
                0x080009b8                _Unwind_VRS_Pop
 .text          0x08000c94      0x1ac C:/ST/STM32CubeIDE_1.16.0/STM32CubeIDE/plugins/com.st.stm32cube.ide.mcu.externaltools.gnu-tools-for-stm32.13.3.rel1.win32_1.0.0.202411081344/tools/bin/../lib/gcc/arm-none-eabi/13.3.1/thumb/v7e-m+dp/hard\libgcc.a(libunwind.o)
                0x08000c94                __restore_core_regs
                0x08000c94                restore_core_regs
                0x08000cac                __gnu_Unwind_Restore_VFP
                0x08000cb4                __gnu_Unwind_Save_VFP
                0x08000cbc                __gnu_Unwind_Restore_VFP_D
                0x08000cc4                __gnu_Unwind_Save_VFP_D
                0x08000ccc                __gnu_Unwind_Restore_VFP_D_16_to_31
                0x08000cd4                __gnu_Unwind_Save_VFP_D_16_to_31
                0x08000cdc                __gnu_Unwind_Restore_WMMXD
                0x08000d20                __gnu_Unwind_Save_WMMXD
                0x08000d64                __gnu_Unwind_Restore_WMMXC
                0x08000d78                __gnu_Unwind_Save_WMMXC
                0x08000d8c                ___Unwind_RaiseException
                0x08000d8c                _Unwind_RaiseException
                0x08000db0                _Unwind_Resume
                0x08000db0                ___Unwind_Resume
                0x08000dd4                _Unwind_Resume_or_Rethrow
                0x08000dd4                ___Unwind_Resume_or_Rethrow
                0x08000df8                _Unwind_ForcedUnwind
                0x08000df8                ___Unwind_ForcedUnwind
                0x08000e1c                ___Unwind_Backtrace
                0x08000e1c                _Unwind_Backtrace
 .text          0x08000e40      0x3a0 C:/ST/STM32CubeIDE_1.16.0/STM32CubeIDE/plugins/com.st.stm32cube.ide.mcu.externaltools.gnu-tools-for-stm32.13.3.rel1.win32_1.0.0.202411081344/tools/bin/../lib/gcc/arm-none-eabi/13.3.1/thumb/v7e-m+dp/hard\libgcc.a(pr-support.o)
                0x08000e98                __gnu_unwind_execute
                0x08001194                __gnu_unwind_frame
                0x080011c0                _Unwind_GetRegionStart
                0x080011cc                _Unwind_GetLanguageSpecificData
 *(.text*)
 .text.SCB_EnableICache
                0x080011e0       0x30 ./Core/Src/main.o
 .text.SCB_EnableDCache
                0x08001210       0x5c ./Core/Src/main.o
 .text.TIM2_IRQHandler
                0x0800126c       0xc0 ./Core/Src/main.o
                0x0800126c                TIM2_IRQHandler
 .text.TIM3_IRQHandler
                0x0800132c      0x16c ./Core/Src/main.o
                0x0800132c                TIM3_IRQHandler
 .text._Z9TIM2_Initv
                0x08001498       0xac ./Core/Src/main.o
                0x08001498                TIM2_Init()
 .text._Z9TIM3_Initv
                0x08001544      0x118 ./Core/Src/main.o
                0x08001544                TIM3_Init()
 .text._Z9GPIO_Initv
                0x0800165c       0xd0 ./Core/Src/main.o
                0x0800165c                GPIO_Init()
 .text._Z13Error_Handlerv
                0x0800172c        0x2 ./Core/Src/main.o
                0x0800172c                Error_Handler()
 *fill*         0x0800172e        0x2 
 .text.main     0x08001730       0x98 ./Core/Src/main.o
                0x08001730                main
 .text._Z14ETH_RxDescInitv
                0x080017c8       0x68 ./Core/Src/mcore_eth.o
                0x080017c8                ETH_RxDescInit()
 .text._Z14ETH_TxDescInitv
                0x08001830       0x68 ./Core/Src/mcore_eth.o
                0x08001830                ETH_TxDescInit()
 .text.ETH_IRQHandler
                0x08001898       0x60 ./Core/Src/mcore_eth.o
                0x08001898                ETH_IRQHandler
 .text._Z12ETH_RxWorkerv
                0x080018f8       0xbc ./Core/Src/mcore_eth.o
                0x080018f8                ETH_RxWorker()
 .text._Z13ETH_SendFramem
                0x080019b4       0x4c ./Core/Src/mcore_eth.o
                0x080019b4                ETH_SendFrame(unsigned long)
 .text._Z8PHY_ReadmmPm
                0x08001a00       0x50 ./Core/Src/mcore_eth.o
                0x08001a00                PHY_Read(unsigned long, unsigned long, unsigned long*)
 .text._Z9PHY_Writemmm
                0x08001a50       0x48 ./Core/Src/mcore_eth.o
                0x08001a50                PHY_Write(unsigned long, unsigned long, unsigned long)
 .text._Z8PHY_Initv
                0x08001a98       0xa0 ./Core/Src/mcore_eth.o
                0x08001a98                PHY_Init()
 .text._Z8ETH_Initv
                0x08001b38      0x16c ./Core/Src/mcore_eth.o
                0x08001b38                ETH_Init()
 .text._Z8checksumPKht
                0x08001ca4       0x32 ./Core/Src/mcore_eth_utils.o
                0x08001ca4                checksum(unsigned char const*, unsigned short)
 .text._Z12tcp_checksumPhS_S_t
                0x08001cd6       0x72 ./Core/Src/mcore_eth_utils.o
                0x08001cd6                tcp_checksum(unsigned char*, unsigned char*, unsigned char*, unsigned short)
 .text._ZN4GPIO14GPIO_ConfigPinENS_11GPIO_ConfigEh
                0x08001d48       0xae ./Core/Src/mcore_gpio.o
                0x08001d48                GPIO::GPIO_ConfigPin(GPIO::GPIO_Config, unsigned char)
 .text._ZN4GPIO19GPIO_ConfigGroupPinENS_11GPIO_ConfigEm
                0x08001df6       0xb4 ./Core/Src/mcore_gpio.o
                0x08001df6                GPIO::GPIO_ConfigGroupPin(GPIO::GPIO_Config, unsigned long)
 *fill*         0x08001eaa        0x2 
 .text._Z11MPU_Disablev
                0x08001eac       0x1c ./Core/Src/mcore_mpu.o
                0x08001eac                MPU_Disable()
 .text._Z10MPU_Enablev
                0x08001ec8       0x20 ./Core/Src/mcore_mpu.o
                0x08001ec8                MPU_Enable()
 .text._Z10MPU_Configv
                0x08001ee8       0x80 ./Core/Src/mcore_mpu.o
                0x08001ee8                MPU_Config()
 .text._Z41__static_initialization_and_destruction_0v
                0x08001f68       0x70 ./Core/Src/mcore_net.o
 .text._Z24NET_SendICMP_UnreachableP10ipv4_frame
                0x08001fd8       0xa4 ./Core/Src/mcore_net.o
                0x08001fd8                NET_SendICMP_Unreachable(ipv4_frame*)
 .text._Z14NET_ProcessUDPP10ipv4_frame
                0x0800207c       0x22 ./Core/Src/mcore_net.o
                0x0800207c                NET_ProcessUDP(ipv4_frame*)
 *fill*         0x0800209e        0x2 
 .text._Z15NET_ProcessICMPP10ipv4_frame
                0x080020a0       0x98 ./Core/Src/mcore_net.o
                0x080020a0                NET_ProcessICMP(ipv4_frame*)
 .text._Z14NET_ProcessARPP10ipv4_frame
                0x08002138       0x84 ./Core/Src/mcore_net.o
                0x08002138                NET_ProcessARP(ipv4_frame*)
 .text._Z13NET_ProcessRxP20ETH_RxDescListStructP20ETH_TxDescListStruct
                0x080021bc       0xc0 ./Core/Src/mcore_net.o
                0x080021bc                NET_ProcessRx(ETH_RxDescListStruct*, ETH_TxDescListStruct*)
 .text._GLOBAL__sub_I_MAC_ADDR
                0x0800227c        0x8 ./Core/Src/mcore_net.o
 .text._Z7RCCInitRK11ClockConfig
                0x08002284      0x1a0 ./Core/Src/mcore_rcc.o
                0x08002284                RCCInit(ClockConfig const&)
 .text._Z20enablePowerInterfacev
                0x08002424       0x14 ./Core/Src/mcore_rcc.o
                0x08002424                enablePowerInterface()
 .text._Z18enableEthInterfacev
                0x08002438       0x14 ./Core/Src/mcore_rcc.o
                0x08002438                enableEthInterface()
 .text.SysTick_Handler
                0x0800244c       0x10 ./Core/Src/mcore_system.o
                0x0800244c                SysTick_Handler
 .text._Z8delay_msm
                0x0800245c       0x14 ./Core/Src/mcore_system.o
                0x0800245c                delay_ms(unsigned long)
 .text._Z8get_tickv
                0x08002470        0xc ./Core/Src/mcore_system.o
                0x08002470                get_tick()
 .text._Z41__static_initialization_and_destruction_0v
                0x0800247c       0x3c ./Core/Src/mcore_tcp.o
 .text._Z12NET_TCP_Initv
                0x080024b8       0x50 ./Core/Src/mcore_tcp.o
                0x080024b8                NET_TCP_Init()
 .text._Z17NET_TCP_ClientAddv
                0x08002508       0x44 ./Core/Src/mcore_tcp.o
                0x08002508                NET_TCP_ClientAdd()
 .text._Z20NET_TCP_ClientRemoveh
                0x0800254c       0x68 ./Core/Src/mcore_tcp.o
                0x0800254c                NET_TCP_ClientRemove(unsigned char)
 .text._Z15NET_SendTCP_RSTP10ipv4_framettmmh
                0x080025b4      0x12c ./Core/Src/mcore_tcp.o
                0x080025b4                NET_SendTCP_RST(ipv4_frame*, unsigned short, unsigned short, unsigned long, unsigned long, unsigned char)
 .text._Z21NET_SendRetransmitTCPP10tcp_conn_t
                0x080026e0       0xa4 ./Core/Src/mcore_tcp.o
                0x080026e0                NET_SendRetransmitTCP(tcp_conn_t*)
 .text._Z11NET_SendTCPP10tcp_conn_tmmhhPKht
                0x08002784      0x160 ./Core/Src/mcore_tcp.o
                0x08002784                NET_SendTCP(tcp_conn_t*, unsigned long, unsigned long, unsigned char, unsigned char, unsigned char const*, unsigned short)
 .text._Z14NET_TCP_Timersv
                0x080028e4      0x130 ./Core/Src/mcore_tcp.o
                0x080028e4                NET_TCP_Timers()
 .text._Z14NET_ProcessTCPP10ipv4_frame
                0x08002a14      0x390 ./Core/Src/mcore_tcp.o
                0x08002a14                NET_ProcessTCP(ipv4_frame*)
 .text._Z16NET_TCP_SendUserP10tcp_conn_tPKht
                0x08002da4       0x4e ./Core/Src/mcore_tcp.o
                0x08002da4                NET_TCP_SendUser(tcp_conn_t*, unsigned char const*, unsigned short)
 .text._GLOBAL__sub_I_TCPsendFrameTemplate
                0x08002df2        0x8 ./Core/Src/mcore_tcp.o
 .text.NMI_Handler
                0x08002dfa        0x2 ./Core/Src/stm32f7xx_it.o
                0x08002dfa                NMI_Handler
 .text.HardFault_Handler
                0x08002dfc        0x2 ./Core/Src/stm32f7xx_it.o
                0x08002dfc                HardFault_Handler
 .text.MemManage_Handler
                0x08002dfe        0x2 ./Core/Src/stm32f7xx_it.o
                0x08002dfe                MemManage_Handler
 .text.BusFault_Handler
                0x08002e00        0x2 ./Core/Src/stm32f7xx_it.o
                0x08002e00                BusFault_Handler
 .text.UsageFault_Handler
                0x08002e02        0x2 ./Core/Src/stm32f7xx_it.o
                0x08002e02                UsageFault_Handler
 .text.SVC_Handler
                0x08002e04        0x2 ./Core/Src/stm32f7xx_it.o
                0x08002e04                SVC_Handler
 .text.DebugMon_Handler
                0x08002e06        0x2 ./Core/Src/stm32f7xx_it.o
                0x08002e06                DebugMon_Handler
 .text.PendSV_Handler
                0x08002e08        0x2 ./Core/Src/stm32f7xx_it.o
                0x08002e08                PendSV_Handler
 .text._getpid  0x08002e0a        0x4 ./Core/Src/syscalls.o
                0x08002e0a                _getpid
 .text._kill    0x08002e0e       0x10 ./Core/Src/syscalls.o
                0x08002e0e                _kill
 .text._exit    0x08002e1e        0xc ./Core/Src/syscalls.o
                0x08002e1e                _exit
 *fill*         0x08002e2a        0x2 
 .text.SystemInit
                0x08002e2c       0x14 ./Core/Src/system_stm32f7xx.o
                0x08002e2c                SystemInit
 .text.SystemCoreClockUpdate
                0x08002e40       0xa0 ./Core/Src/system_stm32f7xx.o
                0x08002e40                SystemCoreClockUpdate
 .text.Reset_Handler
                0x08002ee0       0x50 ./Core/Startup/startup_stm32f767zitx.o
                0x08002ee0                Reset_Handler
 .text.Default_Handler
                0x08002f30        0x2 ./Core/Startup/startup_stm32f767zitx.o
                0x08002f30                RTC_Alarm_IRQHandler
                0x08002f30                EXTI2_IRQHandler
                0x08002f30                TIM8_CC_IRQHandler
                0x08002f30                UART8_IRQHandler
                0x08002f30                SPI4_IRQHandler
                0x08002f30                TIM1_CC_IRQHandler
                0x08002f30                DMA2_Stream5_IRQHandler
                0x08002f30                JPEG_IRQHandler
                0x08002f30                DMA1_Stream5_IRQHandler
                0x08002f30                CAN3_RX1_IRQHandler
                0x08002f30                PVD_IRQHandler
                0x08002f30                TAMP_STAMP_IRQHandler
                0x08002f30                CAN2_RX1_IRQHandler
                0x08002f30                EXTI3_IRQHandler
                0x08002f30                TIM8_TRG_COM_TIM14_IRQHandler
                0x08002f30                DFSDM1_FLT1_IRQHandler
                0x08002f30                TIM1_UP_TIM10_IRQHandler
                0x08002f30                TIM8_UP_TIM13_IRQHandler
                0x08002f30                I2C3_ER_IRQHandler
                0x08002f30                DFSDM1_FLT2_IRQHandler
                0x08002f30                EXTI0_IRQHandler
                0x08002f30                I2C2_EV_IRQHandler
                0x08002f30                DMA1_Stream2_IRQHandler
                0x08002f30                CAN1_RX0_IRQHandler
                0x08002f30                FPU_IRQHandler
                0x08002f30                OTG_HS_WKUP_IRQHandler
                0x08002f30                CAN3_SCE_IRQHandler
                0x08002f30                LTDC_ER_IRQHandler
                0x08002f30                CAN2_SCE_IRQHandler
                0x08002f30                DMA2_Stream2_IRQHandler
                0x08002f30                SPI1_IRQHandler
                0x08002f30                TIM6_DAC_IRQHandler
                0x08002f30                TIM1_BRK_TIM9_IRQHandler
                0x08002f30                DCMI_IRQHandler
                0x08002f30                CAN2_RX0_IRQHandler
                0x08002f30                DMA2_Stream3_IRQHandler
                0x08002f30                SAI2_IRQHandler
                0x08002f30                DFSDM1_FLT3_IRQHandler
                0x08002f30                USART6_IRQHandler
                0x08002f30                CAN3_RX0_IRQHandler
                0x08002f30                USART3_IRQHandler
                0x08002f30                CAN1_RX1_IRQHandler
                0x08002f30                UART5_IRQHandler
                0x08002f30                DMA2_Stream0_IRQHandler
                0x08002f30                TIM4_IRQHandler
                0x08002f30                QUADSPI_IRQHandler
                0x08002f30                I2C1_EV_IRQHandler
                0x08002f30                DMA1_Stream6_IRQHandler
                0x08002f30                DMA1_Stream1_IRQHandler
                0x08002f30                UART4_IRQHandler
                0x08002f30                RCC_IRQHandler
                0x08002f30                TIM8_BRK_TIM12_IRQHandler
                0x08002f30                Default_Handler
                0x08002f30                CEC_IRQHandler
                0x08002f30                EXTI15_10_IRQHandler
                0x08002f30                ADC_IRQHandler
                0x08002f30                DMA1_Stream7_IRQHandler
                0x08002f30                SPI5_IRQHandler
                0x08002f30                TIM7_IRQHandler
                0x08002f30                SDMMC1_IRQHandler
                0x08002f30                CAN2_TX_IRQHandler
                0x08002f30                TIM5_IRQHandler
                0x08002f30                DMA2_Stream7_IRQHandler
                0x08002f30                I2C3_EV_IRQHandler
                0x08002f30                EXTI9_5_IRQHandler
                0x08002f30                RTC_WKUP_IRQHandler
                0x08002f30                LTDC_IRQHandler
                0x08002f30                ETH_WKUP_IRQHandler
                0x08002f30                SPDIF_RX_IRQHandler
                0x08002f30                SPI2_IRQHandler
                0x08002f30                OTG_HS_EP1_IN_IRQHandler
                0x08002f30                DMA1_Stream0_IRQHandler
                0x08002f30                CAN1_TX_IRQHandler
                0x08002f30                EXTI4_IRQHandler
                0x08002f30                RNG_IRQHandler
                0x08002f30                OTG_HS_EP1_OUT_IRQHandler
                0x08002f30                WWDG_IRQHandler
                0x08002f30                SPI6_IRQHandler
                0x08002f30                MDIOS_IRQHandler
                0x08002f30                I2C4_EV_IRQHandler
                0x08002f30                CAN3_TX_IRQHandler
                0x08002f30                OTG_FS_WKUP_IRQHandler
                0x08002f30                TIM1_TRG_COM_TIM11_IRQHandler
                0x08002f30                OTG_HS_IRQHandler
                0x08002f30                DMA2D_IRQHandler
                0x08002f30                EXTI1_IRQHandler
                0x08002f30                SDMMC2_IRQHandler
                0x08002f30                UART7_IRQHandler
                0x08002f30                USART2_IRQHandler
                0x08002f30                DFSDM1_FLT0_IRQHandler
                0x08002f30                I2C2_ER_IRQHandler
                0x08002f30                DMA2_Stream1_IRQHandler
                0x08002f30                CAN1_SCE_IRQHandler
                0x08002f30                FLASH_IRQHandler
                0x08002f30                DMA2_Stream4_IRQHandler
                0x08002f30                USART1_IRQHandler
                0x08002f30                OTG_FS_IRQHandler
                0x08002f30                SPI3_IRQHandler
                0x08002f30                DMA1_Stream4_IRQHandler
                0x08002f30                I2C1_ER_IRQHandler
                0x08002f30                FMC_IRQHandler
                0x08002f30                LPTIM1_IRQHandler
                0x08002f30                I2C4_ER_IRQHandler
                0x08002f30                DMA2_Stream6_IRQHandler
                0x08002f30                SAI1_IRQHandler
                0x08002f30                DMA1_Stream3_IRQHandler
 .text.__cxa_end_cleanup
                0x08002f32        0xc C:/ST/STM32CubeIDE_1.16.0/STM32CubeIDE/plugins/com.st.stm32cube.ide.mcu.externaltools.gnu-tools-for-stm32.13.3.rel1.win32_1.0.0.202411081344/tools/bin/../lib/gcc/arm-none-eabi/13.3.1/../../../../arm-none-eabi/lib/thumb/v7e-m+dp/hard\libstdc++_nano.a(eh_arm.o)
                0x08002f32                __cxa_end_cleanup
 .text._ZN10__cxxabiv1L24__is_gxx_exception_classEPc
                0x08002f3e       0x3a C:/ST/STM32CubeIDE_1.16.0/STM32CubeIDE/plugins/com.st.stm32cube.ide.mcu.externaltools.gnu-tools-for-stm32.13.3.rel1.win32_1.0.0.202411081344/tools/bin/../lib/gcc/arm-none-eabi/13.3.1/../../../../arm-none-eabi/lib/thumb/v7e-m+dp/hard\libstdc++_nano.a(eh_arm.o)
 .text.__cxa_type_match
                0x08002f78       0xa4 C:/ST/STM32CubeIDE_1.16.0/STM32CubeIDE/plugins/com.st.stm32cube.ide.mcu.externaltools.gnu-tools-for-stm32.13.3.rel1.win32_1.0.0.202411081344/tools/bin/../lib/gcc/arm-none-eabi/13.3.1/../../../../arm-none-eabi/lib/thumb/v7e-m+dp/hard\libstdc++_nano.a(eh_arm.o)
                0x08002f78                __cxa_type_match
 .text.__cxa_begin_cleanup
                0x0800301c       0x3a C:/ST/STM32CubeIDE_1.16.0/STM32CubeIDE/plugins/com.st.stm32cube.ide.mcu.externaltools.gnu-tools-for-stm32.13.3.rel1.win32_1.0.0.202411081344/tools/bin/../lib/gcc/arm-none-eabi/13.3.1/../../../../arm-none-eabi/lib/thumb/v7e-m+dp/hard\libstdc++_nano.a(eh_arm.o)
                0x0800301c                __cxa_begin_cleanup
 .text.__gnu_end_cleanup
                0x08003056       0x32 C:/ST/STM32CubeIDE_1.16.0/STM32CubeIDE/plugins/com.st.stm32cube.ide.mcu.externaltools.gnu-tools-for-stm32.13.3.rel1.win32_1.0.0.202411081344/tools/bin/../lib/gcc/arm-none-eabi/13.3.1/../../../../arm-none-eabi/lib/thumb/v7e-m+dp/hard\libstdc++_nano.a(eh_arm.o)
                0x08003056                __gnu_end_cleanup
 .text.__cxa_get_globals
                0x08003088        0x8 C:/ST/STM32CubeIDE_1.16.0/STM32CubeIDE/plugins/com.st.stm32cube.ide.mcu.externaltools.gnu-tools-for-stm32.13.3.rel1.win32_1.0.0.202411081344/tools/bin/../lib/gcc/arm-none-eabi/13.3.1/../../../../arm-none-eabi/lib/thumb/v7e-m+dp/hard\libstdc++_nano.a(eh_globals.o)
                0x08003088                __cxa_get_globals
 .text._ZL12read_uleb128PKhPm
                0x08003090       0x1e C:/ST/STM32CubeIDE_1.16.0/STM32CubeIDE/plugins/com.st.stm32cube.ide.mcu.externaltools.gnu-tools-for-stm32.13.3.rel1.win32_1.0.0.202411081344/tools/bin/../lib/gcc/arm-none-eabi/13.3.1/../../../../arm-none-eabi/lib/thumb/v7e-m+dp/hard\libstdc++_nano.a(eh_personality.o)
 .text._ZL12read_sleb128PKhPl
                0x080030ae       0x30 C:/ST/STM32CubeIDE_1.16.0/STM32CubeIDE/plugins/com.st.stm32cube.ide.mcu.externaltools.gnu-tools-for-stm32.13.3.rel1.win32_1.0.0.202411081344/tools/bin/../lib/gcc/arm-none-eabi/13.3.1/../../../../arm-none-eabi/lib/thumb/v7e-m+dp/hard\libstdc++_nano.a(eh_personality.o)
 .text._ZL28read_encoded_value_with_basehjPKhPj
                0x080030de       0x8c C:/ST/STM32CubeIDE_1.16.0/STM32CubeIDE/plugins/com.st.stm32cube.ide.mcu.externaltools.gnu-tools-for-stm32.13.3.rel1.win32_1.0.0.202411081344/tools/bin/../lib/gcc/arm-none-eabi/13.3.1/../../../../arm-none-eabi/lib/thumb/v7e-m+dp/hard\libstdc++_nano.a(eh_personality.o)
 .text._ZL21base_of_encoded_valuehP15_Unwind_Context
                0x0800316a       0x42 C:/ST/STM32CubeIDE_1.16.0/STM32CubeIDE/plugins/com.st.stm32cube.ide.mcu.externaltools.gnu-tools-for-stm32.13.3.rel1.win32_1.0.0.202411081344/tools/bin/../lib/gcc/arm-none-eabi/13.3.1/../../../../arm-none-eabi/lib/thumb/v7e-m+dp/hard\libstdc++_nano.a(eh_personality.o)
 .text._ZL18read_encoded_valueP15_Unwind_ContexthPKhPj
                0x080031ac       0x20 C:/ST/STM32CubeIDE_1.16.0/STM32CubeIDE/plugins/com.st.stm32cube.ide.mcu.externaltools.gnu-tools-for-stm32.13.3.rel1.win32_1.0.0.202411081344/tools/bin/../lib/gcc/arm-none-eabi/13.3.1/../../../../arm-none-eabi/lib/thumb/v7e-m+dp/hard\libstdc++_nano.a(eh_personality.o)
 .text._ZL17parse_lsda_headerP15_Unwind_ContextPKhP16lsda_header_info
                0x080031cc       0x5e C:/ST/STM32CubeIDE_1.16.0/STM32CubeIDE/plugins/com.st.stm32cube.ide.mcu.externaltools.gnu-tools-for-stm32.13.3.rel1.win32_1.0.0.202411081344/tools/bin/../lib/gcc/arm-none-eabi/13.3.1/../../../../arm-none-eabi/lib/thumb/v7e-m+dp/hard\libstdc++_nano.a(eh_personality.o)
 .text._Unwind_GetGR
                0x0800322a       0x18 C:/ST/STM32CubeIDE_1.16.0/STM32CubeIDE/plugins/com.st.stm32cube.ide.mcu.externaltools.gnu-tools-for-stm32.13.3.rel1.win32_1.0.0.202411081344/tools/bin/../lib/gcc/arm-none-eabi/13.3.1/../../../../arm-none-eabi/lib/thumb/v7e-m+dp/hard\libstdc++_nano.a(eh_personality.o)
 *fill*         0x08003242        0x2 
 .text.__gxx_personality_v0
                0x08003244      0x330 C:/ST/STM32CubeIDE_1.16.0/STM32CubeIDE/plugins/com.st.stm32cube.ide.mcu.externaltools.gnu-tools-for-stm32.13.3.rel1.win32_1.0.0.202411081344/tools/bin/../lib/gcc/arm-none-eabi/13.3.1/../../../../arm-none-eabi/lib/thumb/v7e-m+dp/hard\libstdc++_nano.a(eh_personality.o)
                0x08003244                __gxx_personality_v0
 .text._ZN10__cxxabiv111__terminateEPFvvE
                0x08003574        0x8 C:/ST/STM32CubeIDE_1.16.0/STM32CubeIDE/plugins/com.st.stm32cube.ide.mcu.externaltools.gnu-tools-for-stm32.13.3.rel1.win32_1.0.0.202411081344/tools/bin/../lib/gcc/arm-none-eabi/13.3.1/../../../../arm-none-eabi/lib/thumb/v7e-m+dp/hard\libstdc++_nano.a(eh_terminate.o)
                0x08003574                __cxxabiv1::__terminate(void (*)())
 .text._ZSt13get_terminatev
                0x0800357c       0x10 C:/ST/STM32CubeIDE_1.16.0/STM32CubeIDE/plugins/com.st.stm32cube.ide.mcu.externaltools.gnu-tools-for-stm32.13.3.rel1.win32_1.0.0.202411081344/tools/bin/../lib/gcc/arm-none-eabi/13.3.1/../../../../arm-none-eabi/lib/thumb/v7e-m+dp/hard\libstdc++_nano.a(eh_terminate.o)
                0x0800357c                std::get_terminate()
 .text._ZSt9terminatev
                0x0800358c        0xa C:/ST/STM32CubeIDE_1.16.0/STM32CubeIDE/plugins/com.st.stm32cube.ide.mcu.externaltools.gnu-tools-for-stm32.13.3.rel1.win32_1.0.0.202411081344/tools/bin/../lib/gcc/arm-none-eabi/13.3.1/../../../../arm-none-eabi/lib/thumb/v7e-m+dp/hard\libstdc++_nano.a(eh_terminate.o)
                0x0800358c                std::terminate()
 .text._ZN10__cxxabiv112__unexpectedEPFvvE
                0x08003596        0x8 C:/ST/STM32CubeIDE_1.16.0/STM32CubeIDE/plugins/com.st.stm32cube.ide.mcu.externaltools.gnu-tools-for-stm32.13.3.rel1.win32_1.0.0.202411081344/tools/bin/../lib/gcc/arm-none-eabi/13.3.1/../../../../arm-none-eabi/lib/thumb/v7e-m+dp/hard\libstdc++_nano.a(eh_terminate.o)
                0x08003596                __cxxabiv1::__unexpected(void (*)())
 *fill*         0x0800359e        0x2 
 .text._ZSt14get_unexpectedv
                0x080035a0       0x10 C:/ST/STM32CubeIDE_1.16.0/STM32CubeIDE/plugins/com.st.stm32cube.ide.mcu.externaltools.gnu-tools-for-stm32.13.3.rel1.win32_1.0.0.202411081344/tools/bin/../lib/gcc/arm-none-eabi/13.3.1/../../../../arm-none-eabi/lib/thumb/v7e-m+dp/hard\libstdc++_nano.a(eh_terminate.o)
                0x080035a0                std::get_unexpected()
 .text._ZSt10unexpectedv
                0x080035b0        0xa C:/ST/STM32CubeIDE_1.16.0/STM32CubeIDE/plugins/com.st.stm32cube.ide.mcu.externaltools.gnu-tools-for-stm32.13.3.rel1.win32_1.0.0.202411081344/tools/bin/../lib/gcc/arm-none-eabi/13.3.1/../../../../arm-none-eabi/lib/thumb/v7e-m+dp/hard\libstdc++_nano.a(eh_terminate.o)
                0x080035b0                std::unexpected()
 .text.__cxa_guard_acquire
                0x080035ba       0x18 C:/ST/STM32CubeIDE_1.16.0/STM32CubeIDE/plugins/com.st.stm32cube.ide.mcu.externaltools.gnu-tools-for-stm32.13.3.rel1.win32_1.0.0.202411081344/tools/bin/../lib/gcc/arm-none-eabi/13.3.1/../../../../arm-none-eabi/lib/thumb/v7e-m+dp/hard\libstdc++_nano.a(guard.o)
                0x080035ba                __cxa_guard_acquire
 .text.__cxa_guard_abort
                0x080035d2        0x6 C:/ST/STM32CubeIDE_1.16.0/STM32CubeIDE/plugins/com.st.stm32cube.ide.mcu.externaltools.gnu-tools-for-stm32.13.3.rel1.win32_1.0.0.202411081344/tools/bin/../lib/gcc/arm-none-eabi/13.3.1/../../../../arm-none-eabi/lib/thumb/v7e-m+dp/hard\libstdc++_nano.a(guard.o)
                0x080035d2                __cxa_guard_abort
 .text.__cxa_guard_release
                0x080035d8        0x6 C:/ST/STM32CubeIDE_1.16.0/STM32CubeIDE/plugins/com.st.stm32cube.ide.mcu.externaltools.gnu-tools-for-stm32.13.3.rel1.win32_1.0.0.202411081344/tools/bin/../lib/gcc/arm-none-eabi/13.3.1/../../../../arm-none-eabi/lib/thumb/v7e-m+dp/hard\libstdc++_nano.a(guard.o)
                0x080035d8                __cxa_guard_release
 *fill*         0x080035de        0x2 
 .text._ZN10__cxxabiv120__si_class_type_infoD2Ev
                0x080035e0       0x14 C:/ST/STM32CubeIDE_1.16.0/STM32CubeIDE/plugins/com.st.stm32cube.ide.mcu.externaltools.gnu-tools-for-stm32.13.3.rel1.win32_1.0.0.202411081344/tools/bin/../lib/gcc/arm-none-eabi/13.3.1/../../../../arm-none-eabi/lib/thumb/v7e-m+dp/hard\libstdc++_nano.a(si_class_type_info.o)
                0x080035e0                __cxxabiv1::__si_class_type_info::~__si_class_type_info()
                0x080035e0                __cxxabiv1::__si_class_type_info::~__si_class_type_info()
 .text._ZN10__cxxabiv120__si_class_type_infoD0Ev
                0x080035f4       0x14 C:/ST/STM32CubeIDE_1.16.0/STM32CubeIDE/plugins/com.st.stm32cube.ide.mcu.externaltools.gnu-tools-for-stm32.13.3.rel1.win32_1.0.0.202411081344/tools/bin/../lib/gcc/arm-none-eabi/13.3.1/../../../../arm-none-eabi/lib/thumb/v7e-m+dp/hard\libstdc++_nano.a(si_class_type_info.o)
                0x080035f4                __cxxabiv1::__si_class_type_info::~__si_class_type_info()
 .text._ZNK10__cxxabiv120__si_class_type_info20__do_find_public_srcEiPKvPKNS_17__class_type_infoES2_
                0x08003608       0x3c C:/ST/STM32CubeIDE_1.16.0/STM32CubeIDE/plugins/com.st.stm32cube.ide.mcu.externaltools.gnu-tools-for-stm32.13.3.rel1.win32_1.0.0.202411081344/tools/bin/../lib/gcc/arm-none-eabi/13.3.1/../../../../arm-none-eabi/lib/thumb/v7e-m+dp/hard\libstdc++_nano.a(si_class_type_info.o)
                0x08003608                __cxxabiv1::__si_class_type_info::__do_find_public_src(int, void const*, __cxxabiv1::__class_type_info const*, void const*) const
 .text._ZNK10__cxxabiv120__si_class_type_info12__do_dyncastEiNS_17__class_type_info10__sub_kindEPKS1_PKvS4_S6_RNS1_16__dyncast_resultE
                0x08003644       0x74 C:/ST/STM32CubeIDE_1.16.0/STM32CubeIDE/plugins/com.st.stm32cube.ide.mcu.externaltools.gnu-tools-for-stm32.13.3.rel1.win32_1.0.0.202411081344/tools/bin/../lib/gcc/arm-none-eabi/13.3.1/../../../../arm-none-eabi/lib/thumb/v7e-m+dp/hard\libstdc++_nano.a(si_class_type_info.o)
                0x08003644                __cxxabiv1::__si_class_type_info::__do_dyncast(int, __cxxabiv1::__class_type_info::__sub_kind, __cxxabiv1::__class_type_info const*, void const*, __cxxabiv1::__class_type_info const*, void const*, __cxxabiv1::__class_type_info::__dyncast_result&) const
 .text._ZNK10__cxxabiv120__si_class_type_info11__do_upcastEPKNS_17__class_type_infoEPKvRNS1_15__upcast_resultE
                0x080036b8       0x2a C:/ST/STM32CubeIDE_1.16.0/STM32CubeIDE/plugins/com.st.stm32cube.ide.mcu.externaltools.gnu-tools-for-stm32.13.3.rel1.win32_1.0.0.202411081344/tools/bin/../lib/gcc/arm-none-eabi/13.3.1/../../../../arm-none-eabi/lib/thumb/v7e-m+dp/hard\libstdc++_nano.a(si_class_type_info.o)
                0x080036b8                __cxxabiv1::__si_class_type_info::__do_upcast(__cxxabiv1::__class_type_info const*, void const*, __cxxabiv1::__class_type_info::__upcast_result&) const
 .text._ZNSt9type_infoD2Ev
                0x080036e2        0x2 C:/ST/STM32CubeIDE_1.16.0/STM32CubeIDE/plugins/com.st.stm32cube.ide.mcu.externaltools.gnu-tools-for-stm32.13.3.rel1.win32_1.0.0.202411081344/tools/bin/../lib/gcc/arm-none-eabi/13.3.1/../../../../arm-none-eabi/lib/thumb/v7e-m+dp/hard\libstdc++_nano.a(tinfo.o)
                0x080036e2                std::type_info::~type_info()
                0x080036e2                std::type_info::~type_info()
 .text._ZNKSt9type_info14__is_pointer_pEv
                0x080036e4        0x4 C:/ST/STM32CubeIDE_1.16.0/STM32CubeIDE/plugins/com.st.stm32cube.ide.mcu.externaltools.gnu-tools-for-stm32.13.3.rel1.win32_1.0.0.202411081344/tools/bin/../lib/gcc/arm-none-eabi/13.3.1/../../../../arm-none-eabi/lib/thumb/v7e-m+dp/hard\libstdc++_nano.a(tinfo.o)
                0x080036e4                std::type_info::__is_pointer_p() const
                0x080036e4                std::type_info::__is_function_p() const
 .text._ZNKSt9type_infoeqERKS_
                0x080036e8       0x2c C:/ST/STM32CubeIDE_1.16.0/STM32CubeIDE/plugins/com.st.stm32cube.ide.mcu.externaltools.gnu-tools-for-stm32.13.3.rel1.win32_1.0.0.202411081344/tools/bin/../lib/gcc/arm-none-eabi/13.3.1/../../../../arm-none-eabi/lib/thumb/v7e-m+dp/hard\libstdc++_nano.a(tinfo.o)
                0x080036e8                std::type_info::operator==(std::type_info const&) const
                0x080036e8                std::type_info::__equal(std::type_info const&) const
 .text._ZNK10__cxxabiv117__class_type_info11__do_upcastEPKS0_PPv
                0x08003714       0x32 C:/ST/STM32CubeIDE_1.16.0/STM32CubeIDE/plugins/com.st.stm32cube.ide.mcu.externaltools.gnu-tools-for-stm32.13.3.rel1.win32_1.0.0.202411081344/tools/bin/../lib/gcc/arm-none-eabi/13.3.1/../../../../arm-none-eabi/lib/thumb/v7e-m+dp/hard\libstdc++_nano.a(class_type_info.o)
                0x08003714                __cxxabiv1::__class_type_info::__do_upcast(__cxxabiv1::__class_type_info const*, void**) const
 .text._ZNK10__cxxabiv117__class_type_info20__do_find_public_srcEiPKvPKS0_S2_
                0x08003746        0xc C:/ST/STM32CubeIDE_1.16.0/STM32CubeIDE/plugins/com.st.stm32cube.ide.mcu.externaltools.gnu-tools-for-stm32.13.3.rel1.win32_1.0.0.202411081344/tools/bin/../lib/gcc/arm-none-eabi/13.3.1/../../../../arm-none-eabi/lib/thumb/v7e-m+dp/hard\libstdc++_nano.a(class_type_info.o)
                0x08003746                __cxxabiv1::__class_type_info::__do_find_public_src(int, void const*, __cxxabiv1::__class_type_info const*, void const*) const
 *fill*         0x08003752        0x2 
 .text._ZN10__cxxabiv117__class_type_infoD2Ev
                0x08003754       0x14 C:/ST/STM32CubeIDE_1.16.0/STM32CubeIDE/plugins/com.st.stm32cube.ide.mcu.externaltools.gnu-tools-for-stm32.13.3.rel1.win32_1.0.0.202411081344/tools/bin/../lib/gcc/arm-none-eabi/13.3.1/../../../../arm-none-eabi/lib/thumb/v7e-m+dp/hard\libstdc++_nano.a(class_type_info.o)
                0x08003754                __cxxabiv1::__class_type_info::~__class_type_info()
                0x08003754                __cxxabiv1::__class_type_info::~__class_type_info()
 .text._ZN10__cxxabiv117__class_type_infoD0Ev
                0x08003768       0x14 C:/ST/STM32CubeIDE_1.16.0/STM32CubeIDE/plugins/com.st.stm32cube.ide.mcu.externaltools.gnu-tools-for-stm32.13.3.rel1.win32_1.0.0.202411081344/tools/bin/../lib/gcc/arm-none-eabi/13.3.1/../../../../arm-none-eabi/lib/thumb/v7e-m+dp/hard\libstdc++_nano.a(class_type_info.o)
                0x08003768                __cxxabiv1::__class_type_info::~__class_type_info()
 .text._ZNK10__cxxabiv117__class_type_info12__do_dyncastEiNS0_10__sub_kindEPKS0_PKvS3_S5_RNS0_16__dyncast_resultE
                0x0800377c       0x3e C:/ST/STM32CubeIDE_1.16.0/STM32CubeIDE/plugins/com.st.stm32cube.ide.mcu.externaltools.gnu-tools-for-stm32.13.3.rel1.win32_1.0.0.202411081344/tools/bin/../lib/gcc/arm-none-eabi/13.3.1/../../../../arm-none-eabi/lib/thumb/v7e-m+dp/hard\libstdc++_nano.a(class_type_info.o)
                0x0800377c                __cxxabiv1::__class_type_info::__do_dyncast(int, __cxxabiv1::__class_type_info::__sub_kind, __cxxabiv1::__class_type_info const*, void const*, __cxxabiv1::__class_type_info const*, void const*, __cxxabiv1::__class_type_info::__dyncast_result&) const
 .text._ZNK10__cxxabiv117__class_type_info11__do_upcastEPKS0_PKvRNS0_15__upcast_resultE
                0x080037ba       0x18 C:/ST/STM32CubeIDE_1.16.0/STM32CubeIDE/plugins/com.st.stm32cube.ide.mcu.externaltools.gnu-tools-for-stm32.13.3.rel1.win32_1.0.0.202411081344/tools/bin/../lib/gcc/arm-none-eabi/13.3.1/../../../../arm-none-eabi/lib/thumb/v7e-m+dp/hard\libstdc++_nano.a(class_type_info.o)
                0x080037ba                __cxxabiv1::__class_type_info::__do_upcast(__cxxabiv1::__class_type_info const*, void const*, __cxxabiv1::__class_type_info::__upcast_result&) const
 .text._ZNK10__cxxabiv117__class_type_info10__do_catchEPKSt9type_infoPPvj
                0x080037d2       0x2a C:/ST/STM32CubeIDE_1.16.0/STM32CubeIDE/plugins/com.st.stm32cube.ide.mcu.externaltools.gnu-tools-for-stm32.13.3.rel1.win32_1.0.0.202411081344/tools/bin/../lib/gcc/arm-none-eabi/13.3.1/../../../../arm-none-eabi/lib/thumb/v7e-m+dp/hard\libstdc++_nano.a(class_type_info.o)
                0x080037d2                __cxxabiv1::__class_type_info::__do_catch(std::type_info const*, void**, unsigned int) const
 .text._ZdlPvj  0x080037fc        0x4 C:/ST/STM32CubeIDE_1.16.0/STM32CubeIDE/plugins/com.st.stm32cube.ide.mcu.externaltools.gnu-tools-for-stm32.13.3.rel1.win32_1.0.0.202411081344/tools/bin/../lib/gcc/arm-none-eabi/13.3.1/../../../../arm-none-eabi/lib/thumb/v7e-m+dp/hard\libstdc++_nano.a(del_ops.o)
                0x080037fc                operator delete(void*, unsigned int)
 .text._ZN10__cxxabiv1L24__is_gxx_exception_classEPc
                0x08003800       0x3a C:/ST/STM32CubeIDE_1.16.0/STM32CubeIDE/plugins/com.st.stm32cube.ide.mcu.externaltools.gnu-tools-for-stm32.13.3.rel1.win32_1.0.0.202411081344/tools/bin/../lib/gcc/arm-none-eabi/13.3.1/../../../../arm-none-eabi/lib/thumb/v7e-m+dp/hard\libstdc++_nano.a(eh_call.o)
 .text.__cxa_call_terminate
                0x0800383a       0x1e C:/ST/STM32CubeIDE_1.16.0/STM32CubeIDE/plugins/com.st.stm32cube.ide.mcu.externaltools.gnu-tools-for-stm32.13.3.rel1.win32_1.0.0.202411081344/tools/bin/../lib/gcc/arm-none-eabi/13.3.1/../../../../arm-none-eabi/lib/thumb/v7e-m+dp/hard\libstdc++_nano.a(eh_call.o)
                0x0800383a                __cxa_call_terminate
 .text.__cxa_call_unexpected
                0x08003858       0x28 C:/ST/STM32CubeIDE_1.16.0/STM32CubeIDE/plugins/com.st.stm32cube.ide.mcu.externaltools.gnu-tools-for-stm32.13.3.rel1.win32_1.0.0.202411081344/tools/bin/../lib/gcc/arm-none-eabi/13.3.1/../../../../arm-none-eabi/lib/thumb/v7e-m+dp/hard\libstdc++_nano.a(eh_call.o)
                0x08003858                __cxa_call_unexpected
 .text._ZN10__cxxabiv1L24__is_gxx_exception_classEPc
                0x08003880       0x3a C:/ST/STM32CubeIDE_1.16.0/STM32CubeIDE/plugins/com.st.stm32cube.ide.mcu.externaltools.gnu-tools-for-stm32.13.3.rel1.win32_1.0.0.202411081344/tools/bin/../lib/gcc/arm-none-eabi/13.3.1/../../../../arm-none-eabi/lib/thumb/v7e-m+dp/hard\libstdc++_nano.a(eh_catch.o)
 .text.__cxa_begin_catch
                0x080038ba       0x52 C:/ST/STM32CubeIDE_1.16.0/STM32CubeIDE/plugins/com.st.stm32cube.ide.mcu.externaltools.gnu-tools-for-stm32.13.3.rel1.win32_1.0.0.202411081344/tools/bin/../lib/gcc/arm-none-eabi/13.3.1/../../../../arm-none-eabi/lib/thumb/v7e-m+dp/hard\libstdc++_nano.a(eh_catch.o)
                0x080038ba                __cxa_begin_catch
 .text._ZdlPv   0x0800390c        0x4 C:/ST/STM32CubeIDE_1.16.0/STM32CubeIDE/plugins/com.st.stm32cube.ide.mcu.externaltools.gnu-tools-for-stm32.13.3.rel1.win32_1.0.0.202411081344/tools/bin/../lib/gcc/arm-none-eabi/13.3.1/../../../../arm-none-eabi/lib/thumb/v7e-m+dp/hard\libstdc++_nano.a(del_op.o)
                0x0800390c                operator delete(void*)
 .text.abort    0x08003910        0xe C:/ST/STM32CubeIDE_1.16.0/STM32CubeIDE/plugins/com.st.stm32cube.ide.mcu.externaltools.gnu-tools-for-stm32.13.3.rel1.win32_1.0.0.202411081344/tools/bin/../lib/gcc/arm-none-eabi/13.3.1/../../../../arm-none-eabi/lib/thumb/v7e-m+dp/hard\libc_nano.a(libc_a-abort.o)
                0x08003910                abort
 *fill*         0x0800391e        0x2 
 .text.free     0x08003920       0x10 C:/ST/STM32CubeIDE_1.16.0/STM32CubeIDE/plugins/com.st.stm32cube.ide.mcu.externaltools.gnu-tools-for-stm32.13.3.rel1.win32_1.0.0.202411081344/tools/bin/../lib/gcc/arm-none-eabi/13.3.1/../../../../arm-none-eabi/lib/thumb/v7e-m+dp/hard\libc_nano.a(libc_a-malloc.o)
                0x08003920                free
 .text.__malloc_lock
                0x08003930        0xc C:/ST/STM32CubeIDE_1.16.0/STM32CubeIDE/plugins/com.st.stm32cube.ide.mcu.externaltools.gnu-tools-for-stm32.13.3.rel1.win32_1.0.0.202411081344/tools/bin/../lib/gcc/arm-none-eabi/13.3.1/../../../../arm-none-eabi/lib/thumb/v7e-m+dp/hard\libc_nano.a(libc_a-mlock.o)
                0x08003930                __malloc_lock
 .text.__malloc_unlock
                0x0800393c        0xc C:/ST/STM32CubeIDE_1.16.0/STM32CubeIDE/plugins/com.st.stm32cube.ide.mcu.externaltools.gnu-tools-for-stm32.13.3.rel1.win32_1.0.0.202411081344/tools/bin/../lib/gcc/arm-none-eabi/13.3.1/../../../../arm-none-eabi/lib/thumb/v7e-m+dp/hard\libc_nano.a(libc_a-mlock.o)
                0x0800393c                __malloc_unlock
 .text.memcmp   0x08003948       0x20 C:/ST/STM32CubeIDE_1.16.0/STM32CubeIDE/plugins/com.st.stm32cube.ide.mcu.externaltools.gnu-tools-for-stm32.13.3.rel1.win32_1.0.0.202411081344/tools/bin/../lib/gcc/arm-none-eabi/13.3.1/../../../../arm-none-eabi/lib/thumb/v7e-m+dp/hard\libc_nano.a(libc_a-memcmp.o)
                0x08003948                memcmp
 .text.memset   0x08003968       0x10 C:/ST/STM32CubeIDE_1.16.0/STM32CubeIDE/plugins/com.st.stm32cube.ide.mcu.externaltools.gnu-tools-for-stm32.13.3.rel1.win32_1.0.0.202411081344/tools/bin/../lib/gcc/arm-none-eabi/13.3.1/../../../../arm-none-eabi/lib/thumb/v7e-m+dp/hard\libc_nano.a(libc_a-memset.o)
                0x08003968                memset
 .text._raise_r
                0x08003978       0x50 C:/ST/STM32CubeIDE_1.16.0/STM32CubeIDE/plugins/com.st.stm32cube.ide.mcu.externaltools.gnu-tools-for-stm32.13.3.rel1.win32_1.0.0.202411081344/tools/bin/../lib/gcc/arm-none-eabi/13.3.1/../../../../arm-none-eabi/lib/thumb/v7e-m+dp/hard\libc_nano.a(libc_a-signal.o)
                0x08003978                _raise_r
 .text.raise    0x080039c8       0x10 C:/ST/STM32CubeIDE_1.16.0/STM32CubeIDE/plugins/com.st.stm32cube.ide.mcu.externaltools.gnu-tools-for-stm32.13.3.rel1.win32_1.0.0.202411081344/tools/bin/../lib/gcc/arm-none-eabi/13.3.1/../../../../arm-none-eabi/lib/thumb/v7e-m+dp/hard\libc_nano.a(libc_a-signal.o)
                0x080039c8                raise
 .text._kill_r  0x080039d8       0x24 C:/ST/STM32CubeIDE_1.16.0/STM32CubeIDE/plugins/com.st.stm32cube.ide.mcu.externaltools.gnu-tools-for-stm32.13.3.rel1.win32_1.0.0.202411081344/tools/bin/../lib/gcc/arm-none-eabi/13.3.1/../../../../arm-none-eabi/lib/thumb/v7e-m+dp/hard\libc_nano.a(libc_a-signalr.o)
                0x080039d8                _kill_r
 .text._getpid_r
                0x080039fc        0x4 C:/ST/STM32CubeIDE_1.16.0/STM32CubeIDE/plugins/com.st.stm32cube.ide.mcu.externaltools.gnu-tools-for-stm32.13.3.rel1.win32_1.0.0.202411081344/tools/bin/../lib/gcc/arm-none-eabi/13.3.1/../../../../arm-none-eabi/lib/thumb/v7e-m+dp/hard\libc_nano.a(libc_a-signalr.o)
                0x080039fc                _getpid_r
 .text.__errno  0x08003a00        0xc C:/ST/STM32CubeIDE_1.16.0/STM32CubeIDE/plugins/com.st.stm32cube.ide.mcu.externaltools.gnu-tools-for-stm32.13.3.rel1.win32_1.0.0.202411081344/tools/bin/../lib/gcc/arm-none-eabi/13.3.1/../../../../arm-none-eabi/lib/thumb/v7e-m+dp/hard\libc_nano.a(libc_a-errno.o)
                0x08003a00                __errno
 .text.__libc_init_array
                0x08003a0c       0x48 C:/ST/STM32CubeIDE_1.16.0/STM32CubeIDE/plugins/com.st.stm32cube.ide.mcu.externaltools.gnu-tools-for-stm32.13.3.rel1.win32_1.0.0.202411081344/tools/bin/../lib/gcc/arm-none-eabi/13.3.1/../../../../arm-none-eabi/lib/thumb/v7e-m+dp/hard\libc_nano.a(libc_a-init.o)
                0x08003a0c                __libc_init_array
 .text.__retarget_lock_acquire_recursive
                0x08003a54        0x2 C:/ST/STM32CubeIDE_1.16.0/STM32CubeIDE/plugins/com.st.stm32cube.ide.mcu.externaltools.gnu-tools-for-stm32.13.3.rel1.win32_1.0.0.202411081344/tools/bin/../lib/gcc/arm-none-eabi/13.3.1/../../../../arm-none-eabi/lib/thumb/v7e-m+dp/hard\libc_nano.a(libc_a-lock.o)
                0x08003a54                __retarget_lock_acquire_recursive
 .text.__retarget_lock_release_recursive
                0x08003a56        0x2 C:/ST/STM32CubeIDE_1.16.0/STM32CubeIDE/plugins/com.st.stm32cube.ide.mcu.externaltools.gnu-tools-for-stm32.13.3.rel1.win32_1.0.0.202411081344/tools/bin/../lib/gcc/arm-none-eabi/13.3.1/../../../../arm-none-eabi/lib/thumb/v7e-m+dp/hard\libc_nano.a(libc_a-lock.o)
                0x08003a56                __retarget_lock_release_recursive
 .text.memcpy   0x08003a58       0x1c C:/ST/STM32CubeIDE_1.16.0/STM32CubeIDE/plugins/com.st.stm32cube.ide.mcu.externaltools.gnu-tools-for-stm32.13.3.rel1.win32_1.0.0.202411081344/tools/bin/../lib/gcc/arm-none-eabi/13.3.1/../../../../arm-none-eabi/lib/thumb/v7e-m+dp/hard\libc_nano.a(libc_a-memcpy-stub.o)
                0x08003a58                memcpy
 .text._free_r  0x08003a74       0x94 C:/ST/STM32CubeIDE_1.16.0/STM32CubeIDE/plugins/com.st.stm32cube.ide.mcu.externaltools.gnu-tools-for-stm32.13.3.rel1.win32_1.0.0.202411081344/tools/bin/../lib/gcc/arm-none-eabi/13.3.1/../../../../arm-none-eabi/lib/thumb/v7e-m+dp/hard\libc_nano.a(libc_a-freer.o)
                0x08003a74                _free_r
 .text.unlikely
                0x08003b08        0xc C:/ST/STM32CubeIDE_1.16.0/STM32CubeIDE/plugins/com.st.stm32cube.ide.mcu.externaltools.gnu-tools-for-stm32.13.3.rel1.win32_1.0.0.202411081344/tools/bin/../lib/gcc/arm-none-eabi/13.3.1/thumb/v7e-m+dp/hard\libgcc.a(pr-support.o)
                0x08003b08                _Unwind_GetDataRelBase
                0x08003b0e                _Unwind_GetTextRelBase
 *(.glue_7)
 .glue_7        0x08003b14        0x0 linker stubs
 *(.glue_7t)
 .glue_7t       0x08003b14        0x0 linker stubs
 *(.eh_frame)
 .eh_frame      0x08003b14        0x0 C:/ST/STM32CubeIDE_1.16.0/STM32CubeIDE/plugins/com.st.stm32cube.ide.mcu.externaltools.gnu-tools-for-stm32.13.3.rel1.win32_1.0.0.202411081344/tools/bin/../lib/gcc/arm-none-eabi/13.3.1/thumb/v7e-m+dp/hard/crtbegin.o
 *(.init)
 .init          0x08003b14        0x4 C:/ST/STM32CubeIDE_1.16.0/STM32CubeIDE/plugins/com.st.stm32cube.ide.mcu.externaltools.gnu-tools-for-stm32.13.3.rel1.win32_1.0.0.202411081344/tools/bin/../lib/gcc/arm-none-eabi/13.3.1/thumb/v7e-m+dp/hard/crti.o
                0x08003b14                _init
 .init          0x08003b18        0x8 C:/ST/STM32CubeIDE_1.16.0/STM32CubeIDE/plugins/com.st.stm32cube.ide.mcu.externaltools.gnu-tools-for-stm32.13.3.rel1.win32_1.0.0.202411081344/tools/bin/../lib/gcc/arm-none-eabi/13.3.1/thumb/v7e-m+dp/hard/crtn.o
 *(.fini)
 .fini          0x08003b20        0x4 C:/ST/STM32CubeIDE_1.16.0/STM32CubeIDE/plugins/com.st.stm32cube.ide.mcu.externaltools.gnu-tools-for-stm32.13.3.rel1.win32_1.0.0.202411081344/tools/bin/../lib/gcc/arm-none-eabi/13.3.1/thumb/v7e-m+dp/hard/crti.o
                0x08003b20                _fini
 .fini          0x08003b24        0x8 C:/ST/STM32CubeIDE_1.16.0/STM32CubeIDE/plugins/com.st.stm32cube.ide.mcu.externaltools.gnu-tools-for-stm32.13.3.rel1.win32_1.0.0.202411081344/tools/bin/../lib/gcc/arm-none-eabi/13.3.1/thumb/v7e-m+dp/hard/crtn.o
                0x08003b2c                        . = ALIGN (0x4)
                0x08003b2c                        _etext = .

.vfp11_veneer   0x08003b2c        0x0
 .vfp11_veneer  0x08003b2c        0x0 linker stubs

.v4_bx          0x08003b2c        0x0
 .v4_bx         0x08003b2c        0x0 linker stubs

.iplt           0x08003b2c        0x0
 .iplt          0x08003b2c        0x0 C:/ST/STM32CubeIDE_1.16.0/STM32CubeIDE/plugins/com.st.stm32cube.ide.mcu.externaltools.gnu-tools-for-stm32.13.3.rel1.win32_1.0.0.202411081344/tools/bin/../lib/gcc/arm-none-eabi/13.3.1/thumb/v7e-m+dp/hard/crtbegin.o

.rodata         0x08003b2c      0x138
                0x08003b2c                        . = ALIGN (0x4)
 *(.rodata)
 *(.rodata*)
 .rodata.AHBPrescTable
                0x08003b2c       0x10 ./Core/Src/system_stm32f7xx.o
                0x08003b2c                AHBPrescTable
 .rodata._ZTSN10__cxxabiv115__forced_unwindE
                0x08003b3c       0x20 C:/ST/STM32CubeIDE_1.16.0/STM32CubeIDE/plugins/com.st.stm32cube.ide.mcu.externaltools.gnu-tools-for-stm32.13.3.rel1.win32_1.0.0.202411081344/tools/bin/../lib/gcc/arm-none-eabi/13.3.1/../../../../arm-none-eabi/lib/thumb/v7e-m+dp/hard\libstdc++_nano.a(eh_exception.o)
                0x08003b3c                typeinfo name for __cxxabiv1::__forced_unwind
 .rodata._ZTIN10__cxxabiv115__forced_unwindE
                0x08003b5c        0x8 C:/ST/STM32CubeIDE_1.16.0/STM32CubeIDE/plugins/com.st.stm32cube.ide.mcu.externaltools.gnu-tools-for-stm32.13.3.rel1.win32_1.0.0.202411081344/tools/bin/../lib/gcc/arm-none-eabi/13.3.1/../../../../arm-none-eabi/lib/thumb/v7e-m+dp/hard\libstdc++_nano.a(eh_exception.o)
                0x08003b5c                typeinfo for __cxxabiv1::__forced_unwind
 .rodata._ZTSN10__cxxabiv119__foreign_exceptionE
                0x08003b64       0x24 C:/ST/STM32CubeIDE_1.16.0/STM32CubeIDE/plugins/com.st.stm32cube.ide.mcu.externaltools.gnu-tools-for-stm32.13.3.rel1.win32_1.0.0.202411081344/tools/bin/../lib/gcc/arm-none-eabi/13.3.1/../../../../arm-none-eabi/lib/thumb/v7e-m+dp/hard\libstdc++_nano.a(eh_exception.o)
                0x08003b64                typeinfo name for __cxxabiv1::__foreign_exception
 .rodata._ZTIN10__cxxabiv119__foreign_exceptionE
                0x08003b88        0x8 C:/ST/STM32CubeIDE_1.16.0/STM32CubeIDE/plugins/com.st.stm32cube.ide.mcu.externaltools.gnu-tools-for-stm32.13.3.rel1.win32_1.0.0.202411081344/tools/bin/../lib/gcc/arm-none-eabi/13.3.1/../../../../arm-none-eabi/lib/thumb/v7e-m+dp/hard\libstdc++_nano.a(eh_exception.o)
                0x08003b88                typeinfo for __cxxabiv1::__foreign_exception
 .rodata._ZTSN10__cxxabiv120__si_class_type_infoE
                0x08003b90       0x25 C:/ST/STM32CubeIDE_1.16.0/STM32CubeIDE/plugins/com.st.stm32cube.ide.mcu.externaltools.gnu-tools-for-stm32.13.3.rel1.win32_1.0.0.202411081344/tools/bin/../lib/gcc/arm-none-eabi/13.3.1/../../../../arm-none-eabi/lib/thumb/v7e-m+dp/hard\libstdc++_nano.a(si_class_type_info.o)
                0x08003b90                typeinfo name for __cxxabiv1::__si_class_type_info
 *fill*         0x08003bb5        0x3 
 .rodata._ZTIN10__cxxabiv120__si_class_type_infoE
                0x08003bb8        0xc C:/ST/STM32CubeIDE_1.16.0/STM32CubeIDE/plugins/com.st.stm32cube.ide.mcu.externaltools.gnu-tools-for-stm32.13.3.rel1.win32_1.0.0.202411081344/tools/bin/../lib/gcc/arm-none-eabi/13.3.1/../../../../arm-none-eabi/lib/thumb/v7e-m+dp/hard\libstdc++_nano.a(si_class_type_info.o)
                0x08003bb8                typeinfo for __cxxabiv1::__si_class_type_info
 .rodata._ZTVN10__cxxabiv120__si_class_type_infoE
                0x08003bc4       0x2c C:/ST/STM32CubeIDE_1.16.0/STM32CubeIDE/plugins/com.st.stm32cube.ide.mcu.externaltools.gnu-tools-for-stm32.13.3.rel1.win32_1.0.0.202411081344/tools/bin/../lib/gcc/arm-none-eabi/13.3.1/../../../../arm-none-eabi/lib/thumb/v7e-m+dp/hard\libstdc++_nano.a(si_class_type_info.o)
                0x08003bc4                vtable for __cxxabiv1::__si_class_type_info
 .rodata._ZTSSt9type_info
                0x08003bf0        0xd C:/ST/STM32CubeIDE_1.16.0/STM32CubeIDE/plugins/com.st.stm32cube.ide.mcu.externaltools.gnu-tools-for-stm32.13.3.rel1.win32_1.0.0.202411081344/tools/bin/../lib/gcc/arm-none-eabi/13.3.1/../../../../arm-none-eabi/lib/thumb/v7e-m+dp/hard\libstdc++_nano.a(tinfo.o)
                0x08003bf0                typeinfo name for std::type_info
 *fill*         0x08003bfd        0x3 
 .rodata._ZTISt9type_info
                0x08003c00        0x8 C:/ST/STM32CubeIDE_1.16.0/STM32CubeIDE/plugins/com.st.stm32cube.ide.mcu.externaltools.gnu-tools-for-stm32.13.3.rel1.win32_1.0.0.202411081344/tools/bin/../lib/gcc/arm-none-eabi/13.3.1/../../../../arm-none-eabi/lib/thumb/v7e-m+dp/hard\libstdc++_nano.a(tinfo.o)
                0x08003c00                typeinfo for std::type_info
 .rodata._ZTSN10__cxxabiv117__class_type_infoE
                0x08003c08       0x22 C:/ST/STM32CubeIDE_1.16.0/STM32CubeIDE/plugins/com.st.stm32cube.ide.mcu.externaltools.gnu-tools-for-stm32.13.3.rel1.win32_1.0.0.202411081344/tools/bin/../lib/gcc/arm-none-eabi/13.3.1/../../../../arm-none-eabi/lib/thumb/v7e-m+dp/hard\libstdc++_nano.a(class_type_info.o)
                0x08003c08                typeinfo name for __cxxabiv1::__class_type_info
 *fill*         0x08003c2a        0x2 
 .rodata._ZTIN10__cxxabiv117__class_type_infoE
                0x08003c2c        0xc C:/ST/STM32CubeIDE_1.16.0/STM32CubeIDE/plugins/com.st.stm32cube.ide.mcu.externaltools.gnu-tools-for-stm32.13.3.rel1.win32_1.0.0.202411081344/tools/bin/../lib/gcc/arm-none-eabi/13.3.1/../../../../arm-none-eabi/lib/thumb/v7e-m+dp/hard\libstdc++_nano.a(class_type_info.o)
                0x08003c2c                typeinfo for __cxxabiv1::__class_type_info
 .rodata._ZTVN10__cxxabiv117__class_type_infoE
                0x08003c38       0x2c C:/ST/STM32CubeIDE_1.16.0/STM32CubeIDE/plugins/com.st.stm32cube.ide.mcu.externaltools.gnu-tools-for-stm32.13.3.rel1.win32_1.0.0.202411081344/tools/bin/../lib/gcc/arm-none-eabi/13.3.1/../../../../arm-none-eabi/lib/thumb/v7e-m+dp/hard\libstdc++_nano.a(class_type_info.o)
                0x08003c38                vtable for __cxxabiv1::__class_type_info
                0x08003c64                        . = ALIGN (0x4)

.ARM.extab      0x08003c64       0x40
                0x08003c64                        . = ALIGN (0x4)
 *(.ARM.extab* .gnu.linkonce.armextab.*)
 .ARM.extab.text._Z12ETH_RxWorkerv
                0x08003c64       0x19 ./Core/Src/mcore_eth.o
 *fill*         0x08003c7d        0x3 
 .ARM.extab.text._Z14NET_ProcessUDPP10ipv4_frame
                0x08003c80        0xc ./Core/Src/mcore_net.o
 .ARM.extab     0x08003c8c       0x18 C:/ST/STM32CubeIDE_1.16.0/STM32CubeIDE/plugins/com.st.stm32cube.ide.mcu.externaltools.gnu-tools-for-stm32.13.3.rel1.win32_1.0.0.202411081344/tools/bin/../lib/gcc/arm-none-eabi/13.3.1/thumb/v7e-m+dp/hard\libgcc.a(pr-support.o)
                0x08003ca4                        . = ALIGN (0x4)

.ARM            0x08003ca4      0x180
                0x08003ca4                        . = ALIGN (0x4)
                0x08003ca4                        __exidx_start = .
 *(.ARM.exidx*)
 .ARM.exidx     0x08003ca4        0x8 C:/ST/STM32CubeIDE_1.16.0/STM32CubeIDE/plugins/com.st.stm32cube.ide.mcu.externaltools.gnu-tools-for-stm32.13.3.rel1.win32_1.0.0.202411081344/tools/bin/../lib/gcc/arm-none-eabi/13.3.1/../../../../arm-none-eabi/lib/thumb/v7e-m+dp/hard\libc_nano.a(libc_a-strcmp.o)
 .ARM.exidx     0x08003cac       0x78 C:/ST/STM32CubeIDE_1.16.0/STM32CubeIDE/plugins/com.st.stm32cube.ide.mcu.externaltools.gnu-tools-for-stm32.13.3.rel1.win32_1.0.0.202411081344/tools/bin/../lib/gcc/arm-none-eabi/13.3.1/thumb/v7e-m+dp/hard\libgcc.a(unwind-arm.o)
                                 0xd8 (size before relaxing)
 .ARM.exidx     0x08003d24       0x30 C:/ST/STM32CubeIDE_1.16.0/STM32CubeIDE/plugins/com.st.stm32cube.ide.mcu.externaltools.gnu-tools-for-stm32.13.3.rel1.win32_1.0.0.202411081344/tools/bin/../lib/gcc/arm-none-eabi/13.3.1/thumb/v7e-m+dp/hard\libgcc.a(pr-support.o)
                                 0x38 (size before relaxing)
 .ARM.exidx.text.SCB_EnableICache
                0x08003d54        0x8 ./Core/Src/main.o
 .ARM.exidx.text.SCB_EnableDCache
                0x08003d5c        0x0 ./Core/Src/main.o
                                  0x8 (size before relaxing)
 .ARM.exidx.text.TIM2_IRQHandler
                0x08003d5c        0x0 ./Core/Src/main.o
                                  0x8 (size before relaxing)
 .ARM.exidx.text.TIM3_IRQHandler
                0x08003d5c        0x0 ./Core/Src/main.o
                                  0x8 (size before relaxing)
 .ARM.exidx.text._Z9TIM2_Initv
                0x08003d5c        0x0 ./Core/Src/main.o
                                  0x8 (size before relaxing)
 .ARM.exidx.text._Z9TIM3_Initv
                0x08003d5c        0x0 ./Core/Src/main.o
                                  0x8 (size before relaxing)
 .ARM.exidx.text._Z9GPIO_Initv
                0x08003d5c        0x8 ./Core/Src/main.o
 .ARM.exidx.text._Z13Error_Handlerv
                0x08003d64        0x8 ./Core/Src/main.o
 .ARM.exidx.text.main
                0x08003d6c        0x8 ./Core/Src/main.o
 .ARM.exidx.text._Z14ETH_RxDescInitv
                0x08003d74        0x8 ./Core/Src/mcore_eth.o
 .ARM.exidx.text._Z14ETH_TxDescInitv
                0x08003d7c        0x0 ./Core/Src/mcore_eth.o
                                  0x8 (size before relaxing)
 .ARM.exidx.text.ETH_IRQHandler
                0x08003d7c        0x0 ./Core/Src/mcore_eth.o
                                  0x8 (size before relaxing)
 .ARM.exidx.text._Z12ETH_RxWorkerv
                0x08003d7c        0x8 ./Core/Src/mcore_eth.o
 .ARM.exidx.text._Z13ETH_SendFramem
                0x08003d84        0x8 ./Core/Src/mcore_eth.o
 .ARM.exidx.text._Z8PHY_ReadmmPm
                0x08003d8c        0x8 ./Core/Src/mcore_eth.o
 .ARM.exidx.text._Z9PHY_Writemmm
                0x08003d94        0x8 ./Core/Src/mcore_eth.o
 .ARM.exidx.text._Z8PHY_Initv
                0x08003d9c        0x8 ./Core/Src/mcore_eth.o
 .ARM.exidx.text._Z8ETH_Initv
                0x08003da4        0x8 ./Core/Src/mcore_eth.o
 .ARM.exidx.text._Z8checksumPKht
                0x08003dac        0x8 ./Core/Src/mcore_eth_utils.o
 .ARM.exidx.text._Z12tcp_checksumPhS_S_t
                0x08003db4        0x0 ./Core/Src/mcore_eth_utils.o
                                  0x8 (size before relaxing)
 .ARM.exidx.text._ZN4GPIO14GPIO_ConfigPinENS_11GPIO_ConfigEh
                0x08003db4        0x0 ./Core/Src/mcore_gpio.o
                                  0x8 (size before relaxing)
 .ARM.exidx.text._ZN4GPIO19GPIO_ConfigGroupPinENS_11GPIO_ConfigEm
                0x08003db4        0x0 ./Core/Src/mcore_gpio.o
                                  0x8 (size before relaxing)
 .ARM.exidx.text._Z11MPU_Disablev
                0x08003db4        0x0 ./Core/Src/mcore_mpu.o
                                  0x8 (size before relaxing)
 .ARM.exidx.text._Z10MPU_Enablev
                0x08003db4        0x0 ./Core/Src/mcore_mpu.o
                                  0x8 (size before relaxing)
 .ARM.exidx.text._Z10MPU_Configv
                0x08003db4        0x0 ./Core/Src/mcore_mpu.o
                                  0x8 (size before relaxing)
 .ARM.exidx.text._Z41__static_initialization_and_destruction_0v
                0x08003db4        0x0 ./Core/Src/mcore_net.o
                                  0x8 (size before relaxing)
 .ARM.exidx.text._Z24NET_SendICMP_UnreachableP10ipv4_frame
                0x08003db4        0x8 ./Core/Src/mcore_net.o
 .ARM.exidx.text._Z14NET_ProcessUDPP10ipv4_frame
                0x08003dbc        0x8 ./Core/Src/mcore_net.o
 .ARM.exidx.text._Z15NET_ProcessICMPP10ipv4_frame
                0x08003dc4        0x8 ./Core/Src/mcore_net.o
 .ARM.exidx.text._Z14NET_ProcessARPP10ipv4_frame
                0x08003dcc        0x0 ./Core/Src/mcore_net.o
                                  0x8 (size before relaxing)
 .ARM.exidx.text._Z13NET_ProcessRxP20ETH_RxDescListStructP20ETH_TxDescListStruct
                0x08003dcc        0x8 ./Core/Src/mcore_net.o
 .ARM.exidx.text._GLOBAL__sub_I_MAC_ADDR
                0x08003dd4        0x8 ./Core/Src/mcore_net.o
 .ARM.exidx.text._Z7RCCInitRK11ClockConfig
                0x08003ddc        0x8 ./Core/Src/mcore_rcc.o
 .ARM.exidx.text._Z20enablePowerInterfacev
                0x08003de4        0x8 ./Core/Src/mcore_rcc.o
 .ARM.exidx.text._Z18enableEthInterfacev
                0x08003dec        0x0 ./Core/Src/mcore_rcc.o
                                  0x8 (size before relaxing)
 .ARM.exidx.text.SysTick_Handler
                0x08003dec        0x0 ./Core/Src/mcore_system.o
                                  0x8 (size before relaxing)
 .ARM.exidx.text._Z8delay_msm
                0x08003dec        0x0 ./Core/Src/mcore_system.o
                                  0x8 (size before relaxing)
 .ARM.exidx.text._Z8get_tickv
                0x08003dec        0x0 ./Core/Src/mcore_system.o
                                  0x8 (size before relaxing)
 .ARM.exidx.text._Z41__static_initialization_and_destruction_0v
                0x08003dec        0x0 ./Core/Src/mcore_tcp.o
                                  0x8 (size before relaxing)
 .ARM.exidx.text._Z12NET_TCP_Initv
                0x08003dec        0x0 ./Core/Src/mcore_tcp.o
                                  0x8 (size before relaxing)
 .ARM.exidx.text._Z17NET_TCP_ClientAddv
                0x08003dec        0x0 ./Core/Src/mcore_tcp.o
                                  0x8 (size before relaxing)
 .ARM.exidx.text._Z20NET_TCP_ClientRemoveh
                0x08003dec        0x0 ./Core/Src/mcore_tcp.o
                                  0x8 (size before relaxing)
 .ARM.exidx.text._Z15NET_SendTCP_RSTP10ipv4_framettmmh
                0x08003dec        0x8 ./Core/Src/mcore_tcp.o
 .ARM.exidx.text._Z21NET_SendRetransmitTCPP10tcp_conn_t
                0x08003df4        0x8 ./Core/Src/mcore_tcp.o
 .ARM.exidx.text._Z11NET_SendTCPP10tcp_conn_tmmhhPKht
                0x08003dfc        0x8 ./Core/Src/mcore_tcp.o
 .ARM.exidx.text._Z14NET_TCP_Timersv
                0x08003e04        0x8 ./Core/Src/mcore_tcp.o
 .ARM.exidx.text._Z14NET_ProcessTCPP10ipv4_frame
                0x08003e0c        0x8 ./Core/Src/mcore_tcp.o
 .ARM.exidx.text._Z16NET_TCP_SendUserP10tcp_conn_tPKht
                0x08003e14        0x8 ./Core/Src/mcore_tcp.o
 .ARM.exidx.text._GLOBAL__sub_I_TCPsendFrameTemplate
                0x08003e1c        0x8 ./Core/Src/mcore_tcp.o
 .ARM.exidx.text.unlikely
                0x08003e24        0x0 C:/ST/STM32CubeIDE_1.16.0/STM32CubeIDE/plugins/com.st.stm32cube.ide.mcu.externaltools.gnu-tools-for-stm32.13.3.rel1.win32_1.0.0.202411081344/tools/bin/../lib/gcc/arm-none-eabi/13.3.1/thumb/v7e-m+dp/hard\libgcc.a(pr-support.o)
                                 0x10 (size before relaxing)
                0x08003e24                        __exidx_end = .
                0x08003e24                        . = ALIGN (0x4)

.preinit_array  0x08003e24        0x0
                0x08003e24                        . = ALIGN (0x4)
                0x08003e24                        PROVIDE (__preinit_array_start = .)
 *(.preinit_array*)
                0x08003e24                        PROVIDE (__preinit_array_end = .)
                0x08003e24                        . = ALIGN (0x4)

.init_array     0x08003e24        0xc
                0x08003e24                        . = ALIGN (0x4)
                0x08003e24                        PROVIDE (__init_array_start = .)
 *(SORT_BY_NAME(.init_array.*))
 *(.init_array*)
 .init_array    0x08003e24        0x4 C:/ST/STM32CubeIDE_1.16.0/STM32CubeIDE/plugins/com.st.stm32cube.ide.mcu.externaltools.gnu-tools-for-stm32.13.3.rel1.win32_1.0.0.202411081344/tools/bin/../lib/gcc/arm-none-eabi/13.3.1/thumb/v7e-m+dp/hard/crtbegin.o
 .init_array    0x08003e28        0x4 ./Core/Src/mcore_net.o
 .init_array    0x08003e2c        0x4 ./Core/Src/mcore_tcp.o
                0x08003e30                        PROVIDE (__init_array_end = .)
                0x08003e30                        . = ALIGN (0x4)

.fini_array     0x08003e30        0x4
                0x08003e30                        . = ALIGN (0x4)
                [!provide]                        PROVIDE (__fini_array_start = .)
 *(SORT_BY_NAME(.fini_array.*))
 *(.fini_array*)
 .fini_array    0x08003e30        0x4 C:/ST/STM32CubeIDE_1.16.0/STM32CubeIDE/plugins/com.st.stm32cube.ide.mcu.externaltools.gnu-tools-for-stm32.13.3.rel1.win32_1.0.0.202411081344/tools/bin/../lib/gcc/arm-none-eabi/13.3.1/thumb/v7e-m+dp/hard/crtbegin.o
                [!provide]                        PROVIDE (__fini_array_end = .)
                0x08003e34                        . = ALIGN (0x4)
                0x08003e34                        _sidata = LOADADDR (.data)

.rel.dyn        0x08003e34        0x0
 .rel.iplt      0x08003e34        0x0 C:/ST/STM32CubeIDE_1.16.0/STM32CubeIDE/plugins/com.st.stm32cube.ide.mcu.externaltools.gnu-tools-for-stm32.13.3.rel1.win32_1.0.0.202411081344/tools/bin/../lib/gcc/arm-none-eabi/13.3.1/thumb/v7e-m+dp/hard/crtbegin.o

.data           0x20000000      0x134 load address 0x08003e34
                0x20000000                        . = ALIGN (0x4)
                0x20000000                        _sdata = .
 *(.data)
 *(.data*)
 .data.udp_data
                0x20000000       0x23 ./Core/Src/main.o
                0x20000000                udp_data
 *fill*         0x20000023        0x1 
 .data.RccCfg   0x20000024       0x10 ./Core/Src/main.o
                0x20000024                RccCfg
 .data.UDPsendFrameTemplate
                0x20000034       0x2a ./Core/Src/mcore_net.o
                0x20000034                UDPsendFrameTemplate
 *fill*         0x2000005e        0x2 
 .data.icmp_port_unrchble_template
                0x20000060       0x32 ./Core/Src/mcore_net.o
                0x20000060                icmp_port_unrchble_template
 *fill*         0x20000092        0x2 
 .data.IP_ADDR  0x20000094        0x4 ./Core/Src/mcore_net.o
                0x20000094                IP_ADDR
 .data.MAC_ADDR
                0x20000098        0x6 ./Core/Src/mcore_net.o
                0x20000098                MAC_ADDR
 *fill*         0x2000009e        0x2 
 .data.TCPsendFrameTemplate
                0x200000a0       0x36 ./Core/Src/mcore_tcp.o
                0x200000a0                TCPsendFrameTemplate
 *fill*         0x200000d6        0x2 
 .data.SystemCoreClock
                0x200000d8        0x4 ./Core/Src/system_stm32f7xx.o
                0x200000d8                SystemCoreClock
 .data._ZN10__cxxabiv120__unexpected_handlerE
                0x200000dc        0x4 C:/ST/STM32CubeIDE_1.16.0/STM32CubeIDE/plugins/com.st.stm32cube.ide.mcu.externaltools.gnu-tools-for-stm32.13.3.rel1.win32_1.0.0.202411081344/tools/bin/../lib/gcc/arm-none-eabi/13.3.1/../../../../arm-none-eabi/lib/thumb/v7e-m+dp/hard\libstdc++_nano.a(eh_unex_handler.o)
                0x200000dc                __cxxabiv1::__unexpected_handler
 .data._ZN10__cxxabiv119__terminate_handlerE
                0x200000e0        0x4 C:/ST/STM32CubeIDE_1.16.0/STM32CubeIDE/plugins/com.st.stm32cube.ide.mcu.externaltools.gnu-tools-for-stm32.13.3.rel1.win32_1.0.0.202411081344/tools/bin/../lib/gcc/arm-none-eabi/13.3.1/../../../../arm-none-eabi/lib/thumb/v7e-m+dp/hard\libstdc++_nano.a(eh_term_handler.o)
                0x200000e0                __cxxabiv1::__terminate_handler
 .data._impure_ptr
                0x200000e4        0x4 C:/ST/STM32CubeIDE_1.16.0/STM32CubeIDE/plugins/com.st.stm32cube.ide.mcu.externaltools.gnu-tools-for-stm32.13.3.rel1.win32_1.0.0.202411081344/tools/bin/../lib/gcc/arm-none-eabi/13.3.1/../../../../arm-none-eabi/lib/thumb/v7e-m+dp/hard\libc_nano.a(libc_a-impure.o)
                0x200000e4                _impure_ptr
 .data._impure_data
                0x200000e8       0x4c C:/ST/STM32CubeIDE_1.16.0/STM32CubeIDE/plugins/com.st.stm32cube.ide.mcu.externaltools.gnu-tools-for-stm32.13.3.rel1.win32_1.0.0.202411081344/tools/bin/../lib/gcc/arm-none-eabi/13.3.1/../../../../arm-none-eabi/lib/thumb/v7e-m+dp/hard\libc_nano.a(libc_a-impure.o)
                0x200000e8                _impure_data
 *(.RamFunc)
 *(.RamFunc*)
                0x20000134                        . = ALIGN (0x4)
                0x20000134                        _edata = .

.igot.plt       0x20000134        0x0 load address 0x08003f68
 .igot.plt      0x20000134        0x0 C:/ST/STM32CubeIDE_1.16.0/STM32CubeIDE/plugins/com.st.stm32cube.ide.mcu.externaltools.gnu-tools-for-stm32.13.3.rel1.win32_1.0.0.202411081344/tools/bin/../lib/gcc/arm-none-eabi/13.3.1/thumb/v7e-m+dp/hard/crtbegin.o
                0x20000134                        . = ALIGN (0x4)

.bss            0x20000140    0x11394 load address 0x08003f68
                0x20000140                        _sbss = .
                0x20000140                        __bss_start__ = _sbss
 *(.bss)
 .bss           0x20000140       0x1c C:/ST/STM32CubeIDE_1.16.0/STM32CubeIDE/plugins/com.st.stm32cube.ide.mcu.externaltools.gnu-tools-for-stm32.13.3.rel1.win32_1.0.0.202411081344/tools/bin/../lib/gcc/arm-none-eabi/13.3.1/thumb/v7e-m+dp/hard/crtbegin.o
 *(.bss*)
 .bss.waiting_fall
                0x2000015c        0x6 ./Core/Src/main.o
                0x2000015c                waiting_fall
 *fill*         0x20000162        0x2 
 .bss.high_time
                0x20000164       0x18 ./Core/Src/main.o
                0x20000164                high_time
 .bss.t_rise    0x2000017c       0x18 ./Core/Src/main.o
                0x2000017c                t_rise
 .bss._ZGVZ12ETH_RxWorkervE10start_tick
                0x20000194        0x4 ./Core/Src/mcore_eth.o
 .bss._ZZ12ETH_RxWorkervE10start_tick
                0x20000198        0x4 ./Core/Src/mcore_eth.o
 .bss.eth_tx_event
                0x2000019c        0x4 ./Core/Src/mcore_eth.o
                0x2000019c                eth_tx_event
 .bss.eth_rx_event
                0x200001a0        0x4 ./Core/Src/mcore_eth.o
                0x200001a0                eth_rx_event
 .bss.TxDescList
                0x200001a4       0x20 ./Core/Src/mcore_eth.o
                0x200001a4                TxDescList
 .bss.RxDescList
                0x200001c4       0x30 ./Core/Src/mcore_eth.o
                0x200001c4                RxDescList
 *fill*         0x200001f4        0xc 
 .bss.Tx_Buff   0x20000200     0x1800 ./Core/Src/mcore_eth.o
                0x20000200                Tx_Buff
 .bss.myTick    0x20001a00        0x4 ./Core/Src/mcore_system.o
                0x20001a00                myTick
 .bss.ppTxBuff  0x20001a04        0x4 ./Core/Src/mcore_tcp.o
                0x20001a04                ppTxBuff
 .bss.free_top  0x20001a08        0x1 ./Core/Src/mcore_tcp.o
                0x20001a08                free_top
 *fill*         0x20001a09        0x3 
 .bss.free_list
                0x20001a0c        0xa ./Core/Src/mcore_tcp.o
                0x20001a0c                free_list
 .bss.active_conn
                0x20001a16        0x1 ./Core/Src/mcore_tcp.o
                0x20001a16                active_conn
 *fill*         0x20001a17        0x1 
 .bss.active_list
                0x20001a18        0xa ./Core/Src/mcore_tcp.o
                0x20001a18                active_list
 *fill*         0x20001a22        0x2 
 .bss.tcp_clients
                0x20001a24     0xf960 ./Core/Src/mcore_tcp.o
                0x20001a24                tcp_clients
 .bss._ZN12_GLOBAL__N_110eh_globalsE
                0x20011384        0xc C:/ST/STM32CubeIDE_1.16.0/STM32CubeIDE/plugins/com.st.stm32cube.ide.mcu.externaltools.gnu-tools-for-stm32.13.3.rel1.win32_1.0.0.202411081344/tools/bin/../lib/gcc/arm-none-eabi/13.3.1/../../../../arm-none-eabi/lib/thumb/v7e-m+dp/hard\libstdc++_nano.a(eh_globals.o)
 .bss.__malloc_free_list
                0x20011390        0x4 C:/ST/STM32CubeIDE_1.16.0/STM32CubeIDE/plugins/com.st.stm32cube.ide.mcu.externaltools.gnu-tools-for-stm32.13.3.rel1.win32_1.0.0.202411081344/tools/bin/../lib/gcc/arm-none-eabi/13.3.1/../../../../arm-none-eabi/lib/thumb/v7e-m+dp/hard\libc_nano.a(libc_a-mallocr.o)
                0x20011390                __malloc_free_list
 .bss.__sf      0x20011394      0x138 C:/ST/STM32CubeIDE_1.16.0/STM32CubeIDE/plugins/com.st.stm32cube.ide.mcu.externaltools.gnu-tools-for-stm32.13.3.rel1.win32_1.0.0.202411081344/tools/bin/../lib/gcc/arm-none-eabi/13.3.1/../../../../arm-none-eabi/lib/thumb/v7e-m+dp/hard\libc_nano.a(libc_a-findfp.o)
                0x20011394                __sf
 .bss.errno     0x200114cc        0x4 C:/ST/STM32CubeIDE_1.16.0/STM32CubeIDE/plugins/com.st.stm32cube.ide.mcu.externaltools.gnu-tools-for-stm32.13.3.rel1.win32_1.0.0.202411081344/tools/bin/../lib/gcc/arm-none-eabi/13.3.1/../../../../arm-none-eabi/lib/thumb/v7e-m+dp/hard\libc_nano.a(libc_a-reent.o)
                0x200114cc                errno
 .bss.__lock___malloc_recursive_mutex
                0x200114d0        0x1 C:/ST/STM32CubeIDE_1.16.0/STM32CubeIDE/plugins/com.st.stm32cube.ide.mcu.externaltools.gnu-tools-for-stm32.13.3.rel1.win32_1.0.0.202411081344/tools/bin/../lib/gcc/arm-none-eabi/13.3.1/../../../../arm-none-eabi/lib/thumb/v7e-m+dp/hard\libc_nano.a(libc_a-lock.o)
                0x200114d0                __lock___malloc_recursive_mutex
 *(COMMON)
                0x200114d4                        . = ALIGN (0x4)
 *fill*         0x200114d1        0x3 
                0x200114d4                        _ebss = .
                0x200114d4                        __bss_end__ = _ebss

._user_heap_stack
                0x200114d4      0x404 load address 0x08003f68
                0x200114d8                        . = ALIGN (0x8)
 *fill*         0x200114d4        0x4 
                [!provide]                        PROVIDE (end = .)
                0x200114d8                        PROVIDE (_end = .)
                0x200114d8                        . = (. + _Min_Heap_Size)
                0x200118d8                        . = (. + _Min_Stack_Size)
 *fill*         0x200114d8      0x400 
                0x200118d8                        . = ALIGN (0x8)

.RxDecripSection
                0x2007c000      0x100
 *(.RxDecripSection)
 .RxDecripSection
                0x2007c000      0x100 ./Core/Src/mcore_eth.o
                0x2007c000                DMARxDscrTab

.TxDescripSection
                0x2007c100       0x80
 *(.TxDecripSection)
 .TxDecripSection
                0x2007c100       0x80 ./Core/Src/mcore_eth.o
                0x2007c100                DMATxDscrTab

.RxPoolSection  0x20078000     0x3000
 *(.RxPoolSection)
 .RxPoolSection
                0x20078000     0x3000 ./Core/Src/mcore_eth.o
                0x20078000                Rx_Buff

/DISCARD/
 libc.a(*)
 libm.a(*)
 libgcc.a(*)

.ARM.attributes
                0x00000000       0x2e
 *(.ARM.attributes)
 .ARM.attributes
                0x00000000       0x20 C:/ST/STM32CubeIDE_1.16.0/STM32CubeIDE/plugins/com.st.stm32cube.ide.mcu.externaltools.gnu-tools-for-stm32.13.3.rel1.win32_1.0.0.202411081344/tools/bin/../lib/gcc/arm-none-eabi/13.3.1/thumb/v7e-m+dp/hard/crti.o
 .ARM.attributes
                0x00000020       0x32 C:/ST/STM32CubeIDE_1.16.0/STM32CubeIDE/plugins/com.st.stm32cube.ide.mcu.externaltools.gnu-tools-for-stm32.13.3.rel1.win32_1.0.0.202411081344/tools/bin/../lib/gcc/arm-none-eabi/13.3.1/thumb/v7e-m+dp/hard/crtbegin.o
 .ARM.attributes
                0x00000052       0x32 ./Core/Src/main.o
 .ARM.attributes
                0x00000084       0x32 ./Core/Src/mcore_eth.o
 .ARM.attributes
                0x000000b6       0x32 ./Core/Src/mcore_eth_utils.o
 .ARM.attributes
                0x000000e8       0x32 ./Core/Src/mcore_gpio.o
 .ARM.attributes
                0x0000011a       0x32 ./Core/Src/mcore_mpu.o
 .ARM.attributes
                0x0000014c       0x32 ./Core/Src/mcore_net.o
 .ARM.attributes
                0x0000017e       0x32 ./Core/Src/mcore_rcc.o
 .ARM.attributes
                0x000001b0       0x32 ./Core/Src/mcore_system.o
 .ARM.attributes
                0x000001e2       0x32 ./Core/Src/mcore_tcp.o
 .ARM.attributes
                0x00000214       0x32 ./Core/Src/stm32f7xx_it.o
 .ARM.attributes
                0x00000246       0x32 ./Core/Src/syscalls.o
 .ARM.attributes
                0x00000278       0x32 ./Core/Src/system_stm32f7xx.o
 .ARM.attributes
                0x000002aa       0x21 ./Core/Startup/startup_stm32f767zitx.o
 .ARM.attributes
                0x000002cb       0x32 C:/ST/STM32CubeIDE_1.16.0/STM32CubeIDE/plugins/com.st.stm32cube.ide.mcu.externaltools.gnu-tools-for-stm32.13.3.rel1.win32_1.0.0.202411081344/tools/bin/../lib/gcc/arm-none-eabi/13.3.1/../../../../arm-none-eabi/lib/thumb/v7e-m+dp/hard\libstdc++_nano.a(eh_arm.o)
 .ARM.attributes
                0x000002fd       0x32 C:/ST/STM32CubeIDE_1.16.0/STM32CubeIDE/plugins/com.st.stm32cube.ide.mcu.externaltools.gnu-tools-for-stm32.13.3.rel1.win32_1.0.0.202411081344/tools/bin/../lib/gcc/arm-none-eabi/13.3.1/../../../../arm-none-eabi/lib/thumb/v7e-m+dp/hard\libstdc++_nano.a(eh_exception.o)
 .ARM.attributes
                0x0000032f       0x32 C:/ST/STM32CubeIDE_1.16.0/STM32CubeIDE/plugins/com.st.stm32cube.ide.mcu.externaltools.gnu-tools-for-stm32.13.3.rel1.win32_1.0.0.202411081344/tools/bin/../lib/gcc/arm-none-eabi/13.3.1/../../../../arm-none-eabi/lib/thumb/v7e-m+dp/hard\libstdc++_nano.a(eh_globals.o)
 .ARM.attributes
                0x00000361       0x32 C:/ST/STM32CubeIDE_1.16.0/STM32CubeIDE/plugins/com.st.stm32cube.ide.mcu.externaltools.gnu-tools-for-stm32.13.3.rel1.win32_1.0.0.202411081344/tools/bin/../lib/gcc/arm-none-eabi/13.3.1/../../../../arm-none-eabi/lib/thumb/v7e-m+dp/hard\libstdc++_nano.a(eh_personality.o)
 .ARM.attributes
                0x00000393       0x32 C:/ST/STM32CubeIDE_1.16.0/STM32CubeIDE/plugins/com.st.stm32cube.ide.mcu.externaltools.gnu-tools-for-stm32.13.3.rel1.win32_1.0.0.202411081344/tools/bin/../lib/gcc/arm-none-eabi/13.3.1/../../../../arm-none-eabi/lib/thumb/v7e-m+dp/hard\libstdc++_nano.a(eh_terminate.o)
 .ARM.attributes
                0x000003c5       0x32 C:/ST/STM32CubeIDE_1.16.0/STM32CubeIDE/plugins/com.st.stm32cube.ide.mcu.externaltools.gnu-tools-for-stm32.13.3.rel1.win32_1.0.0.202411081344/tools/bin/../lib/gcc/arm-none-eabi/13.3.1/../../../../arm-none-eabi/lib/thumb/v7e-m+dp/hard\libstdc++_nano.a(eh_unex_handler.o)
 .ARM.attributes
                0x000003f7       0x32 C:/ST/STM32CubeIDE_1.16.0/STM32CubeIDE/plugins/com.st.stm32cube.ide.mcu.externaltools.gnu-tools-for-stm32.13.3.rel1.win32_1.0.0.202411081344/tools/bin/../lib/gcc/arm-none-eabi/13.3.1/../../../../arm-none-eabi/lib/thumb/v7e-m+dp/hard\libstdc++_nano.a(guard.o)
 .ARM.attributes
                0x00000429       0x32 C:/ST/STM32CubeIDE_1.16.0/STM32CubeIDE/plugins/com.st.stm32cube.ide.mcu.externaltools.gnu-tools-for-stm32.13.3.rel1.win32_1.0.0.202411081344/tools/bin/../lib/gcc/arm-none-eabi/13.3.1/../../../../arm-none-eabi/lib/thumb/v7e-m+dp/hard\libstdc++_nano.a(si_class_type_info.o)
 .ARM.attributes
                0x0000045b       0x32 C:/ST/STM32CubeIDE_1.16.0/STM32CubeIDE/plugins/com.st.stm32cube.ide.mcu.externaltools.gnu-tools-for-stm32.13.3.rel1.win32_1.0.0.202411081344/tools/bin/../lib/gcc/arm-none-eabi/13.3.1/../../../../arm-none-eabi/lib/thumb/v7e-m+dp/hard\libstdc++_nano.a(tinfo.o)
 .ARM.attributes
                0x0000048d       0x32 C:/ST/STM32CubeIDE_1.16.0/STM32CubeIDE/plugins/com.st.stm32cube.ide.mcu.externaltools.gnu-tools-for-stm32.13.3.rel1.win32_1.0.0.202411081344/tools/bin/../lib/gcc/arm-none-eabi/13.3.1/../../../../arm-none-eabi/lib/thumb/v7e-m+dp/hard\libstdc++_nano.a(class_type_info.o)
 .ARM.attributes
                0x000004bf       0x32 C:/ST/STM32CubeIDE_1.16.0/STM32CubeIDE/plugins/com.st.stm32cube.ide.mcu.externaltools.gnu-tools-for-stm32.13.3.rel1.win32_1.0.0.202411081344/tools/bin/../lib/gcc/arm-none-eabi/13.3.1/../../../../arm-none-eabi/lib/thumb/v7e-m+dp/hard\libstdc++_nano.a(del_ops.o)
 .ARM.attributes
                0x000004f1       0x32 C:/ST/STM32CubeIDE_1.16.0/STM32CubeIDE/plugins/com.st.stm32cube.ide.mcu.externaltools.gnu-tools-for-stm32.13.3.rel1.win32_1.0.0.202411081344/tools/bin/../lib/gcc/arm-none-eabi/13.3.1/../../../../arm-none-eabi/lib/thumb/v7e-m+dp/hard\libstdc++_nano.a(eh_call.o)
 .ARM.attributes
                0x00000523       0x32 C:/ST/STM32CubeIDE_1.16.0/STM32CubeIDE/plugins/com.st.stm32cube.ide.mcu.externaltools.gnu-tools-for-stm32.13.3.rel1.win32_1.0.0.202411081344/tools/bin/../lib/gcc/arm-none-eabi/13.3.1/../../../../arm-none-eabi/lib/thumb/v7e-m+dp/hard\libstdc++_nano.a(eh_catch.o)
 .ARM.attributes
                0x00000555       0x32 C:/ST/STM32CubeIDE_1.16.0/STM32CubeIDE/plugins/com.st.stm32cube.ide.mcu.externaltools.gnu-tools-for-stm32.13.3.rel1.win32_1.0.0.202411081344/tools/bin/../lib/gcc/arm-none-eabi/13.3.1/../../../../arm-none-eabi/lib/thumb/v7e-m+dp/hard\libstdc++_nano.a(eh_term_handler.o)
 .ARM.attributes
                0x00000587       0x32 C:/ST/STM32CubeIDE_1.16.0/STM32CubeIDE/plugins/com.st.stm32cube.ide.mcu.externaltools.gnu-tools-for-stm32.13.3.rel1.win32_1.0.0.202411081344/tools/bin/../lib/gcc/arm-none-eabi/13.3.1/../../../../arm-none-eabi/lib/thumb/v7e-m+dp/hard\libstdc++_nano.a(del_op.o)
 .ARM.attributes
                0x000005b9       0x32 C:/ST/STM32CubeIDE_1.16.0/STM32CubeIDE/plugins/com.st.stm32cube.ide.mcu.externaltools.gnu-tools-for-stm32.13.3.rel1.win32_1.0.0.202411081344/tools/bin/../lib/gcc/arm-none-eabi/13.3.1/../../../../arm-none-eabi/lib/thumb/v7e-m+dp/hard\libc_nano.a(libc_a-abort.o)
 .ARM.attributes
                0x000005eb       0x32 C:/ST/STM32CubeIDE_1.16.0/STM32CubeIDE/plugins/com.st.stm32cube.ide.mcu.externaltools.gnu-tools-for-stm32.13.3.rel1.win32_1.0.0.202411081344/tools/bin/../lib/gcc/arm-none-eabi/13.3.1/../../../../arm-none-eabi/lib/thumb/v7e-m+dp/hard\libc_nano.a(libc_a-malloc.o)
 .ARM.attributes
                0x0000061d       0x32 C:/ST/STM32CubeIDE_1.16.0/STM32CubeIDE/plugins/com.st.stm32cube.ide.mcu.externaltools.gnu-tools-for-stm32.13.3.rel1.win32_1.0.0.202411081344/tools/bin/../lib/gcc/arm-none-eabi/13.3.1/../../../../arm-none-eabi/lib/thumb/v7e-m+dp/hard\libc_nano.a(libc_a-mallocr.o)
 .ARM.attributes
                0x0000064f       0x32 C:/ST/STM32CubeIDE_1.16.0/STM32CubeIDE/plugins/com.st.stm32cube.ide.mcu.externaltools.gnu-tools-for-stm32.13.3.rel1.win32_1.0.0.202411081344/tools/bin/../lib/gcc/arm-none-eabi/13.3.1/../../../../arm-none-eabi/lib/thumb/v7e-m+dp/hard\libc_nano.a(libc_a-mlock.o)
 .ARM.attributes
                0x00000681       0x32 C:/ST/STM32CubeIDE_1.16.0/STM32CubeIDE/plugins/com.st.stm32cube.ide.mcu.externaltools.gnu-tools-for-stm32.13.3.rel1.win32_1.0.0.202411081344/tools/bin/../lib/gcc/arm-none-eabi/13.3.1/../../../../arm-none-eabi/lib/thumb/v7e-m+dp/hard\libc_nano.a(libc_a-findfp.o)
 .ARM.attributes
                0x000006b3       0x32 C:/ST/STM32CubeIDE_1.16.0/STM32CubeIDE/plugins/com.st.stm32cube.ide.mcu.externaltools.gnu-tools-for-stm32.13.3.rel1.win32_1.0.0.202411081344/tools/bin/../lib/gcc/arm-none-eabi/13.3.1/../../../../arm-none-eabi/lib/thumb/v7e-m+dp/hard\libc_nano.a(libc_a-memcmp.o)
 .ARM.attributes
                0x000006e5       0x32 C:/ST/STM32CubeIDE_1.16.0/STM32CubeIDE/plugins/com.st.stm32cube.ide.mcu.externaltools.gnu-tools-for-stm32.13.3.rel1.win32_1.0.0.202411081344/tools/bin/../lib/gcc/arm-none-eabi/13.3.1/../../../../arm-none-eabi/lib/thumb/v7e-m+dp/hard\libc_nano.a(libc_a-memset.o)
 .ARM.attributes
                0x00000717       0x32 C:/ST/STM32CubeIDE_1.16.0/STM32CubeIDE/plugins/com.st.stm32cube.ide.mcu.externaltools.gnu-tools-for-stm32.13.3.rel1.win32_1.0.0.202411081344/tools/bin/../lib/gcc/arm-none-eabi/13.3.1/../../../../arm-none-eabi/lib/thumb/v7e-m+dp/hard\libc_nano.a(libc_a-signal.o)
 .ARM.attributes
                0x00000749       0x32 C:/ST/STM32CubeIDE_1.16.0/STM32CubeIDE/plugins/com.st.stm32cube.ide.mcu.externaltools.gnu-tools-for-stm32.13.3.rel1.win32_1.0.0.202411081344/tools/bin/../lib/gcc/arm-none-eabi/13.3.1/../../../../arm-none-eabi/lib/thumb/v7e-m+dp/hard\libc_nano.a(libc_a-reent.o)
 .ARM.attributes
                0x0000077b       0x32 C:/ST/STM32CubeIDE_1.16.0/STM32CubeIDE/plugins/com.st.stm32cube.ide.mcu.externaltools.gnu-tools-for-stm32.13.3.rel1.win32_1.0.0.202411081344/tools/bin/../lib/gcc/arm-none-eabi/13.3.1/../../../../arm-none-eabi/lib/thumb/v7e-m+dp/hard\libc_nano.a(libc_a-impure.o)
 .ARM.attributes
                0x000007ad       0x32 C:/ST/STM32CubeIDE_1.16.0/STM32CubeIDE/plugins/com.st.stm32cube.ide.mcu.externaltools.gnu-tools-for-stm32.13.3.rel1.win32_1.0.0.202411081344/tools/bin/../lib/gcc/arm-none-eabi/13.3.1/../../../../arm-none-eabi/lib/thumb/v7e-m+dp/hard\libc_nano.a(libc_a-signalr.o)
 .ARM.attributes
                0x000007df       0x32 C:/ST/STM32CubeIDE_1.16.0/STM32CubeIDE/plugins/com.st.stm32cube.ide.mcu.externaltools.gnu-tools-for-stm32.13.3.rel1.win32_1.0.0.202411081344/tools/bin/../lib/gcc/arm-none-eabi/13.3.1/../../../../arm-none-eabi/lib/thumb/v7e-m+dp/hard\libc_nano.a(libc_a-errno.o)
 .ARM.attributes
                0x00000811       0x32 C:/ST/STM32CubeIDE_1.16.0/STM32CubeIDE/plugins/com.st.stm32cube.ide.mcu.externaltools.gnu-tools-for-stm32.13.3.rel1.win32_1.0.0.202411081344/tools/bin/../lib/gcc/arm-none-eabi/13.3.1/../../../../arm-none-eabi/lib/thumb/v7e-m+dp/hard\libc_nano.a(libc_a-init.o)
 .ARM.attributes
                0x00000843       0x32 C:/ST/STM32CubeIDE_1.16.0/STM32CubeIDE/plugins/com.st.stm32cube.ide.mcu.externaltools.gnu-tools-for-stm32.13.3.rel1.win32_1.0.0.202411081344/tools/bin/../lib/gcc/arm-none-eabi/13.3.1/../../../../arm-none-eabi/lib/thumb/v7e-m+dp/hard\libc_nano.a(libc_a-lock.o)
 .ARM.attributes
                0x00000875       0x1e C:/ST/STM32CubeIDE_1.16.0/STM32CubeIDE/plugins/com.st.stm32cube.ide.mcu.externaltools.gnu-tools-for-stm32.13.3.rel1.win32_1.0.0.202411081344/tools/bin/../lib/gcc/arm-none-eabi/13.3.1/../../../../arm-none-eabi/lib/thumb/v7e-m+dp/hard\libc_nano.a(libc_a-strcmp.o)
 .ARM.attributes
                0x00000893       0x32 C:/ST/STM32CubeIDE_1.16.0/STM32CubeIDE/plugins/com.st.stm32cube.ide.mcu.externaltools.gnu-tools-for-stm32.13.3.rel1.win32_1.0.0.202411081344/tools/bin/../lib/gcc/arm-none-eabi/13.3.1/../../../../arm-none-eabi/lib/thumb/v7e-m+dp/hard\libc_nano.a(libc_a-memcpy-stub.o)
 .ARM.attributes
                0x000008c5       0x32 C:/ST/STM32CubeIDE_1.16.0/STM32CubeIDE/plugins/com.st.stm32cube.ide.mcu.externaltools.gnu-tools-for-stm32.13.3.rel1.win32_1.0.0.202411081344/tools/bin/../lib/gcc/arm-none-eabi/13.3.1/../../../../arm-none-eabi/lib/thumb/v7e-m+dp/hard\libc_nano.a(libc_a-freer.o)
 .ARM.attributes
                0x000008f7       0x32 C:/ST/STM32CubeIDE_1.16.0/STM32CubeIDE/plugins/com.st.stm32cube.ide.mcu.externaltools.gnu-tools-for-stm32.13.3.rel1.win32_1.0.0.202411081344/tools/bin/../lib/gcc/arm-none-eabi/13.3.1/thumb/v7e-m+dp/hard\libgcc.a(unwind-arm.o)
 .ARM.attributes
                0x00000929       0x20 C:/ST/STM32CubeIDE_1.16.0/STM32CubeIDE/plugins/com.st.stm32cube.ide.mcu.externaltools.gnu-tools-for-stm32.13.3.rel1.win32_1.0.0.202411081344/tools/bin/../lib/gcc/arm-none-eabi/13.3.1/thumb/v7e-m+dp/hard\libgcc.a(libunwind.o)
 .ARM.attributes
                0x00000949       0x32 C:/ST/STM32CubeIDE_1.16.0/STM32CubeIDE/plugins/com.st.stm32cube.ide.mcu.externaltools.gnu-tools-for-stm32.13.3.rel1.win32_1.0.0.202411081344/tools/bin/../lib/gcc/arm-none-eabi/13.3.1/thumb/v7e-m+dp/hard\libgcc.a(pr-support.o)
 .ARM.attributes
                0x0000097b       0x20 C:/ST/STM32CubeIDE_1.16.0/STM32CubeIDE/plugins/com.st.stm32cube.ide.mcu.externaltools.gnu-tools-for-stm32.13.3.rel1.win32_1.0.0.202411081344/tools/bin/../lib/gcc/arm-none-eabi/13.3.1/thumb/v7e-m+dp/hard/crtn.o
OUTPUT(mcore.elf elf32-littlearm)
LOAD linker stubs
LOAD C:/ST/STM32CubeIDE_1.16.0/STM32CubeIDE/plugins/com.st.stm32cube.ide.mcu.externaltools.gnu-tools-for-stm32.13.3.rel1.win32_1.0.0.202411081344/tools/bin/../lib/gcc/arm-none-eabi/13.3.1/../../../../arm-none-eabi/lib/thumb/v7e-m+dp/hard\libc.a
LOAD C:/ST/STM32CubeIDE_1.16.0/STM32CubeIDE/plugins/com.st.stm32cube.ide.mcu.externaltools.gnu-tools-for-stm32.13.3.rel1.win32_1.0.0.202411081344/tools/bin/../lib/gcc/arm-none-eabi/13.3.1/../../../../arm-none-eabi/lib/thumb/v7e-m+dp/hard\libm.a
LOAD C:/ST/STM32CubeIDE_1.16.0/STM32CubeIDE/plugins/com.st.stm32cube.ide.mcu.externaltools.gnu-tools-for-stm32.13.3.rel1.win32_1.0.0.202411081344/tools/bin/../lib/gcc/arm-none-eabi/13.3.1/thumb/v7e-m+dp/hard\libgcc.a

.debug_info     0x00000000     0x7f0b
 .debug_info    0x00000000     0x1923 ./Core/Src/main.o
 .debug_info    0x00001923     0x18ac ./Core/Src/mcore_eth.o
 .debug_info    0x000031cf      0x2bb ./Core/Src/mcore_eth_utils.o
 .debug_info    0x0000348a      0x39b ./Core/Src/mcore_gpio.o
 .debug_info    0x00003825      0x527 ./Core/Src/mcore_mpu.o
 .debug_info    0x00003d4c      0xa03 ./Core/Src/mcore_net.o
 .debug_info    0x0000474f      0xf8a ./Core/Src/mcore_rcc.o
 .debug_info    0x000056d9      0x17d ./Core/Src/mcore_system.o
 .debug_info    0x00005856     0x174e ./Core/Src/mcore_tcp.o