Archive member included to satisfy reference by file (symbol)

C:/ST/STM32CubeIDE_1.16.0/STM32CubeIDE/plugins/com.st.stm32cube.ide.mcu.externaltools.gnu-tools-for-stm32.13.3.rel1.win32_1.0.0.202411081344/tools/bin/../lib/gcc/arm-none-eabi/13.3.1/../../../../arm-none-eabi/lib/thumb/v7e-m+dp/hard\libc_nano.a(libc_a-exit.o)
                              C:/ST/STM32CubeIDE_1.16.0/STM32CubeIDE/plugins/com.st.stm32cube.ide.mcu.externaltools.gnu-tools-for-stm32.13.3.rel1.win32_1.0.0.202411081344/tools/bin/../lib/gcc/arm-none-eabi/13.3.1/../../../../arm-none-eabi/lib/thumb/v7e-m+dp/hard/crt0.o (exit)
C:/ST/STM32CubeIDE_1.16.0/STM32CubeIDE/plugins/com.st.stm32cube.ide.mcu.externaltools.gnu-tools-for-stm32.13.3.rel1.win32_1.0.0.202411081344/tools/bin/../lib/gcc/arm-none-eabi/13.3.1/../../../../arm-none-eabi/lib/thumb/v7e-m+dp/hard\libc_nano.a(libc_a-findfp.o)
                              C:/ST/STM32CubeIDE_1.16.0/STM32CubeIDE/plugins/com.st.stm32cube.ide.mcu.externaltools.gnu-tools-for-stm32.13.3.rel1.win32_1.0.0.202411081344/tools/bin/../lib/gcc/arm-none-eabi/13.3.1/../../../../arm-none-eabi/lib/thumb/v7e-m+dp/hard\libc_nano.a(libc_a-exit.o) (__stdio_exit_handler)
C:/ST/STM32CubeIDE_1.16.0/STM32CubeIDE/plugins/com.st.stm32cube.ide.mcu.externaltools.gnu-tools-for-stm32.13.3.rel1.win32_1.0.0.202411081344/tools/bin/../lib/gcc/arm-none-eabi/13.3.1/../../../../arm-none-eabi/lib/thumb/v7e-m+dp/hard\libc_nano.a(libc_a-fwalk.o)
                              C:/ST/STM32CubeIDE_1.16.0/STM32CubeIDE/plugins/com.st.stm32cube.ide.mcu.externaltools.gnu-tools-for-stm32.13.3.rel1.win32_1.0.0.202411081344/tools/bin/../lib/gcc/arm-none-eabi/13.3.1/../../../../arm-none-eabi/lib/thumb/v7e-m+dp/hard\libc_nano.a(libc_a-findfp.o) (_fwalk_sglue)
C:/ST/STM32CubeIDE_1.16.0/STM32CubeIDE/plugins/com.st.stm32cube.ide.mcu.externaltools.gnu-tools-for-stm32.13.3.rel1.win32_1.0.0.202411081344/tools/bin/../lib/gcc/arm-none-eabi/13.3.1/../../../../arm-none-eabi/lib/thumb/v7e-m+dp/hard\libc_nano.a(libc_a-stdio.o)
                              C:/ST/STM32CubeIDE_1.16.0/STM32CubeIDE/plugins/com.st.stm32cube.ide.mcu.externaltools.gnu-tools-for-stm32.13.3.rel1.win32_1.0.0.202411081344/tools/bin/../lib/gcc/arm-none-eabi/13.3.1/../../../../arm-none-eabi/lib/thumb/v7e-m+dp/hard\libc_nano.a(libc_a-findfp.o) (__sread)
C:/ST/STM32CubeIDE_1.16.0/STM32CubeIDE/plugins/com.st.stm32cube.ide.mcu.externaltools.gnu-tools-for-stm32.13.3.rel1.win32_1.0.0.202411081344/tools/bin/../lib/gcc/arm-none-eabi/13.3.1/../../../../arm-none-eabi/lib/thumb/v7e-m+dp/hard\libc_nano.a(libc_a-memcmp.o)
                              ./Core/Src/mcore_net.o (memcmp)
C:/ST/STM32CubeIDE_1.16.0/STM32CubeIDE/plugins/com.st.stm32cube.ide.mcu.externaltools.gnu-tools-for-stm32.13.3.rel1.win32_1.0.0.202411081344/tools/bin/../lib/gcc/arm-none-eabi/13.3.1/../../../../arm-none-eabi/lib/thumb/v7e-m+dp/hard\libc_nano.a(libc_a-memset.o)
                              C:/ST/STM32CubeIDE_1.16.0/STM32CubeIDE/plugins/com.st.stm32cube.ide.mcu.externaltools.gnu-tools-for-stm32.13.3.rel1.win32_1.0.0.202411081344/tools/bin/../lib/gcc/arm-none-eabi/13.3.1/../../../../arm-none-eabi/lib/thumb/v7e-m+dp/hard/crt0.o (memset)
C:/ST/STM32CubeIDE_1.16.0/STM32CubeIDE/plugins/com.st.stm32cube.ide.mcu.externaltools.gnu-tools-for-stm32.13.3.rel1.win32_1.0.0.202411081344/tools/bin/../lib/gcc/arm-none-eabi/13.3.1/../../../../arm-none-eabi/lib/thumb/v7e-m+dp/hard\libc_nano.a(libc_a-closer.o)
                              C:/ST/STM32CubeIDE_1.16.0/STM32CubeIDE/plugins/com.st.stm32cube.ide.mcu.externaltools.gnu-tools-for-stm32.13.3.rel1.win32_1.0.0.202411081344/tools/bin/../lib/gcc/arm-none-eabi/13.3.1/../../../../arm-none-eabi/lib/thumb/v7e-m+dp/hard\libc_nano.a(libc_a-stdio.o) (_close_r)
C:/ST/STM32CubeIDE_1.16.0/STM32CubeIDE/plugins/com.st.stm32cube.ide.mcu.externaltools.gnu-tools-for-stm32.13.3.rel1.win32_1.0.0.202411081344/tools/bin/../lib/gcc/arm-none-eabi/13.3.1/../../../../arm-none-eabi/lib/thumb/v7e-m+dp/hard\libc_nano.a(libc_a-reent.o)
                              C:/ST/STM32CubeIDE_1.16.0/STM32CubeIDE/plugins/com.st.stm32cube.ide.mcu.externaltools.gnu-tools-for-stm32.13.3.rel1.win32_1.0.0.202411081344/tools/bin/../lib/gcc/arm-none-eabi/13.3.1/../../../../arm-none-eabi/lib/thumb/v7e-m+dp/hard\libc_nano.a(libc_a-closer.o) (errno)
C:/ST/STM32CubeIDE_1.16.0/STM32CubeIDE/plugins/com.st.stm32cube.ide.mcu.externaltools.gnu-tools-for-stm32.13.3.rel1.win32_1.0.0.202411081344/tools/bin/../lib/gcc/arm-none-eabi/13.3.1/../../../../arm-none-eabi/lib/thumb/v7e-m+dp/hard\libc_nano.a(libc_a-impure.o)
                              C:/ST/STM32CubeIDE_1.16.0/STM32CubeIDE/plugins/com.st.stm32cube.ide.mcu.externaltools.gnu-tools-for-stm32.13.3.rel1.win32_1.0.0.202411081344/tools/bin/../lib/gcc/arm-none-eabi/13.3.1/../../../../arm-none-eabi/lib/thumb/v7e-m+dp/hard\libc_nano.a(libc_a-reent.o) (_impure_ptr)
[...]
Memory Configuration

Name             Origin             Length             Attributes
RAM              0x20000000         0x00080000         xrw
FLASH            0x08000000         0x00200000         xr
Memory_B1        0x2007c000         0x00000100         rw
Memory_B2        0x2007c100         0x00000080         rw
ETH_RX_BUFFER    0x20078000         0x00004000         rw
*default*        0x00000000         0xffffffff

Linker script and memory map

LOAD C:/ST/STM32CubeIDE_1.16.0/STM32CubeIDE/plugins/com.st.stm32cube.ide.mcu.externaltools.gnu-tools-for-stm32.13.3.rel1.win32_1.0.0.202411081344/tools/bin/../lib/gcc/arm-none-eabi/13.3.1/thumb/v7e-m+dp/hard/crti.o
LOAD C:/ST/STM32CubeIDE_1.16.0/STM32CubeIDE/plugins/com.st.stm32cube.ide.mcu.externaltools.gnu-tools-for-stm32.13.3.rel1.win32_1.0.0.202411081344/tools/bin/../lib/gcc/arm-none-eabi/13.3.1/thumb/v7e-m+dp/hard/crtbegin.o
LOAD C:/ST/STM32CubeIDE_1.16.0/STM32CubeIDE/plugins/com.st.stm32cube.ide.mcu.externaltools.gnu-tools-for-stm32.13.3.rel1.win32_1.0.0.202411081344/tools/bin/../lib/gcc/arm-none-eabi/13.3.1/../../../../arm-none-eabi/lib/thumb/v7e-m+dp/hard/crt0.o
LOAD ./Core/Src/main.o
LOAD ./Core/Src/mcore_eth.o
LOAD ./Core/Src/mcore_eth_utils.o
LOAD ./Core/Src/mcore_gpio.o
LOAD ./Core/Src/mcore_mpu.o
LOAD ./Core/Src/mcore_net.o
LOAD ./Core/Src/mcore_rcc.o
LOAD ./Core/Src/mcore_system.o
LOAD ./Core/Src/mcore_tcp.o
LOAD ./Core/Src/stm32f7xx_it.o
LOAD ./Core/Src/syscalls.o
LOAD ./Core/Src/sysmem.o
LOAD ./Core/Src/system_stm32f7xx.o
LOAD ./Core/Startup/startup_stm32f767zitx.o
START GROUP
LOAD C:/ST/STM32CubeIDE_1.16.0/STM32CubeIDE/plugins/com.st.stm32cube.ide.mcu.externaltools.gnu-tools-for-stm32.13.3.rel1.win32_1.0.0.202411081344/tools/bin/../lib/gcc/arm-none-eabi/13.3.1/../../../../arm-none-eabi/lib/thumb/v7e-m+dp/hard\libstdc++_nano.a
LOAD C:/ST/STM32CubeIDE_1.16.0/STM32CubeIDE/plugins/com.st.stm32cube.ide.mcu.externaltools.gnu-tools-for-stm32.13.3.rel1.win32_1.0.0.202411081344/tools/bin/../lib/gcc/arm-none-eabi/13.3.1/../../../../arm-none-eabi/lib/thumb/v7e-m+dp/hard\libsupc++_nano.a
END GROUP
LOAD C:/ST/STM32CubeIDE_1.16.0/STM32CubeIDE/plugins/com.st.stm32cube.ide.mcu.externaltools.gnu-tools-for-stm32.13.3.rel1.win32_1.0.0.202411081344/tools/bin/../lib/gcc/arm-none-eabi/13.3.1/../../../../arm-none-eabi/lib/thumb/v7e-m+dp/hard\libstdc++_nano.a
LOAD C:/ST/STM32CubeIDE_1.16.0/STM32CubeIDE/plugins/com.st.stm32cube.ide.mcu.externaltools.gnu-tools-for-stm32.13.3.rel1.win32_1.0.0.202411081344/tools/bin/../lib/gcc/arm-none-eabi/13.3.1/../../../../arm-none-eabi/lib/thumb/v7e-m+dp/hard\libm.a
LOAD C:/ST/STM32CubeIDE_1.16.0/STM32CubeIDE/plugins/com.st.stm32cube.ide.mcu.externaltools.gnu-tools-for-stm32.13.3.rel1.win32_1.0.0.202411081344/tools/bin/../lib/gcc/arm-none-eabi/13.3.1/../../../../arm-none-eabi/lib/thumb/v7e-m+dp/hard\libc_nano.a
START GROUP
LOAD C:/ST/STM32CubeIDE_1.16.0/STM32CubeIDE/plugins/com.st.stm32cube.ide.mcu.externaltools.gnu-tools-for-stm32.13.3.rel1.win32_1.0.0.202411081344/tools/bin/../lib/gcc/arm-none-eabi/13.3.1/thumb/v7e-m+dp/hard\libgcc.a
LOAD C:/ST/STM32CubeIDE_1.16.0/STM32CubeIDE/plugins/com.st.stm32cube.ide.mcu.externaltools.gnu-tools-for-stm32.13.3.rel1.win32_1.0.0.202411081344/tools/bin/../lib/gcc/arm-none-eabi/13.3.1/../../../../arm-none-eabi/lib/thumb/v7e-m+dp/hard\libc_nano.a
END GROUP
START GROUP
LOAD C:/ST/STM32CubeIDE_1.16.0/STM32CubeIDE/plugins/com.st.stm32cube.ide.mcu.externaltools.gnu-tools-for-stm32.13.3.rel1.win32_1.0.0.202411081344/tools/bin/../lib/gcc/arm-none-eabi/13.3.1/thumb/v7e-m+dp/hard\libgcc.a
LOAD C:/ST/STM32CubeIDE_1.16.0/STM32CubeIDE/plugins/com.st.stm32cube.ide.mcu.externaltools.gnu-tools-for-stm32.13.3.rel1.win32_1.0.0.202411081344/tools/bin/../lib/gcc/arm-none-eabi/13.3.1/../../../../arm-none-eabi/lib/thumb/v7e-m+dp/hard\libc_nano.a
LOAD C:/ST/STM32CubeIDE_1.16.0/STM32CubeIDE/plugins/com.st.stm32cube.ide.mcu.externaltools.gnu-tools-for-stm32.13.3.rel1.win32_1.0.0.202411081344/tools/bin/../lib/gcc/arm-none-eabi/13.3.1/../../../../arm-none-eabi/lib/thumb/v7e-m+dp/hard\libnosys.a
END GROUP
START GROUP
LOAD C:/ST/STM32CubeIDE_1.16.0/STM32CubeIDE/plugins/com.st.stm32cube.ide.mcu.externaltools.gnu-tools-for-stm32.13.3.rel1.win32_1.0.0.202411081344/tools/bin/../lib/gcc/arm-none-eabi/13.3.1/thumb/v7e-m+dp/hard\libgcc.a
LOAD C:/ST/STM32CubeIDE_1.16.0/STM32CubeIDE/plugins/com.st.stm32cube.ide.mcu.externaltools.gnu-tools-for-stm32.13.3.rel1.win32_1.0.0.202411081344/tools/bin/../lib/gcc/arm-none-eabi/13.3.1/../../../../arm-none-eabi/lib/thumb/v7e-m+dp/hard\libc_nano.a
LOAD C:/ST/STM32CubeIDE_1.16.0/STM32CubeIDE/plugins/com.st.stm32cube.ide.mcu.externaltools.gnu-tools-for-stm32.13.3.rel1.win32_1.0.0.202411081344/tools/bin/../lib/gcc/arm-none-eabi/13.3.1/../../../../arm-none-eabi/lib/thumb/v7e-m+dp/hard\libnosys.a
END GROUP
LOAD C:/ST/STM32CubeIDE_1.16.0/STM32CubeIDE/plugins/com.st.stm32cube.ide.mcu.externaltools.gnu-tools-for-stm32.13.3.rel1.win32_1.0.0.202411081344/tools/bin/../lib/gcc/arm-none-eabi/13.3.1/thumb/v7e-m+dp/hard/crtend.o
LOAD C:/ST/STM32CubeIDE_1.16.0/STM32CubeIDE/plugins/com.st.stm32cube.ide.mcu.externaltools.gnu-tools-for-stm32.13.3.rel1.win32_1.0.0.202411081344/tools/bin/../lib/gcc/arm-none-eabi/13.3.1/thumb/v7e-m+dp/hard/crtn.o
                0x20080000                        _estack = (ORIGIN (RAM) + LENGTH (RAM))
                0x00000000                        _Min_Heap_Size = 0x0
                0x00000400                        _Min_Stack_Size = 0x400

.isr_vector     0x08000000      0x1f8
                0x08000000                        . = ALIGN (0x4)
 *(.isr_vector)
 .isr_vector    0x08000000      0x1f8 ./Core/Startup/startup_stm32f767zitx.o
                0x08000000                g_pfnVectors
                0x080001f8                        . = ALIGN (0x4)

.text           0x080001f8     0x2b20
                0x080001f8                        . = ALIGN (0x4)
 *(.text)
 .text          0x080001f8       0x40 C:/ST/STM32CubeIDE_1.16.0/STM32CubeIDE/plugins/com.st.stm32cube.ide.mcu.externaltools.gnu-tools-for-stm32.13.3.rel1.win32_1.0.0.202411081344/tools/bin/../lib/gcc/arm-none-eabi/13.3.1/thumb/v7e-m+dp/hard/crtbegin.o
 .text          0x08000238      0xa48 C:/ST/STM32CubeIDE_1.16.0/STM32CubeIDE/plugins/com.st.stm32cube.ide.mcu.externaltools.gnu-tools-for-stm32.13.3.rel1.win32_1.0.0.202411081344/tools/bin/../lib/gcc/arm-none-eabi/13.3.1/thumb/v7e-m+dp/hard\libgcc.a(unwind-arm.o)
                0x080004f4                _Unwind_GetCFA
                0x080004f8                __gnu_Unwind_RaiseException
                0x08000560                __gnu_Unwind_ForcedUnwind
                0x08000570                __gnu_Unwind_Resume
                0x080005b4                __gnu_Unwind_Resume_or_Rethrow
                0x080005c4                _Unwind_Complete
                0x080005c8                _Unwind_DeleteException
                0x080005d4                _Unwind_VRS_Get
                0x08000624                _Unwind_VRS_Set
                0x08000670                __gnu_Unwind_Backtrace
                0x08000998                __aeabi_unwind_cpp_pr0
                0x0800099c                __aeabi_unwind_cpp_pr1
                0x080009a0                __aeabi_unwind_cpp_pr2
                0x080009a4                _Unwind_VRS_Pop
 .text          0x08000c80      0x1ac C:/ST/STM32CubeIDE_1.16.0/STM32CubeIDE/plugins/com.st.stm32cube.ide.mcu.externaltools.gnu-tools-for-stm32.13.3.rel1.win32_1.0.0.202411081344/tools/bin/../lib/gcc/arm-none-eabi/13.3.1/thumb/v7e-m+dp/hard\libgcc.a(libunwind.o)
                0x08000c80                __restore_core_regs
                0x08000c80                restore_core_regs
                0x08000c98                __gnu_Unwind_Restore_VFP
                0x08000ca0                __gnu_Unwind_Save_VFP
                0x08000ca8                __gnu_Unwind_Restore_VFP_D
                0x08000cb0                __gnu_Unwind_Save_VFP_D
                0x08000cb8                __gnu_Unwind_Restore_VFP_D_16_to_31
                0x08000cc0                __gnu_Unwind_Save_VFP_D_16_to_31
                0x08000cc8                __gnu_Unwind_Restore_WMMXD
                0x08000d0c                __gnu_Unwind_Save_WMMXD
                0x08000d50                __gnu_Unwind_Restore_WMMXC
                0x08000d64                __gnu_Unwind_Save_WMMXC
                0x08000d78                ___Unwind_RaiseException
                0x08000d78                _Unwind_RaiseException
                0x08000d9c                _Unwind_Resume
                0x08000d9c                ___Unwind_Resume
                0x08000dc0                _Unwind_Resume_or_Rethrow
                0x08000dc0                ___Unwind_Resume_or_Rethrow
                0x08000de4                _Unwind_ForcedUnwind
                0x08000de4                ___Unwind_ForcedUnwind
                0x08000e08                ___Unwind_Backtrace
                0x08000e08                _Unwind_Backtrace
 .text          0x08000e2c      0x3a0 C:/ST/STM32CubeIDE_1.16.0/STM32CubeIDE/plugins/com.st.stm32cube.ide.mcu.externaltools.gnu-tools-for-stm32.13.3.rel1.win32_1.0.0.202411081344/tools/bin/../lib/gcc/arm-none-eabi/13.3.1/thumb/v7e-m+dp/hard\libgcc.a(pr-support.o)
                0x08000e84                __gnu_unwind_execute
                0x08001180                __gnu_unwind_frame
                0x080011ac                _Unwind_GetRegionStart
                0x080011b8                _Unwind_GetLanguageSpecificData
 *(.text*)
 .text.TIM2_IRQHandler
                0x080011cc       0x94 ./Core/Src/main.o
                0x080011cc                TIM2_IRQHandler
 .text.TIM3_IRQHandler
                0x08001260      0x124 ./Core/Src/main.o
                0x08001260                TIM3_IRQHandler
 .text._Z9TIM2_Initv
                0x08001384       0xb0 ./Core/Src/main.o
                0x08001384                TIM2_Init()
 .text._Z9TIM3_Initv
                0x08001434      0x118 ./Core/Src/main.o
                0x08001434                TIM3_Init()
 .text._Z9GPIO_Initv
                0x0800154c       0xbc ./Core/Src/main.o
                0x0800154c                GPIO_Init()
 .text.startup.main
                0x08001608      0x100 ./Core/Src/main.o
                0x08001608                main
 .text._Z14ETH_RxDescInitv
                0x08001708       0x68 ./Core/Src/mcore_eth.o
                0x08001708                ETH_RxDescInit()
 .text._Z14ETH_TxDescInitv
                0x08001770       0x64 ./Core/Src/mcore_eth.o
                0x08001770                ETH_TxDescInit()
 .text.ETH_IRQHandler
                0x080017d4       0x58 ./Core/Src/mcore_eth.o
                0x080017d4                ETH_IRQHandler
 .text._Z12ETH_RxWorkerv
                0x0800182c       0x9c ./Core/Src/mcore_eth.o
                0x0800182c                ETH_RxWorker()
 .text._Z13ETH_SendFramem
                0x080018c8       0x44 ./Core/Src/mcore_eth.o
                0x080018c8                ETH_SendFrame(unsigned long)
 .text._Z8PHY_ReadmmPm
                0x0800190c       0x4c ./Core/Src/mcore_eth.o
                0x0800190c                PHY_Read(unsigned long, unsigned long, unsigned long*)
 .text._Z9PHY_Writemmm
                0x08001958       0x44 ./Core/Src/mcore_eth.o
                0x08001958                PHY_Write(unsigned long, unsigned long, unsigned long)
 .text._Z8PHY_Initv
                0x0800199c       0x78 ./Core/Src/mcore_eth.o
                0x0800199c                PHY_Init()
 .text._Z8ETH_Initv
                0x08001a14      0x13c ./Core/Src/mcore_eth.o
                0x08001a14                ETH_Init()
 .text._Z8checksumPKht
                0x08001b50       0x42 ./Core/Src/mcore_eth_utils.o
                0x08001b50                checksum(unsigned char const*, unsigned short)
 .text._Z12tcp_checksumPhS_S_t
                0x08001b92       0x56 ./Core/Src/mcore_eth_utils.o
                0x08001b92                tcp_checksum(unsigned char*, unsigned char*, unsigned char*, unsigned short)
 .text._ZN4GPIO14GPIO_ConfigPinENS_11GPIO_ConfigEh
                0x08001be8       0xa8 ./Core/Src/mcore_gpio.o
                0x08001be8                GPIO::GPIO_ConfigPin(GPIO::GPIO_Config, unsigned char)
 .text._ZN4GPIO19GPIO_ConfigGroupPinENS_11GPIO_ConfigEm
                0x08001c90       0xd8 ./Core/Src/mcore_gpio.o
                0x08001c90                GPIO::GPIO_ConfigGroupPin(GPIO::GPIO_Config, unsigned long)
 .text._ZN4_MPUL9configureERKNS_12RegionConfigE
                0x08001d68       0x54 ./Core/Src/mcore_mpu.o
 .text._Z10MPU_Configv
                0x08001dbc       0x58 ./Core/Src/mcore_mpu.o
                0x08001dbc                MPU_Config()
 .text._Z24NET_SendICMP_UnreachableP10ipv4_frame
                0x08001e14       0x80 ./Core/Src/mcore_net.o
                0x08001e14                NET_SendICMP_Unreachable(ipv4_frame*)
 .text._Z14NET_ProcessUDPP10ipv4_frame
                0x08001e94       0x1c ./Core/Src/mcore_net.o
                0x08001e94                NET_ProcessUDP(ipv4_frame*)
 .text._Z15NET_ProcessICMPP10ipv4_frame
                0x08001eb0       0x9c ./Core/Src/mcore_net.o
                0x08001eb0                NET_ProcessICMP(ipv4_frame*)
 .text._Z14NET_ProcessARPP10ipv4_frame
                0x08001f4c       0x90 ./Core/Src/mcore_net.o
                0x08001f4c                NET_ProcessARP(ipv4_frame*)
 .text._Z13NET_ProcessRxP20ETH_RxDescListStructP20ETH_TxDescListStruct
                0x08001fdc       0xac ./Core/Src/mcore_net.o
                0x08001fdc                NET_ProcessRx(ETH_RxDescListStruct*, ETH_TxDescListStruct*)
 .text.startup._GLOBAL__sub_I_MAC_ADDR
                0x08002088       0x70 ./Core/Src/mcore_net.o
 .text._Z7RCCInitRK11ClockConfig
                0x080020f8      0x188 ./Core/Src/mcore_rcc.o
                0x080020f8                RCCInit(ClockConfig const&)
 .text._Z20enablePowerInterfacev
                0x08002280       0x14 ./Core/Src/mcore_rcc.o
                0x08002280                enablePowerInterface()
 .text._Z18enableEthInterfacev
                0x08002294       0x14 ./Core/Src/mcore_rcc.o
                0x08002294                enableEthInterface()
 .text.SysTick_Handler
                0x080022a8       0x10 ./Core/Src/mcore_system.o
                0x080022a8                SysTick_Handler
 .text._Z8delay_msm
                0x080022b8       0x14 ./Core/Src/mcore_system.o
                0x080022b8                delay_ms(unsigned long)
 .text._Z8get_tickv
                0x080022cc        0xc ./Core/Src/mcore_system.o
                0x080022cc                get_tick()
 .text._ZL7bswap32m
                0x080022d8        0x4 ./Core/Src/mcore_tcp.o
 .text._Z12NET_TCP_Initv
                0x080022dc       0x44 ./Core/Src/mcore_tcp.o
                0x080022dc                NET_TCP_Init()
 .text._Z17NET_TCP_ClientAddv
                0x08002320       0x38 ./Core/Src/mcore_tcp.o
                0x08002320                NET_TCP_ClientAdd()
 .text._Z20NET_TCP_ClientRemoveh
                0x08002358       0x64 ./Core/Src/mcore_tcp.o
                0x08002358                NET_TCP_ClientRemove(unsigned char)
 .text._Z15NET_SendTCP_RSTP10ipv4_framettmmh
                0x080023bc       0xa8 ./Core/Src/mcore_tcp.o
                0x080023bc                NET_SendTCP_RST(ipv4_frame*, unsigned short, unsigned short, unsigned long, unsigned long, unsigned char)
 .text._Z21NET_SendRetransmitTCPP10tcp_conn_t
                0x08002464       0x74 ./Core/Src/mcore_tcp.o
                0x08002464                NET_SendRetransmitTCP(tcp_conn_t*)
 .text._Z11NET_SendTCPP10tcp_conn_tmmhhPKht
                0x080024d8       0xf4 ./Core/Src/mcore_tcp.o
                0x080024d8                NET_SendTCP(tcp_conn_t*, unsigned long, unsigned long, unsigned char, unsigned char, unsigned char const*, unsigned short)
 .text._Z14NET_TCP_Timersv
                0x080025cc       0xf0 ./Core/Src/mcore_tcp.o
                0x080025cc                NET_TCP_Timers()
 .text._Z14NET_ProcessTCPP10ipv4_frame
                0x080026bc      0x380 ./Core/Src/mcore_tcp.o
                0x080026bc                NET_ProcessTCP(ipv4_frame*)
 .text._Z16NET_TCP_SendUserP10tcp_conn_tPKht
                0x08002a3c       0x48 ./Core/Src/mcore_tcp.o
                0x08002a3c                NET_TCP_SendUser(tcp_conn_t*, unsigned char const*, unsigned short)
 .text.startup._GLOBAL__sub_I_TCPsendFrameTemplate
                0x08002a84       0x3c ./Core/Src/mcore_tcp.o
 .text.NMI_Handler
                0x08002ac0        0x2 ./Core/Src/stm32f7xx_it.o
                0x08002ac0                NMI_Handler
 .text.HardFault_Handler
                0x08002ac2        0x2 ./Core/Src/stm32f7xx_it.o
                0x08002ac2                HardFault_Handler
 .text.MemManage_Handler
                0x08002ac4        0x2 ./Core/Src/stm32f7xx_it.o
                0x08002ac4                MemManage_Handler
 .text.BusFault_Handler
                0x08002ac6        0x2 ./Core/Src/stm32f7xx_it.o
                0x08002ac6                BusFault_Handler
 .text.UsageFault_Handler
                0x08002ac8        0x2 ./Core/Src/stm32f7xx_it.o
                0x08002ac8                UsageFault_Handler
 .text.SVC_Handler
                0x08002aca        0x2 ./Core/Src/stm32f7xx_it.o
                0x08002aca                SVC_Handler
 .text.DebugMon_Handler
                0x08002acc        0x2 ./Core/Src/stm32f7xx_it.o
                0x08002acc                DebugMon_Handler
 .text.PendSV_Handler
                0x08002ace        0x2 ./Core/Src/stm32f7xx_it.o
                0x08002ace                PendSV_Handler
 .text._getpid  0x08002ad0        0x4 ./Core/Src/syscalls.o
                0x08002ad0                _getpid
 .text._kill    0x08002ad4       0x10 ./Core/Src/syscalls.o
                0x08002ad4                _kill
 .text._exit    0x08002ae4        0xc ./Core/Src/syscalls.o
                0x08002ae4                _exit
 .text.SystemInit
                0x08002af0       0x14 ./Core/Src/system_stm32f7xx.o
                0x08002af0                SystemInit
 .text.SystemCoreClockUpdate
                0x08002b04       0x70 ./Core/Src/system_stm32f7xx.o
                0x08002b04                SystemCoreClockUpdate
 .text.Reset_Handler
                0x08002b74       0x50 ./Core/Startup/startup_stm32f767zitx.o
                0x08002b74                Reset_Handler
 .text.Default_Handler
                0x08002bc4        0x2 ./Core/Startup/startup_stm32f767zitx.o
                0x08002bc4                RTC_Alarm_IRQHandler
                0x08002bc4                EXTI2_IRQHandler
                0x08002bc4                TIM8_CC_IRQHandler
                0x08002bc4                UART8_IRQHandler
                0x08002bc4                SPI4_IRQHandler
                0x08002bc4                TIM1_CC_IRQHandler
                0x08002bc4                DMA2_Stream5_IRQHandler
                0x08002bc4                JPEG_IRQHandler
                0x08002bc4                DMA1_Stream5_IRQHandler
                0x08002bc4                CAN3_RX1_IRQHandler
                0x08002bc4                PVD_IRQHandler
                0x08002bc4                TAMP_STAMP_IRQHandler
                0x08002bc4                CAN2_RX1_IRQHandler
                0x08002bc4                EXTI3_IRQHandler
                0x08002bc4                TIM8_TRG_COM_TIM14_IRQHandler
                0x08002bc4                DFSDM1_FLT1_IRQHandler
                0x08002bc4                TIM1_UP_TIM10_IRQHandler
                0x08002bc4                TIM8_UP_TIM13_IRQHandler
                0x08002bc4                I2C3_ER_IRQHandler
                0x08002bc4                DFSDM1_FLT2_IRQHandler
                0x08002bc4                EXTI0_IRQHandler
                0x08002bc4                I2C2_EV_IRQHandler
                0x08002bc4                DMA1_Stream2_IRQHandler
                0x08002bc4                CAN1_RX0_IRQHandler
                0x08002bc4                FPU_IRQHandler
                0x08002bc4                OTG_HS_WKUP_IRQHandler
                0x08002bc4                CAN3_SCE_IRQHandler
                0x08002bc4                LTDC_ER_IRQHandler
                0x08002bc4                CAN2_SCE_IRQHandler
                0x08002bc4                DMA2_Stream2_IRQHandler
                0x08002bc4                SPI1_IRQHandler
                0x08002bc4                TIM6_DAC_IRQHandler
                0x08002bc4                TIM1_BRK_TIM9_IRQHandler
                0x08002bc4                DCMI_IRQHandler
                0x08002bc4                CAN2_RX0_IRQHandler
                0x08002bc4                DMA2_Stream3_IRQHandler
                0x08002bc4                SAI2_IRQHandler
                0x08002bc4                DFSDM1_FLT3_IRQHandler
                0x08002bc4                USART6_IRQHandler
                0x08002bc4                CAN3_RX0_IRQHandler
                0x08002bc4                USART3_IRQHandler
                0x08002bc4                CAN1_RX1_IRQHandler
                0x08002bc4                UART5_IRQHandler
                0x08002bc4                DMA2_Stream0_IRQHandler
                0x08002bc4                TIM4_IRQHandler
                0x08002bc4                QUADSPI_IRQHandler
                0x08002bc4                I2C1_EV_IRQHandler
                0x08002bc4                DMA1_Stream6_IRQHandler
                0x08002bc4                DMA1_Stream1_IRQHandler
                0x08002bc4                UART4_IRQHandler
                0x08002bc4                RCC_IRQHandler
                0x08002bc4                TIM8_BRK_TIM12_IRQHandler
                0x08002bc4                Default_Handler
                0x08002bc4                CEC_IRQHandler
                0x08002bc4                EXTI15_10_IRQHandler
                0x08002bc4                ADC_IRQHandler
                0x08002bc4                DMA1_Stream7_IRQHandler
                0x08002bc4                SPI5_IRQHandler
                0x08002bc4                TIM7_IRQHandler
                0x08002bc4                SDMMC1_IRQHandler
                0x08002bc4                CAN2_TX_IRQHandler
                0x08002bc4                TIM5_IRQHandler
                0x08002bc4                DMA2_Stream7_IRQHandler
                0x08002bc4                I2C3_EV_IRQHandler
                0x08002bc4                EXTI9_5_IRQHandler
                0x08002bc4                RTC_WKUP_IRQHandler
                0x08002bc4                LTDC_IRQHandler
                0x08002bc4                ETH_WKUP_IRQHandler
                0x08002bc4                SPDIF_RX_IRQHandler
                0x08002bc4                SPI2_IRQHandler
                0x08002bc4                OTG_HS_EP1_IN_IRQHandler
                0x08002bc4                DMA1_Stream0_IRQHandler
                0x08002bc4                CAN1_TX_IRQHandler
                0x08002bc4                EXTI4_IRQHandler
                0x08002bc4                RNG_IRQHandler
                0x08002bc4                OTG_HS_EP1_OUT_IRQHandler
                0x08002bc4                WWDG_IRQHandler
                0x08002bc4                SPI6_IRQHandler
                0x08002bc4                MDIOS_IRQHandler
                0x08002bc4                I2C4_EV_IRQHandler
                0x08002bc4                CAN3_TX_IRQHandler
                0x08002bc4                OTG_FS_WKUP_IRQHandler
                0x08002bc4                TIM1_TRG_COM_TIM11_IRQHandler
                0x08002bc4                OTG_HS_IRQHandler
                0x08002bc4                DMA2D_IRQHandler
                0x08002bc4                EXTI1_IRQHandler
                0x08002bc4                SDMMC2_IRQHandler
                0x08002bc4                UART7_IRQHandler
                0x08002bc4                USART2_IRQHandler
                0x08002bc4                DFSDM1_FLT0_IRQHandler
                0x08002bc4                I2C2_ER_IRQHandler
                0x08002bc4                DMA2_Stream1_IRQHandler
                0x08002bc4                CAN1_SCE_IRQHandler
                0x08002bc4                FLASH_IRQHandler
                0x08002bc4                DMA2_Stream4_IRQHandler
                0x08002bc4                USART1_IRQHandler
                0x08002bc4                OTG_FS_IRQHandler
                0x08002bc4                SPI3_IRQHandler
                0x08002bc4                DMA1_Stream4_IRQHandler
                0x08002bc4                I2C1_ER_IRQHandler
                0x08002bc4                FMC_IRQHandler
                0x08002bc4                LPTIM1_IRQHandler
                0x08002bc4                I2C4_ER_IRQHandler
                0x08002bc4                DMA2_Stream6_IRQHandler
                0x08002bc4                SAI1_IRQHandler
                0x08002bc4                DMA1_Stream3_IRQHandler
 .text.memcmp   0x08002bc6       0x20 C:/ST/STM32CubeIDE_1.16.0/STM32CubeIDE/plugins/com.st.stm32cube.ide.mcu.externaltools.gnu-tools-for-stm32.13.3.rel1.win32_1.0.0.202411081344/tools/bin/../lib/gcc/arm-none-eabi/13.3.1/../../../../arm-none-eabi/lib/thumb/v7e-m+dp/hard\libc_nano.a(libc_a-memcmp.o)
                0x08002bc6                memcmp
 .text.memset   0x08002be6       0x10 C:/ST/STM32CubeIDE_1.16.0/STM32CubeIDE/plugins/com.st.stm32cube.ide.mcu.externaltools.gnu-tools-for-stm32.13.3.rel1.win32_1.0.0.202411081344/tools/bin/../lib/gcc/arm-none-eabi/13.3.1/../../../../arm-none-eabi/lib/thumb/v7e-m+dp/hard\libc_nano.a(libc_a-memset.o)
                0x08002be6                memset
 *fill*         0x08002bf6        0x2 
 .text.__errno  0x08002bf8        0xc C:/ST/STM32CubeIDE_1.16.0/STM32CubeIDE/plugins/com.st.stm32cube.ide.mcu.externaltools.gnu-tools-for-stm32.13.3.rel1.win32_1.0.0.202411081344/tools/bin/../lib/gcc/arm-none-eabi/13.3.1/../../../../arm-none-eabi/lib/thumb/v7e-m+dp/hard\libc_nano.a(libc_a-errno.o)
                0x08002bf8                __errno
 .text.__libc_init_array
                0x08002c04       0x48 C:/ST/STM32CubeIDE_1.16.0/STM32CubeIDE/plugins/com.st.stm32cube.ide.mcu.externaltools.gnu-tools-for-stm32.13.3.rel1.win32_1.0.0.202411081344/tools/bin/../lib/gcc/arm-none-eabi/13.3.1/../../../../arm-none-eabi/lib/thumb/v7e-m+dp/hard\libc_nano.a(libc_a-init.o)
                0x08002c04                __libc_init_array
 .text.memcpy   0x08002c4c       0x1c C:/ST/STM32CubeIDE_1.16.0/STM32CubeIDE/plugins/com.st.stm32cube.ide.mcu.externaltools.gnu-tools-for-stm32.13.3.rel1.win32_1.0.0.202411081344/tools/bin/../lib/gcc/arm-none-eabi/13.3.1/../../../../arm-none-eabi/lib/thumb/v7e-m+dp/hard\libc_nano.a(libc_a-memcpy-stub.o)
                0x08002c4c                memcpy
 .text.abort    0x08002c68        0xe C:/ST/STM32CubeIDE_1.16.0/STM32CubeIDE/plugins/com.st.stm32cube.ide.mcu.externaltools.gnu-tools-for-stm32.13.3.rel1.win32_1.0.0.202411081344/tools/bin/../lib/gcc/arm-none-eabi/13.3.1/../../../../arm-none-eabi/lib/thumb/v7e-m+dp/hard\libc_nano.a(libc_a-abort.o)
                0x08002c68                abort
 .text._raise_r
                0x08002c76       0x50 C:/ST/STM32CubeIDE_1.16.0/STM32CubeIDE/plugins/com.st.stm32cube.ide.mcu.externaltools.gnu-tools-for-stm32.13.3.rel1.win32_1.0.0.202411081344/tools/bin/../lib/gcc/arm-none-eabi/13.3.1/../../../../arm-none-eabi/lib/thumb/v7e-m+dp/hard\libc_nano.a(libc_a-signal.o)
                0x08002c76                _raise_r
 *fill*         0x08002cc6        0x2 
 .text.raise    0x08002cc8       0x10 C:/ST/STM32CubeIDE_1.16.0/STM32CubeIDE/plugins/com.st.stm32cube.ide.mcu.externaltools.gnu-tools-for-stm32.13.3.rel1.win32_1.0.0.202411081344/tools/bin/../lib/gcc/arm-none-eabi/13.3.1/../../../../arm-none-eabi/lib/thumb/v7e-m+dp/hard\libc_nano.a(libc_a-signal.o)
                0x08002cc8                raise
 .text._kill_r  0x08002cd8       0x24 C:/ST/STM32CubeIDE_1.16.0/STM32CubeIDE/plugins/com.st.stm32cube.ide.mcu.externaltools.gnu-tools-for-stm32.13.3.rel1.win32_1.0.0.202411081344/tools/bin/../lib/gcc/arm-none-eabi/13.3.1/../../../../arm-none-eabi/lib/thumb/v7e-m+dp/hard\libc_nano.a(libc_a-signalr.o)
                0x08002cd8                _kill_r
 .text._getpid_r
                0x08002cfc        0x4 C:/ST/STM32CubeIDE_1.16.0/STM32CubeIDE/plugins/com.st.stm32cube.ide.mcu.externaltools.gnu-tools-for-stm32.13.3.rel1.win32_1.0.0.202411081344/tools/bin/../lib/gcc/arm-none-eabi/13.3.1/../../../../arm-none-eabi/lib/thumb/v7e-m+dp/hard\libc_nano.a(libc_a-signalr.o)
                0x08002cfc                _getpid_r
 *(.glue_7)
 .glue_7        0x08002d00        0x0 linker stubs
 *(.glue_7t)
 .glue_7t       0x08002d00        0x0 linker stubs
 *(.eh_frame)
 .eh_frame      0x08002d00        0x0 C:/ST/STM32CubeIDE_1.16.0/STM32CubeIDE/plugins/com.st.stm32cube.ide.mcu.externaltools.gnu-tools-for-stm32.13.3.rel1.win32_1.0.0.202411081344/tools/bin/../lib/gcc/arm-none-eabi/13.3.1/thumb/v7e-m+dp/hard/crtbegin.o
 *(.init)
 .init          0x08002d00        0x4 C:/ST/STM32CubeIDE_1.16.0/STM32CubeIDE/plugins/com.st.stm32cube.ide.mcu.externaltools.gnu-tools-for-stm32.13.3.rel1.win32_1.0.0.202411081344/tools/bin/../lib/gcc/arm-none-eabi/13.3.1/thumb/v7e-m+dp/hard/crti.o
                0x08002d00                _init
 .init          0x08002d04        0x8 C:/ST/STM32CubeIDE_1.16.0/STM32CubeIDE/plugins/com.st.stm32cube.ide.mcu.externaltools.gnu-tools-for-stm32.13.3.rel1.win32_1.0.0.202411081344/tools/bin/../lib/gcc/arm-none-eabi/13.3.1/thumb/v7e-m+dp/hard/crtn.o
 *(.fini)
 .fini          0x08002d0c        0x4 C:/ST/STM32CubeIDE_1.16.0/STM32CubeIDE/plugins/com.st.stm32cube.ide.mcu.externaltools.gnu-tools-for-stm32.13.3.rel1.win32_1.0.0.202411081344/tools/bin/../lib/gcc/arm-none-eabi/13.3.1/thumb/v7e-m+dp/hard/crti.o
                0x08002d0c                _fini
 .fini          0x08002d10        0x8 C:/ST/STM32CubeIDE_1.16.0/STM32CubeIDE/plugins/com.st.stm32cube.ide.mcu.externaltools.gnu-tools-for-stm32.13.3.rel1.win32_1.0.0.202411081344/tools/bin/../lib/gcc/arm-none-eabi/13.3.1/thumb/v7e-m+dp/hard/crtn.o
                0x08002d18                        . = ALIGN (0x4)
                0x08002d18                        _etext = .

.vfp11_veneer   0x08002d18        0x0
 .vfp11_veneer  0x08002d18        0x0 linker stubs

.v4_bx          0x08002d18        0x0
 .v4_bx         0x08002d18        0x0 linker stubs

.iplt           0x08002d18        0x0
 .iplt          0x08002d18        0x0 C:/ST/STM32CubeIDE_1.16.0/STM32CubeIDE/plugins/com.st.stm32cube.ide.mcu.externaltools.gnu-tools-for-stm32.13.3.rel1.win32_1.0.0.202411081344/tools/bin/../lib/gcc/arm-none-eabi/13.3.1/thumb/v7e-m+dp/hard/crtbegin.o

.rodata         0x08002d18       0x4c
                0x08002d18                        . = ALIGN (0x4)
 *(.rodata)
 *(.rodata*)
 .rodata._ZZ10MPU_ConfigvE16region2_eth_desc
                0x08002d18       0x14 ./Core/Src/mcore_mpu.o
 .rodata._ZZ10MPU_ConfigvE14region1_eth_rx
                0x08002d2c       0x14 ./Core/Src/mcore_mpu.o
 .rodata._ZZ10MPU_ConfigvE7region0
                0x08002d40       0x14 ./Core/Src/mcore_mpu.o
 .rodata.AHBPrescTable
                0x08002d54       0x10 ./Core/Src/system_stm32f7xx.o
                0x08002d54                AHBPrescTable
                0x08002d64                        . = ALIGN (0x4)

.ARM.extab      0x08002d64       0x18
                0x08002d64                        . = ALIGN (0x4)
 *(.ARM.extab* .gnu.linkonce.armextab.*)
 .ARM.extab     0x08002d64       0x18 C:/ST/STM32CubeIDE_1.16.0/STM32CubeIDE/plugins/com.st.stm32cube.ide.mcu.externaltools.gnu-tools-for-stm32.13.3.rel1.win32_1.0.0.202411081344/tools/bin/../lib/gcc/arm-none-eabi/13.3.1/thumb/v7e-m+dp/hard\libgcc.a(pr-support.o)
                0x08002d7c                        . = ALIGN (0x4)

.ARM            0x08002d7c      0x180
                0x08002d7c                        . = ALIGN (0x4)
                0x08002d7c                        __exidx_start = .
 *(.ARM.exidx*)
 .ARM.exidx     0x08002d7c       0x80 C:/ST/STM32CubeIDE_1.16.0/STM32CubeIDE/plugins/com.st.stm32cube.ide.mcu.externaltools.gnu-tools-for-stm32.13.3.rel1.win32_1.0.0.202411081344/tools/bin/../lib/gcc/arm-none-eabi/13.3.1/thumb/v7e-m+dp/hard\libgcc.a(unwind-arm.o)
                                 0xd8 (size before relaxing)
 .ARM.exidx     0x08002dfc       0x30 C:/ST/STM32CubeIDE_1.16.0/STM32CubeIDE/plugins/com.st.stm32cube.ide.mcu.externaltools.gnu-tools-for-stm32.13.3.rel1.win32_1.0.0.202411081344/tools/bin/../lib/gcc/arm-none-eabi/13.3.1/thumb/v7e-m+dp/hard\libgcc.a(pr-support.o)
                                 0x38 (size before relaxing)
 .ARM.exidx.text.TIM2_IRQHandler
                0x08002e2c        0x8 ./Core/Src/main.o
 .ARM.exidx.text.TIM3_IRQHandler
                0x08002e34        0x0 ./Core/Src/main.o
                                  0x8 (size before relaxing)
 .ARM.exidx.text._Z9TIM2_Initv
                0x08002e34        0x0 ./Core/Src/main.o
                                  0x8 (size before relaxing)
 .ARM.exidx.text._Z9TIM3_Initv
                0x08002e34        0x0 ./Core/Src/main.o
                                  0x8 (size before relaxing)
 .ARM.exidx.text._Z9GPIO_Initv
                0x08002e34        0x8 ./Core/Src/main.o
 .ARM.exidx.text.startup.main
                0x08002e3c        0x8 ./Core/Src/main.o
 .ARM.exidx.text._Z14ETH_RxDescInitv
                0x08002e44        0x8 ./Core/Src/mcore_eth.o
 .ARM.exidx.text._Z14ETH_TxDescInitv
                0x08002e4c        0x0 ./Core/Src/mcore_eth.o
                                  0x8 (size before relaxing)
 .ARM.exidx.text.ETH_IRQHandler
                0x08002e4c        0x0 ./Core/Src/mcore_eth.o
                                  0x8 (size before relaxing)
 .ARM.exidx.text._Z12ETH_RxWorkerv
                0x08002e4c        0x8 ./Core/Src/mcore_eth.o
 .ARM.exidx.text._Z13ETH_SendFramem
                0x08002e54        0x8 ./Core/Src/mcore_eth.o
 .ARM.exidx.text._Z8PHY_ReadmmPm
                0x08002e5c        0x8 ./Core/Src/mcore_eth.o
 .ARM.exidx.text._Z9PHY_Writemmm
                0x08002e64        0x8 ./Core/Src/mcore_eth.o
 .ARM.exidx.text._Z8PHY_Initv
                0x08002e6c        0x8 ./Core/Src/mcore_eth.o
 .ARM.exidx.text._Z8ETH_Initv
                0x08002e74        0x8 ./Core/Src/mcore_eth.o
 .ARM.exidx.text._Z8checksumPKht
                0x08002e7c        0x8 ./Core/Src/mcore_eth_utils.o
 .ARM.exidx.text._Z12tcp_checksumPhS_S_t
                0x08002e84        0x0 ./Core/Src/mcore_eth_utils.o
                                  0x8 (size before relaxing)
 .ARM.exidx.text._ZN4GPIO14GPIO_ConfigPinENS_11GPIO_ConfigEh
                0x08002e84        0x0 ./Core/Src/mcore_gpio.o
                                  0x8 (size before relaxing)
 .ARM.exidx.text._ZN4GPIO19GPIO_ConfigGroupPinENS_11GPIO_ConfigEm
                0x08002e84        0x0 ./Core/Src/mcore_gpio.o
                                  0x8 (size before relaxing)
 .ARM.exidx.text._ZN4_MPUL9configureERKNS_12RegionConfigE
                0x08002e84        0x0 ./Core/Src/mcore_mpu.o
                                  0x8 (size before relaxing)
 .ARM.exidx.text._Z10MPU_Configv
                0x08002e84        0x0 ./Core/Src/mcore_mpu.o
                                  0x8 (size before relaxing)
 .ARM.exidx.text._Z24NET_SendICMP_UnreachableP10ipv4_frame
                0x08002e84        0x8 ./Core/Src/mcore_net.o
 .ARM.exidx.text._Z14NET_ProcessUDPP10ipv4_frame
                0x08002e8c        0x8 ./Core/Src/mcore_net.o
 .ARM.exidx.text._Z15NET_ProcessICMPP10ipv4_frame
                0x08002e94        0x8 ./Core/Src/mcore_net.o
 .ARM.exidx.text._Z14NET_ProcessARPP10ipv4_frame
                0x08002e9c        0x8 ./Core/Src/mcore_net.o
 .ARM.exidx.text._Z13NET_ProcessRxP20ETH_RxDescListStructP20ETH_TxDescListStruct
                0x08002ea4        0x8 ./Core/Src/mcore_net.o
 .ARM.exidx.text.startup._GLOBAL__sub_I_MAC_ADDR
                0x08002eac        0x8 ./Core/Src/mcore_net.o
 .ARM.exidx.text._Z7RCCInitRK11ClockConfig
                0x08002eb4        0x8 ./Core/Src/mcore_rcc.o
 .ARM.exidx.text._Z20enablePowerInterfacev
                0x08002ebc        0x8 ./Core/Src/mcore_rcc.o
 .ARM.exidx.text._Z18enableEthInterfacev
                0x08002ec4        0x0 ./Core/Src/mcore_rcc.o
                                  0x8 (size before relaxing)
 .ARM.exidx.text.SysTick_Handler
                0x08002ec4        0x0 ./Core/Src/mcore_system.o
                                  0x8 (size before relaxing)
 .ARM.exidx.text._Z8delay_msm
                0x08002ec4        0x0 ./Core/Src/mcore_system.o
                                  0x8 (size before relaxing)
 .ARM.exidx.text._Z8get_tickv
                0x08002ec4        0x0 ./Core/Src/mcore_system.o
                                  0x8 (size before relaxing)
 .ARM.exidx.text._ZL7bswap32m
                0x08002ec4        0x0 ./Core/Src/mcore_tcp.o
                                  0x8 (size before relaxing)
 .ARM.exidx.text._Z12NET_TCP_Initv
                0x08002ec4        0x0 ./Core/Src/mcore_tcp.o
                                  0x8 (size before relaxing)
 .ARM.exidx.text._Z17NET_TCP_ClientAddv
                0x08002ec4        0x0 ./Core/Src/mcore_tcp.o
                                  0x8 (size before relaxing)
 .ARM.exidx.text._Z20NET_TCP_ClientRemoveh
                0x08002ec4        0x0 ./Core/Src/mcore_tcp.o
                                  0x8 (size before relaxing)
 .ARM.exidx.text._Z15NET_SendTCP_RSTP10ipv4_framettmmh
                0x08002ec4        0x8 ./Core/Src/mcore_tcp.o
 .ARM.exidx.text._Z21NET_SendRetransmitTCPP10tcp_conn_t
                0x08002ecc        0x8 ./Core/Src/mcore_tcp.o
 .ARM.exidx.text._Z11NET_SendTCPP10tcp_conn_tmmhhPKht
                0x08002ed4        0x8 ./Core/Src/mcore_tcp.o
 .ARM.exidx.text._Z14NET_TCP_Timersv
                0x08002edc        0x8 ./Core/Src/mcore_tcp.o
 .ARM.exidx.text._Z14NET_ProcessTCPP10ipv4_frame
                0x08002ee4        0x8 ./Core/Src/mcore_tcp.o
 .ARM.exidx.text._Z16NET_TCP_SendUserP10tcp_conn_tPKht
                0x08002eec        0x8 ./Core/Src/mcore_tcp.o
 .ARM.exidx.text.startup._GLOBAL__sub_I_TCPsendFrameTemplate
                0x08002ef4        0x8 ./Core/Src/mcore_tcp.o
                0x08002efc                        __exidx_end = .
                0x08002efc                        . = ALIGN (0x4)

.preinit_array  0x08002efc        0x0
                0x08002efc                        . = ALIGN (0x4)
                0x08002efc                        PROVIDE (__preinit_array_start = .)
 *(.preinit_array*)
                0x08002efc                        PROVIDE (__preinit_array_end = .)
                0x08002efc                        . = ALIGN (0x4)

.init_array     0x08002efc        0xc
                0x08002efc                        . = ALIGN (0x4)
                0x08002efc                        PROVIDE (__init_array_start = .)
 *(SORT_BY_NAME(.init_array.*))
 *(.init_array*)
 .init_array    0x08002efc        0x4 C:/ST/STM32CubeIDE_1.16.0/STM32CubeIDE/plugins/com.st.stm32cube.ide.mcu.externaltools.gnu-tools-for-stm32.13.3.rel1.win32_1.0.0.202411081344/tools/bin/../lib/gcc/arm-none-eabi/13.3.1/thumb/v7e-m+dp/hard/crtbegin.o
 .init_array    0x08002f00        0x4 ./Core/Src/mcore_net.o
 .init_array    0x08002f04        0x4 ./Core/Src/mcore_tcp.o
                0x08002f08                        PROVIDE (__init_array_end = .)
                0x08002f08                        . = ALIGN (0x4)

.fini_array     0x08002f08        0x4
                0x08002f08                        . = ALIGN (0x4)
                [!provide]                        PROVIDE (__fini_array_start = .)
 *(SORT_BY_NAME(.fini_array.*))
 *(.fini_array*)
 .fini_array    0x08002f08        0x4 C:/ST/STM32CubeIDE_1.16.0/STM32CubeIDE/plugins/com.st.stm32cube.ide.mcu.externaltools.gnu-tools-for-stm32.13.3.rel1.win32_1.0.0.202411081344/tools/bin/../lib/gcc/arm-none-eabi/13.3.1/thumb/v7e-m+dp/hard/crtbegin.o
                [!provide]                        PROVIDE (__fini_array_end = .)
                0x08002f0c                        . = ALIGN (0x4)
                0x08002f0c                        _sidata = LOADADDR (.data)

.rel.dyn        0x08002f0c        0x0
 .rel.iplt      0x08002f0c        0x0 C:/ST/STM32CubeIDE_1.16.0/STM32CubeIDE/plugins/com.st.stm32cube.ide.mcu.externaltools.gnu-tools-for-stm32.13.3.rel1.win32_1.0.0.202411081344/tools/bin/../lib/gcc/arm-none-eabi/13.3.1/thumb/v7e-m+dp/hard/crtbegin.o

.data           0x20000000      0x124 load address 0x08002f0c
                0x20000000                        . = ALIGN (0x4)
                0x20000000                        _sdata = .
 *(.data)
 *(.data*)
 .data.udp_data
                0x20000000       0x23 ./Core/Src/main.o
                0x20000000                udp_data
 *fill*         0x20000023        0x1 
 .data.RccCfg   0x20000024       0x10 ./Core/Src/main.o
                0x20000024                RccCfg
 .data.UDPsendFrameTemplate
                0x20000034       0x2a ./Core/Src/mcore_net.o
                0x20000034                UDPsendFrameTemplate
 .data.icmp_port_unrchble_template
                0x2000005e       0x32 ./Core/Src/mcore_net.o
                0x2000005e                icmp_port_unrchble_template
 .data.IP_ADDR  0x20000090        0x4 ./Core/Src/mcore_net.o
                0x20000090                IP_ADDR
 .data.MAC_ADDR
                0x20000094        0x6 ./Core/Src/mcore_net.o
                0x20000094                MAC_ADDR
 .data.TCPsendFrameTemplate
                0x2000009a       0x36 ./Core/Src/mcore_tcp.o
                0x2000009a                TCPsendFrameTemplate
 .data.SystemCoreClock
                0x200000d0        0x4 ./Core/Src/system_stm32f7xx.o
                0x200000d0                SystemCoreClock
 .data._impure_ptr
                0x200000d4        0x4 C:/ST/STM32CubeIDE_1.16.0/STM32CubeIDE/plugins/com.st.stm32cube.ide.mcu.externaltools.gnu-tools-for-stm32.13.3.rel1.win32_1.0.0.202411081344/tools/bin/../lib/gcc/arm-none-eabi/13.3.1/../../../../arm-none-eabi/lib/thumb/v7e-m+dp/hard\libc_nano.a(libc_a-impure.o)
                0x200000d4                _impure_ptr
 .data._impure_data
                0x200000d8       0x4c C:/ST/STM32CubeIDE_1.16.0/STM32CubeIDE/plugins/com.st.stm32cube.ide.mcu.externaltools.gnu-tools-for-stm32.13.3.rel1.win32_1.0.0.202411081344/tools/bin/../lib/gcc/arm-none-eabi/13.3.1/../../../../arm-none-eabi/lib/thumb/v7e-m+dp/hard\libc_nano.a(libc_a-impure.o)
                0x200000d8                _impure_data
 *(.RamFunc)
 *(.RamFunc*)
                0x20000124                        . = ALIGN (0x4)
                0x20000124                        _edata = .

.igot.plt       0x20000124        0x0 load address 0x08003030
 .igot.plt      0x20000124        0x0 C:/ST/STM32CubeIDE_1.16.0/STM32CubeIDE/plugins/com.st.stm32cube.ide.mcu.externaltools.gnu-tools-for-stm32.13.3.rel1.win32_1.0.0.202411081344/tools/bin/../lib/gcc/arm-none-eabi/13.3.1/thumb/v7e-m+dp/hard/crtbegin.o
                0x20000124                        . = ALIGN (0x4)

.bss            0x20000140    0x1137c load address 0x08003030
                0x20000140                        _sbss = .
                0x20000140                        __bss_start__ = _sbss
 *(.bss)
 .bss           0x20000140       0x1c C:/ST/STM32CubeIDE_1.16.0/STM32CubeIDE/plugins/com.st.stm32cube.ide.mcu.externaltools.gnu-tools-for-stm32.13.3.rel1.win32_1.0.0.202411081344/tools/bin/../lib/gcc/arm-none-eabi/13.3.1/thumb/v7e-m+dp/hard/crtbegin.o
 *(.bss*)
 .bss.waiting_fall
                0x2000015c        0x6 ./Core/Src/main.o
                0x2000015c                waiting_fall
 *fill*         0x20000162        0x2 
 .bss.high_time
                0x20000164       0x18 ./Core/Src/main.o
                0x20000164                high_time
 .bss.t_rise    0x2000017c       0x18 ./Core/Src/main.o
                0x2000017c                t_rise
 .bss._ZGVZ12ETH_RxWorkervE10start_tick
                0x20000194        0x4 ./Core/Src/mcore_eth.o
 .bss._ZZ12ETH_RxWorkervE10start_tick
                0x20000198        0x4 ./Core/Src/mcore_eth.o
 .bss.eth_tx_event
                0x2000019c        0x4 ./Core/Src/mcore_eth.o
                0x2000019c                eth_tx_event
 .bss.eth_rx_event
                0x200001a0        0x4 ./Core/Src/mcore_eth.o
                0x200001a0                eth_rx_event
 .bss.TxDescList
                0x200001a4       0x20 ./Core/Src/mcore_eth.o
                0x200001a4                TxDescList
 .bss.RxDescList
                0x200001c4       0x30 ./Core/Src/mcore_eth.o
                0x200001c4                RxDescList
 *fill*         0x200001f4        0xc 
 .bss.Tx_Buff   0x20000200     0x1800 ./Core/Src/mcore_eth.o
                0x20000200                Tx_Buff
 .bss.myTick    0x20001a00        0x4 ./Core/Src/mcore_system.o
                0x20001a00                myTick
 .bss.ppTxBuff  0x20001a04        0x4 ./Core/Src/mcore_tcp.o
                0x20001a04                ppTxBuff
 .bss.free_top  0x20001a08        0x1 ./Core/Src/mcore_tcp.o
                0x20001a08                free_top
 .bss.free_list
                0x20001a09        0xa ./Core/Src/mcore_tcp.o
                0x20001a09                free_list
 .bss.active_conn
                0x20001a13        0x1 ./Core/Src/mcore_tcp.o
                0x20001a13                active_conn
 .bss.active_list
                0x20001a14        0xa ./Core/Src/mcore_tcp.o
                0x20001a14                active_list
 *fill*         0x20001a1e        0x2 
 .bss.tcp_clients
                0x20001a20     0xf960 ./Core/Src/mcore_tcp.o
                0x20001a20                tcp_clients
 .bss.__sf      0x20011380      0x138 C:/ST/STM32CubeIDE_1.16.0/STM32CubeIDE/plugins/com.st.stm32cube.ide.mcu.externaltools.gnu-tools-for-stm32.13.3.rel1.win32_1.0.0.202411081344/tools/bin/../lib/gcc/arm-none-eabi/13.3.1/../../../../arm-none-eabi/lib/thumb/v7e-m+dp/hard\libc_nano.a(libc_a-findfp.o)
                0x20011380                __sf
 .bss.errno     0x200114b8        0x4 C:/ST/STM32CubeIDE_1.16.0/STM32CubeIDE/plugins/com.st.stm32cube.ide.mcu.externaltools.gnu-tools-for-stm32.13.3.rel1.win32_1.0.0.202411081344/tools/bin/../lib/gcc/arm-none-eabi/13.3.1/../../../../arm-none-eabi/lib/thumb/v7e-m+dp/hard\libc_nano.a(libc_a-reent.o)
                0x200114b8                errno
 *(COMMON)
                0x200114bc                        . = ALIGN (0x4)
                0x200114bc                        _ebss = .
                0x200114bc                        __bss_end__ = _ebss

._user_heap_stack
                0x200114bc      0x404 load address 0x08003030
                0x200114c0                        . = ALIGN (0x8)
 *fill*         0x200114bc        0x4 
                [!provide]                        PROVIDE (end = .)
                0x200114c0                        PROVIDE (_end = .)
                0x200114c0                        . = (. + _Min_Heap_Size)
                0x200118c0                        . = (. + _Min_Stack_Size)
 *fill*         0x200114c0      0x400 
                0x200118c0                        . = ALIGN (0x8)

.RxDecripSection
                0x2007c000      0x100
 *(.RxDecripSection)
 .RxDecripSection
                0x2007c000      0x100 ./Core/Src/mcore_eth.o
                0x2007c000                DMARxDscrTab

.TxDescripSection
                0x2007c100       0x80
 *(.TxDecripSection)
 .TxDecripSection
                0x2007c100       0x80 ./Core/Src/mcore_eth.o
                0x2007c100                DMATxDscrTab

.RxPoolSection  0x20078000     0x3000
 *(.RxPoolSection)
 .RxPoolSection
                0x20078000     0x3000 ./Core/Src/mcore_eth.o
                0x20078000                Rx_Buff

/DISCARD/
 libc.a(*)
 libm.a(*)
 libgcc.a(*)

.ARM.attributes
                0x00000000       0x2e
 *(.ARM.attributes)
 .ARM.attributes
                0x00000000       0x20 C:/ST/STM32CubeIDE_1.16.0/STM32CubeIDE/plugins/com.st.stm32cube.ide.mcu.externaltools.gnu-tools-for-stm32.13.3.rel1.win32_1.0.0.202411081344/tools/bin/../lib/gcc/arm-none-eabi/13.3.1/thumb/v7e-m+dp/hard/crti.o
 .ARM.attributes
                0x00000020       0x32 C:/ST/STM32CubeIDE_1.16.0/STM32CubeIDE/plugins/com.st.stm32cube.ide.mcu.externaltools.gnu-tools-for-stm32.13.3.rel1.win32_1.0.0.202411081344/tools/bin/../lib/gcc/arm-none-eabi/13.3.1/thumb/v7e-m+dp/hard/crtbegin.o
 .ARM.attributes
                0x00000052       0x32 ./Core/Src/main.o
 .ARM.attributes
                0x00000084       0x32 ./Core/Src/mcore_eth.o
 .ARM.attributes
                0x000000b6       0x32 ./Core/Src/mcore_eth_utils.o
 .ARM.attributes
                0x000000e8       0x32 ./Core/Src/mcore_gpio.o
 .ARM.attributes
                0x0000011a       0x32 ./Core/Src/mcore_mpu.o
 .ARM.attributes
                0x0000014c       0x32 ./Core/Src/mcore_net.o
 .ARM.attributes
                0x0000017e       0x32 ./Core/Src/mcore_rcc.o
 .ARM.attributes
                0x000001b0       0x32 ./Core/Src/mcore_system.o
 .ARM.attributes
                0x000001e2       0x32 ./Core/Src/mcore_tcp.o
 .ARM.attributes
                0x00000214       0x32 ./Core/Src/stm32f7xx_it.o
 .ARM.attributes
                0x00000246       0x32 ./Core/Src/syscalls.o
 .ARM.attributes
                0x00000278       0x32 ./Core/Src/system_stm32f7xx.o
 .ARM.attributes
                0x000002aa       0x21 ./Core/Startup/startup_stm32f767zitx.o
 .ARM.attributes
                0x000002cb       0x32 C:/ST/STM32CubeIDE_1.16.0/STM32CubeIDE/plugins/com.st.stm32cube.ide.mcu.externaltools.gnu-tools-for-stm32.13.3.rel1.win32_1.0.0.202411081344/tools/bin/../lib/gcc/arm-none-eabi/13.3.1/../../../../arm-none-eabi/lib/thumb/v7e-m+dp/hard\libc_nano.a(libc_a-findfp.o)
 .ARM.attributes
                0x000002fd       0x32 C:/ST/STM32CubeIDE_1.16.0/STM32CubeIDE/plugins/com.st.stm32cube.ide.mcu.externaltools.gnu-tools-for-stm32.13.3.rel1.win32_1.0.0.202411081344/tools/bin/../lib/gcc/arm-none-eabi/13.3.1/../../../../arm-none-eabi/lib/thumb/v7e-m+dp/hard\libc_nano.a(libc_a-memcmp.o)
 .ARM.attributes
                0x0000032f       0x32 C:/ST/STM32CubeIDE_1.16.0/STM32CubeIDE/plugins/com.st.stm32cube.ide.mcu.externaltools.gnu-tools-for-stm32.13.3.rel1.win32_1.0.0.202411081344/tools/bin/../lib/gcc/arm-none-eabi/13.3.1/../../../../arm-none-eabi/lib/thumb/v7e-m+dp/hard\libc_nano.a(libc_a-memset.o)
 .ARM.attributes
                0x00000361       0x32 C:/ST/STM32CubeIDE_1.16.0/STM32CubeIDE/plugins/com.st.stm32cube.ide.mcu.externaltools.gnu-tools-for-stm32.13.3.rel1.win32_1.0.0.202411081344/tools/bin/../lib/gcc/arm-none-eabi/13.3.1/../../../../arm-none-eabi/lib/thumb/v7e-m+dp/hard\libc_nano.a(libc_a-reent.o)
 .ARM.attributes
                0x00000393       0x32 C:/ST/STM32CubeIDE_1.16.0/STM32CubeIDE/plugins/com.st.stm32cube.ide.mcu.externaltools.gnu-tools-for-stm32.13.3.rel1.win32_1.0.0.202411081344/tools/bin/../lib/gcc/arm-none-eabi/13.3.1/../../../../arm-none-eabi/lib/thumb/v7e-m+dp/hard\libc_nano.a(libc_a-impure.o)
 .ARM.attributes
                0x000003c5       0x32 C:/ST/STM32CubeIDE_1.16.0/STM32CubeIDE/plugins/com.st.stm32cube.ide.mcu.externaltools.gnu-tools-for-stm32.13.3.rel1.win32_1.0.0.202411081344/tools/bin/../lib/gcc/arm-none-eabi/13.3.1/../../../../arm-none-eabi/lib/thumb/v7e-m+dp/hard\libc_nano.a(libc_a-errno.o)
 .ARM.attributes
                0x000003f7       0x32 C:/ST/STM32CubeIDE_1.16.0/STM32CubeIDE/plugins/com.st.stm32cube.ide.mcu.externaltools.gnu-tools-for-stm32.13.3.rel1.win32_1.0.0.202411081344/tools/bin/../lib/gcc/arm-none-eabi/13.3.1/../../../../arm-none-eabi/lib/thumb/v7e-m+dp/hard\libc_nano.a(libc_a-init.o)
 .ARM.attributes
                0x00000429       0x32 C:/ST/STM32CubeIDE_1.16.0/STM32CubeIDE/plugins/com.st.stm32cube.ide.mcu.externaltools.gnu-tools-for-stm32.13.3.rel1.win32_1.0.0.202411081344/tools/bin/../lib/gcc/arm-none-eabi/13.3.1/../../../../arm-none-eabi/lib/thumb/v7e-m+dp/hard\libc_nano.a(libc_a-memcpy-stub.o)
 .ARM.attributes
                0x0000045b       0x32 C:/ST/STM32CubeIDE_1.16.0/STM32CubeIDE/plugins/com.st.stm32cube.ide.mcu.externaltools.gnu-tools-for-stm32.13.3.rel1.win32_1.0.0.202411081344/tools/bin/../lib/gcc/arm-none-eabi/13.3.1/thumb/v7e-m+dp/hard\libgcc.a(unwind-arm.o)
 .ARM.attributes
                0x0000048d       0x20 C:/ST/STM32CubeIDE_1.16.0/STM32CubeIDE/plugins/com.st.stm32cube.ide.mcu.externaltools.gnu-tools-for-stm32.13.3.rel1.win32_1.0.0.202411081344/tools/bin/../lib/gcc/arm-none-eabi/13.3.1/thumb/v7e-m+dp/hard\libgcc.a(libunwind.o)
 .ARM.attributes
                0x000004ad       0x32 C:/ST/STM32CubeIDE_1.16.0/STM32CubeIDE/plugins/com.st.stm32cube.ide.mcu.externaltools.gnu-tools-for-stm32.13.3.rel1.win32_1.0.0.202411081344/tools/bin/../lib/gcc/arm-none-eabi/13.3.1/thumb/v7e-m+dp/hard\libgcc.a(pr-support.o)
 .ARM.attributes
                0x000004df       0x32 C:/ST/STM32CubeIDE_1.16.0/STM32CubeIDE/plugins/com.st.stm32cube.ide.mcu.externaltools.gnu-tools-for-stm32.13.3.rel1.win32_1.0.0.202411081344/tools/bin/../lib/gcc/arm-none-eabi/13.3.1/../../../../arm-none-eabi/lib/thumb/v7e-m+dp/hard\libc_nano.a(libc_a-abort.o)
 .ARM.attributes
                0x00000511       0x32 C:/ST/STM32CubeIDE_1.16.0/STM32CubeIDE/plugins/com.st.stm32cube.ide.mcu.externaltools.gnu-tools-for-stm32.13.3.rel1.win32_1.0.0.202411081344/tools/bin/../lib/gcc/arm-none-eabi/13.3.1/../../../../arm-none-eabi/lib/thumb/v7e-m+dp/hard\libc_nano.a(libc_a-signal.o)
 .ARM.attributes
                0x00000543       0x32 C:/ST/STM32CubeIDE_1.16.0/STM32CubeIDE/plugins/com.st.stm32cube.ide.mcu.externaltools.gnu-tools-for-stm32.13.3.rel1.win32_1.0.0.202411081344/tools/bin/../lib/gcc/arm-none-eabi/13.3.1/../../../../arm-none-eabi/lib/thumb/v7e-m+dp/hard\libc_nano.a(libc_a-signalr.o)
 .ARM.attributes
                0x00000575       0x20 C:/ST/STM32CubeIDE_1.16.0/STM32CubeIDE/plugins/com.st.stm32cube.ide.mcu.externaltools.gnu-tools-for-stm32.13.3.rel1.win32_1.0.0.202411081344/tools/bin/../lib/gcc/arm-none-eabi/13.3.1/thumb/v7e-m+dp/hard/crtn.o
OUTPUT(mcore.elf elf32-littlearm)
LOAD linker stubs
LOAD C:/ST/STM32CubeIDE_1.16.0/STM32CubeIDE/plugins/com.st.stm32cube.ide.mcu.externaltools.gnu-tools-for-stm32.13.3.rel1.win32_1.0.0.202411081344/tools/bin/../lib/gcc/arm-none-eabi/13.3.1/../../../../arm-none-eabi/lib/thumb/v7e-m+dp/hard\libc.a
LOAD C:/ST/STM32CubeIDE_1.16.0/STM32CubeIDE/plugins/com.st.stm32cube.ide.mcu.externaltools.gnu-tools-for-stm32.13.3.rel1.win32_1.0.0.202411081344/tools/bin/../lib/gcc/arm-none-eabi/13.3.1/../../../../arm-none-eabi/lib/thumb/v7e-m+dp/hard\libm.a
LOAD C:/ST/STM32CubeIDE_1.16.0/STM32CubeIDE/plugins/com.st.stm32cube.ide.mcu.externaltools.gnu-tools-for-stm32.13.3.rel1.win32_1.0.0.202411081344/tools/bin/../lib/gcc/arm-none-eabi/13.3.1/thumb/v7e-m+dp/hard\libgcc.a

.debug_info     0x00000000     0x9eb1
 .debug_info    0x00000000     0x1c87 ./Core/Src/main.o
 .debug_info    0x00001c87     0x1b1d ./Core/Src/mcore_eth.o
 .debug_info    0x000037a4      0x5fa ./Core/Src/mcore_eth_utils.o
 .debug_info    0x00003d9e      0x705 ./Core/Src/mcore_gpio.o
 .debug_info    0x000044a3      0xed4 ./Core/Src/mcore_mpu.o
 .debug_info    0x00005377      0xcb9 ./Core/Src/mcore_net.o
 .debug_info    0x00006030     0x12bb ./Core/Src/mcore_rcc.o
 .debug_info    0x000072eb      0x480 ./Core/Src/mcore_system.o
 .debug_info    0x0000776b     0x17f3 ./Core/Src/mcore_tcp.o
 .debug_info    0x00008f5e       0x9f ./Core/Src/stm32f7xx_it.o
 .debug_info    0x00008ffd      0x7b5 ./Core/Src/syscalls.o
 .debug_info    0x000097b2      0x6ff ./Core/Src/system_stm32f7xx.o

.debug_abbrev   0x00000000     0x1fac
 .debug_abbrev  0x00000000      0x509 ./Core/Src/main.o
 .debug_abbrev  0x00000509      0x459 ./Core/Src/mcore_eth.o
 .debug_abbrev  0x00000962      0x148 ./Core/Src/mcore_eth_utils.o
 .debug_abbrev  0x00000aaa      0x23f ./Core/Src/mcore_gpio.o
 .debug_abbrev  0x00000ce9      0x330 ./Core/Src/mcore_mpu.o
 .debug_abbrev  0x00001019      0x264 ./Core/Src/mcore_net.o
 .debug_abbrev  0x0000127d      0x341 ./Core/Src/mcore_rcc.o
 .debug_abbrev  0x000015be      0x12f ./Core/Src/mcore_system.o
 .debug_abbrev  0x000016ed      0x510 ./Core/Src/mcore_tcp.o
 .debug_abbrev  0x00001bfd       0x66 ./Core/Src/stm32f7xx_it.o
 .debug_abbrev  0x00001c63      0x208 ./Core/Src/syscalls.o
 .debug_abbrev  0x00001e6b      0x141 ./Core/Src/system_stm32f7xx.o

.debug_loclists
                0x00000000     0x2246
 .debug_loclists
                0x00000000      0x26e ./Core/Src/main.o
 .debug_loclists
                0x0000026e      0x384 ./Core/Src/mcore_eth.o
 .debug_loclists
                0x000005f2      0x592 ./Core/Src/mcore_eth_utils.o
 .debug_loclists
                0x00000b84      0x23a ./Core/Src/mcore_gpio.o
 .debug_loclists
                0x00000dbe       0xd1 ./Core/Src/mcore_mpu.o
 .debug_loclists
                0x00000e8f      0x3e8 ./Core/Src/mcore_net.o
 .debug_loclists
                0x00001277      0x435 ./Core/Src/mcore_rcc.o
 .debug_loclists
                0x000016ac       0x17 ./Core/Src/mcore_system.o
 .debug_loclists
                0x000016c3      0x7da ./Core/Src/mcore_tcp.o
 .debug_loclists
                0x00001e9d      0x335 ./Core/Src/syscalls.o
 .debug_loclists
                0x000021d2       0x74 ./Core/Src/system_stm32f7xx.o

.debug_aranges  0x00000000      0x390
 .debug_aranges
                0x00000000       0x50 ./Core/Src/main.o
 .debug_aranges
                0x00000050       0x68 ./Core/Src/mcore_eth.o
 .debug_aranges
                0x000000b8       0x30 ./Core/Src/mcore_eth_utils.o
 .debug_aranges
                0x000000e8       0x28 ./Core/Src/mcore_gpio.o
 .debug_aranges
                0x00000110       0x28 ./Core/Src/mcore_mpu.o
 .debug_aranges
                0x00000138       0x50 ./Core/Src/mcore_net.o
 .debug_aranges
                0x00000188       0x38 ./Core/Src/mcore_rcc.o
 .debug_aranges
                0x000001c0       0x30 ./Core/Src/mcore_system.o
 .debug_aranges
                0x000001f0       0x78 ./Core/Src/mcore_tcp.o
 .debug_aranges
                0x00000268       0x58 ./Core/Src/stm32f7xx_it.o
 .debug_aranges
                0x000002c0       0xa8 ./Core/Src/syscalls.o
 .debug_aranges
                0x00000368       0x28 ./Core/Src/system_stm32f7xx.o

.debug_rnglists
                0x00000000      0x493
 .debug_rnglists
                0x00000000       0x61 ./Core/Src/main.o
 .debug_rnglists
                0x00000061       0x7b ./Core/Src/mcore_eth.o
 .debug_rnglists
                0x000000dc       0x67 ./Core/Src/mcore_eth_utils.o
 .debug_rnglists
                0x00000143       0x2b ./Core/Src/mcore_gpio.o
 .debug_rnglists
                0x0000016e       0x58 ./Core/Src/mcore_mpu.o
 .debug_rnglists
                0x000001c6       0x48 ./Core/Src/mcore_net.o
 .debug_rnglists
                0x0000020e       0x3e ./Core/Src/mcore_rcc.o
 .debug_rnglists
                0x0000024c       0x1f ./Core/Src/mcore_system.o
 .debug_rnglists
                0x0000026b      0x14d ./Core/Src/mcore_tcp.o
 .debug_rnglists
                0x000003b8       0x3d ./Core/Src/stm32f7xx_it.o
 .debug_rnglists
                0x000003f5       0x85 ./Core/Src/syscalls.o
 .debug_rnglists
                0x0000047a       0x19 ./Core/Src/system_stm32f7xx.o

.debug_macro    0x00000000    0x2298e
 .debug_macro   0x00000000      0x1ad ./Core/Src/main.o
 .debug_macro   0x000001ad      0xca6 ./Core/Src/main.o
 .debug_macro   0x00000e53       0x2e ./Core/Src/main.o
 .debug_macro   0x00000e81       0x3b ./Core/Src/main.o
 .debug_macro   0x00000ebc       0x1c ./Core/Src/main.o
 .debug_macro   0x00000ed8       0x22 ./Core/Src/main.o
 .debug_macro   0x00000efa       0x8e ./Core/Src/main.o
 .debug_macro   0x00000f88       0x51 ./Core/Src/main.o
 .debug_macro   0x00000fd9      0x103 ./Core/Src/main.o
 .debug_macro   0x000010dc       0x6a ./Core/Src/main.o
 .debug_macro   0x00001146      0x1df ./Core/Src/main.o
 .debug_macro   0x00001325       0x1c ./Core/Src/main.o
 .debug_macro   0x00001341       0x22 ./Core/Src/main.o
 .debug_macro   0x00001363       0xd9 ./Core/Src/main.o
 .debug_macro   0x0000143c     0x12e2 ./Core/Src/main.o
 .debug_macro   0x0000271e    0x1aa23 ./Core/Src/main.o
 .debug_macro   0x0001d141       0x6d ./Core/Src/main.o
 .debug_macro   0x0001d1ae      0x1f2 ./Core/Src/main.o
 .debug_macro   0x0001d3a0       0x10 ./Core/Src/main.o
 .debug_macro   0x0001d3b0       0xd6 ./Core/Src/main.o
 .debug_macro   0x0001d486      0x103 ./Core/Src/main.o
 .debug_macro   0x0001d589      0x368 ./Core/Src/main.o
 .debug_macro   0x0001d8f1       0x9c ./Core/Src/main.o
 .debug_macro   0x0001d98d       0x28 ./Core/Src/main.o
 .debug_macro   0x0001d9b5      0x197 ./Core/Src/main.o
 .debug_macro   0x0001db4c       0x61 ./Core/Src/main.o
 .debug_macro   0x0001dbad       0x29 ./Core/Src/main.o
 .debug_macro   0x0001dbd6       0x43 ./Core/Src/main.o
 .debug_macro   0x0001dc19       0x34 ./Core/Src/main.o
 .debug_macro   0x0001dc4d       0x16 ./Core/Src/main.o
 .debug_macro   0x0001dc63      0x1f0 ./Core/Src/main.o
 .debug_macro   0x0001de53      0x123 ./Core/Src/main.o
 .debug_macro   0x0001df76       0x1c ./Core/Src/main.o
 .debug_macro   0x0001df92       0x7c ./Core/Src/main.o
 .debug_macro   0x0001e00e       0x7c ./Core/Src/main.o
 .debug_macro   0x0001e08a      0x18e ./Core/Src/mcore_eth.o
 .debug_macro   0x0001e218      0x16a ./Core/Src/mcore_eth_utils.o
 .debug_macro   0x0001e382      0x16a ./Core/Src/mcore_gpio.o
 .debug_macro   0x0001e4ec      0x16f ./Core/Src/mcore_mpu.o
 .debug_macro   0x0001e65b      0x220 ./Core/Src/mcore_net.o
 .debug_macro   0x0001e87b       0x5b ./Core/Src/mcore_net.o
 .debug_macro   0x0001e8d6       0x94 ./Core/Src/mcore_net.o
 .debug_macro   0x0001e96a       0x57 ./Core/Src/mcore_net.o
 .debug_macro   0x0001e9c1      0x38c ./Core/Src/mcore_net.o
 .debug_macro   0x0001ed4d       0x16 ./Core/Src/mcore_net.o
 .debug_macro   0x0001ed63       0x4a ./Core/Src/mcore_net.o
 .debug_macro   0x0001edad       0x34 ./Core/Src/mcore_net.o
 .debug_macro   0x0001ede1       0x10 ./Core/Src/mcore_net.o
 .debug_macro   0x0001edf1       0x58 ./Core/Src/mcore_net.o
 .debug_macro   0x0001ee49       0x8e ./Core/Src/mcore_net.o
 .debug_macro   0x0001eed7      0x185 ./Core/Src/mcore_net.o
 .debug_macro   0x0001f05c       0x10 ./Core/Src/mcore_net.o
 .debug_macro   0x0001f06c       0x3c ./Core/Src/mcore_net.o
 .debug_macro   0x0001f0a8       0x20 ./Core/Src/mcore_net.o
 .debug_macro   0x0001f0c8       0x8e ./Core/Src/mcore_net.o
 .debug_macro   0x0001f156       0xa2 ./Core/Src/mcore_net.o
 .debug_macro   0x0001f1f8       0x10 ./Core/Src/mcore_net.o
 .debug_macro   0x0001f208      0x16a ./Core/Src/mcore_rcc.o
 .debug_macro   0x0001f372      0x16a ./Core/Src/mcore_system.o
 .debug_macro   0x0001f4dc      0x228 ./Core/Src/mcore_tcp.o
 .debug_macro   0x0001f704       0x1b ./Core/Src/stm32f7xx_it.o
 .debug_macro   0x0001f71f      0xaf0 ./Core/Src/stm32f7xx_it.o
 .debug_macro   0x0002020f      0x274 ./Core/Src/syscalls.o
 .debug_macro   0x00020483       0x94 ./Core/Src/syscalls.o
 .debug_macro   0x00020517       0x34 ./Core/Src/syscalls.o
 .debug_macro   0x0002054b      0x190 ./Core/Src/syscalls.o
 .debug_macro   0x000206db      0x370 ./Core/Src/syscalls.o
 .debug_macro   0x00020a4b       0x4a ./Core/Src/syscalls.o
 .debug_macro   0x00020a95       0x1c ./Core/Src/syscalls.o
 .debug_macro   0x00020ab1       0x10 ./Core/Src/syscalls.o
 .debug_macro   0x00020ac1       0x3c ./Core/Src/syscalls.o
 .debug_macro   0x00020afd       0x10 ./Core/Src/syscalls.o
 .debug_macro   0x00020b0d       0x10 ./Core/Src/syscalls.o
 .debug_macro   0x00020b1d       0x10 ./Core/Src/syscalls.o
 .debug_macro   0x00020b2d       0x1c ./Core/Src/syscalls.o
 .debug_macro   0x00020b49       0x52 ./Core/Src/syscalls.o
 .debug_macro   0x00020b9b       0x22 ./Core/Src/syscalls.o
 .debug_macro   0x00020bbd       0x10 ./Core/Src/syscalls.o
 .debug_macro   0x00020bcd       0x52 ./Core/Src/syscalls.o
 .debug_macro   0x00020c1f       0xcf ./Core/Src/syscalls.o
 .debug_macro   0x00020cee       0x1c ./Core/Src/syscalls.o
 .debug_macro   0x00020d0a       0x3d ./Core/Src/syscalls.o
 .debug_macro   0x00020d47       0x35 ./Core/Src/syscalls.o
 .debug_macro   0x00020d7c      0x12c ./Core/Src/syscalls.o
 .debug_macro   0x00020ea8       0x16 ./Core/Src/syscalls.o
 .debug_macro   0x00020ebe       0x16 ./Core/Src/syscalls.o
 .debug_macro   0x00020ed4       0x29 ./Core/Src/syscalls.o
 .debug_macro   0x00020efd       0x10 ./Core/Src/syscalls.o
 .debug_macro   0x00020f0d      0x242 ./Core/Src/syscalls.o
 .debug_macro   0x0002114f       0x1c ./Core/Src/syscalls.o
 .debug_macro   0x0002116b       0x10 ./Core/Src/syscalls.o
 .debug_macro   0x0002117b       0x10 ./Core/Src/syscalls.o
 .debug_macro   0x0002118b       0x16 ./Core/Src/syscalls.o
 .debug_macro   0x000211a1      0x146 ./Core/Src/syscalls.o
 .debug_macro   0x000212e7      0x18a ./Core/Src/syscalls.o
 .debug_macro   0x00021471       0x16 ./Core/Src/syscalls.o
 .debug_macro   0x00021487       0xce ./Core/Src/syscalls.o
 .debug_macro   0x00021555       0xc9 ./Core/Src/system_stm32f7xx.o
 .debug_macro   0x0002161e       0x8e ./Core/Src/system_stm32f7xx.o
 .debug_macro   0x000216ac     0x12e2 ./Core/Src/system_stm32f7xx.o

.debug_line     0x00000000     0x93f3
 .debug_line    0x00000000     0x13c6 ./Core/Src/main.o
 .debug_line    0x000013c6     0x1159 ./Core/Src/mcore_eth.o
 .debug_line    0x0000251f      0xbaa ./Core/Src/mcore_eth_utils.o
 .debug_line    0x000030c9      0xc1d ./Core/Src/mcore_gpio.o
 .debug_line    0x00003ce6      0xb2c ./Core/Src/mcore_mpu.o
 .debug_line    0x00004812      0xee2 ./Core/Src/mcore_net.o
 .debug_line    0x000056f4      0xc57 ./Core/Src/mcore_rcc.o
 .debug_line    0x0000634b      0x9f5 ./Core/Src/mcore_system.o
 .debug_line    0x00006d40     0x165b ./Core/Src/mcore_tcp.o
 .debug_line    0x0000839b      0x135 ./Core/Src/stm32f7xx_it.o
 .debug_line    0x000084d0      0x966 ./Core/Src/syscalls.o
 .debug_line    0x00008e36      0x5bd ./Core/Src/system_stm32f7xx.o

.debug_str      0x00000000    0xaf2d9
 .debug_str     0x00000000    0xaf2d9 ./Core/Src/main.o
                              0xa8a37 (size before relaxing)
 .debug_str     0x000af2d9    0xa874d ./Core/Src/mcore_eth.o
 .debug_str     0x000af2d9    0xa663a ./Core/Src/mcore_eth_utils.o
 .debug_str     0x000af2d9    0xa66fc ./Core/Src/mcore_gpio.o
 .debug_str     0x000af2d9    0xa6de9 ./Core/Src/mcore_mpu.o
 .debug_str     0x000af2d9    0xaa6be ./Core/Src/mcore_net.o
 .debug_str     0x000af2d9    0xa717b ./Core/Src/mcore_rcc.o
 .debug_str     0x000af2d9    0xa65e3 ./Core/Src/mcore_system.o
 .debug_str     0x000af2d9    0xaa95e ./Core/Src/mcore_tcp.o
 .debug_str     0x000af2d9     0x2f6c ./Core/Src/stm32f7xx_it.o
 .debug_str     0x000af2d9     0x9a3d ./Core/Src/syscalls.o
 .debug_str     0x000af2d9    0xa2c26 ./Core/Src/system_stm32f7xx.o

.comment        0x00000000       0x43
 .comment       0x00000000       0x43 ./Core/Src/main.o
                                 0x44 (size before relaxing)
 .comment       0x00000043       0x44 ./Core/Src/mcore_eth.o
 .comment       0x00000043       0x44 ./Core/Src/mcore_eth_utils.o
 .comment       0x00000043       0x44 ./Core/Src/mcore_gpio.o
 .comment       0x00000043       0x44 ./Core/Src/mcore_mpu.o
 .comment       0x00000043       0x44 ./Core/Src/mcore_net.o
 .comment       0x00000043       0x44 ./Core/Src/mcore_rcc.o
 .comment       0x00000043       0x44 ./Core/Src/mcore_system.o
 .comment       0x00000043       0x44 ./Core/Src/mcore_tcp.o
 .comment       0x00000043       0x44 ./Core/Src/stm32f7xx_it.o
 .comment       0x00000043       0x44 ./Core/Src/syscalls.o
 .comment       0x00000043       0x44 ./Core/Src/system_stm32f7xx.o

.debug_frame    0x00000000      0xfe0
 .debug_frame   0x00000000       0xbc ./Core/Src/main.o
 .debug_frame   0x000000bc      0x124 ./Core/Src/mcore_eth.o
 .debug_frame   0x000001e0       0x68 ./Core/Src/mcore_eth_utils.o
 .debug_frame   0x00000248       0x64 ./Core/Src/mcore_gpio.o
 .debug_frame   0x000002ac       0x38 ./Core/Src/mcore_mpu.o
 .debug_frame   0x000002e4      0x120 ./Core/Src/mcore_net.o
 .debug_frame   0x00000404       0x64 ./Core/Src/mcore_rcc.o
 .debug_frame   0x00000468       0x40 ./Core/Src/mcore_system.o
 .debug_frame   0x000004a8      0x1b4 ./Core/Src/mcore_tcp.o
 .debug_frame   0x0000065c       0x90 ./Core/Src/stm32f7xx_it.o
 .debug_frame   0x000006ec      0x190 ./Core/Src/syscalls.o
 .debug_frame   0x0000087c       0x30 ./Core/Src/system_stm32f7xx.o
 .debug_frame   0x000008ac      0x144 C:/ST/STM32CubeIDE_1.16.0/STM32CubeIDE/plugins/com.st.stm32cube.ide.mcu.externaltools.gnu-tools-for-stm32.13.3.rel1.win32_1.0.0.202411081344/tools/bin/../lib/gcc/arm-none-eabi/13.3.1/../../../../arm-none-eabi/lib/thumb/v7e-m+dp/hard\libc_nano.a(libc_a-findfp.o)
 .debug_frame   0x000009f0       0x28 C:/ST/STM32CubeIDE_1.16.0/STM32CubeIDE/plugins/com.st.stm32cube.ide.mcu.externaltools.gnu-tools-for-stm32.13.3.rel1.win32_1.0.0.202411081344/tools/bin/../lib/gcc/arm-none-eabi/13.3.1/../../../../arm-none-eabi/lib/thumb/v7e-m+dp/hard\libc_nano.a(libc_a-memcmp.o)
 .debug_frame   0x00000a18       0x20 C:/ST/STM32CubeIDE_1.16.0/STM32CubeIDE/plugins/com.st.stm32cube.ide.mcu.externaltools.gnu-tools-for-stm32.13.3.rel1.win32_1.0.0.202411081344/tools/bin/../lib/gcc/arm-none-eabi/13.3.1/../../../../arm-none-eabi/lib/thumb/v7e-m+dp/hard\libc_nano.a(libc_a-memset.o)
 .debug_frame   0x00000a38       0x38 C:/ST/STM32CubeIDE_1.16.0/STM32CubeIDE/plugins/com.st.stm32cube.ide.mcu.externaltools.gnu-tools-for-stm32.13.3.rel1.win32_1.0.0.202411081344/tools/bin/../lib/gcc/arm-none-eabi/13.3.1/../../../../arm-none-eabi/lib/thumb/v7e-m+dp/hard\libc_nano.a(libc_a-reent.o)
 .debug_frame   0x00000a70       0x20 C:/ST/STM32CubeIDE_1.16.0/STM32CubeIDE/plugins/com.st.stm32cube.ide.mcu.externaltools.gnu-tools-for-stm32.13.3.rel1.win32_1.0.0.202411081344/tools/bin/../lib/gcc/arm-none-eabi/13.3.1/../../../../arm-none-eabi/lib/thumb/v7e-m+dp/hard\libc_nano.a(libc_a-errno.o)
 .debug_frame   0x00000a90       0x2c C:/ST/STM32CubeIDE_1.16.0/STM32CubeIDE/plugins/com.st.stm32cube.ide.mcu.externaltools.gnu-tools-for-stm32.13.3.rel1.win32_1.0.0.202411081344/tools/bin/../lib/gcc/arm-none-eabi/13.3.1/../../../../arm-none-eabi/lib/thumb/v7e-m+dp/hard\libc_nano.a(libc_a-init.o)
 .debug_frame   0x00000abc       0x28 C:/ST/STM32CubeIDE_1.16.0/STM32CubeIDE/plugins/com.st.stm32cube.ide.mcu.externaltools.gnu-tools-for-stm32.13.3.rel1.win32_1.0.0.202411081344/tools/bin/../lib/gcc/arm-none-eabi/13.3.1/../../../../arm-none-eabi/lib/thumb/v7e-m+dp/hard\libc_nano.a(libc_a-memcpy-stub.o)
 .debug_frame   0x00000ae4      0x2c8 C:/ST/STM32CubeIDE_1.16.0/STM32CubeIDE/plugins/com.st.stm32cube.ide.mcu.externaltools.gnu-tools-for-stm32.13.3.rel1.win32_1.0.0.202411081344/tools/bin/../lib/gcc/arm-none-eabi/13.3.1/thumb/v7e-m+dp/hard\libgcc.a(unwind-arm.o)
 .debug_frame   0x00000dac      0x104 C:/ST/STM32CubeIDE_1.16.0/STM32CubeIDE/plugins/com.st.stm32cube.ide.mcu.externaltools.gnu-tools-for-stm32.13.3.rel1.win32_1.0.0.202411081344/tools/bin/../lib/gcc/arm-none-eabi/13.3.1/thumb/v7e-m+dp/hard\libgcc.a(pr-support.o)
 .debug_frame   0x00000eb0       0x28 C:/ST/STM32CubeIDE_1.16.0/STM32CubeIDE/plugins/com.st.stm32cube.ide.mcu.externaltools.gnu-tools-for-stm32.13.3.rel1.win32_1.0.0.202411081344/tools/bin/../lib/gcc/arm-none-eabi/13.3.1/../../../../arm-none-eabi/lib/thumb/v7e-m+dp/hard\libc_nano.a(libc_a-abort.o)
 .debug_frame   0x00000ed8       0xcc C:/ST/STM32CubeIDE_1.16.0/STM32CubeIDE/plugins/com.st.stm32cube.ide.mcu.externaltools.gnu-tools-for-stm32.13.3.rel1.win32_1.0.0.202411081344/tools/bin/../lib/gcc/arm-none-eabi/13.3.1/../../../../arm-none-eabi/lib/thumb/v7e-m+dp/hard\libc_nano.a(libc_a-signal.o)
 .debug_frame   0x00000fa4       0x3c C:/ST/STM32CubeIDE_1.16.0/STM32CubeIDE/plugins/com.st.stm32cube.ide.mcu.externaltools.gnu-tools-for-stm32.13.3.rel1.win32_1.0.0.202411081344/tools/bin/../lib/gcc/arm-none-eabi/13.3.1/../../../../arm-none-eabi/lib/thumb/v7e-m+dp/hard\libc_nano.a(libc_a-signalr.o)

Cross Reference Table

Symbol                                            File
ADC_IRQHandler                                    ./Core/Startup/startup_stm32f767zitx.o
AHBPrescTable                                     ./Core/Src/system_stm32f7xx.o
APBPrescTable                                     ./Core/Src/system_stm32f7xx.o
BusFault_Handler                                  ./Core/Src/stm32f7xx_it.o
CAN1_RX0_IRQHandler                               ./Core/Startup/startup_stm32f767zitx.o
CAN1_RX1_IRQHandler                               ./Core/Startup/startup_stm32f767zitx.o
CAN1_SCE_IRQHandler                               ./Core/Startup/startup_stm32f767zitx.o
CAN1_TX_IRQHandler                                ./Core/Startup/startup_stm32f767zitx.o
CAN2_RX0_IRQHandler                               ./Core/Startup/startup_stm32f767zitx.o
CAN2_RX1_IRQHandler                               ./Core/Startup/startup_stm32f767zitx.o
CAN2_SCE_IRQHandler                               ./Core/Startup/startup_stm32f767zitx.o
CAN2_TX_IRQHandler                                ./Core/Startup/startup_stm32f767zitx.o
CAN3_RX0_IRQHandler                               ./Core/Startup/startup_stm32f767zitx.o
CAN3_RX1_IRQHandler                               ./Core/Startup/startup_stm32f767zitx.o
CAN3_SCE_IRQHandler                               ./Core/Startup/startup_stm32f767zitx.o
CAN3_TX_IRQHandler                                ./Core/Startup/startup_stm32f767zitx.o
CEC_IRQHandler                                    ./Core/Startup/startup_stm32f767zitx.o
CalculatePLLCLK(unsigned long, unsigned char, unsigned short, unsigned char) ./Core/Src/mcore_rcc.o
DCMI_IRQHandler                                   ./Core/Startup/startup_stm32f767zitx.o
DFSDM1_FLT0_IRQHandler                            ./Core/Startup/startup_stm32f767zitx.o
DFSDM1_FLT1_IRQHandler                            ./Core/Startup/startup_stm32f767zitx.o
DFSDM1_FLT2_IRQHandler                            ./Core/Startup/startup_stm32f767zitx.o
DFSDM1_FLT3_IRQHandler                            ./Core/Startup/startup_stm32f767zitx.o
DMA1_Stream0_IRQHandler                           ./Core/Startup/startup_stm32f767zitx.o
DMA1_Stream1_IRQHandler                           ./Core/Startup/startup_stm32f767zitx.o
DMA1_Stream2_IRQHandler                           ./Core/Startup/startup_stm32f767zitx.o
DMA1_Stream3_IRQHandler                           ./Core/Startup/startup_stm32f767zitx.o
DMA1_Stream4_IRQHandler                           ./Core/Startup/startup_stm32f767zitx.o
DMA1_Stream5_IRQHandler                           ./Core/Startup/startup_stm32f767zitx.o
DMA1_Stream6_IRQHandler                           ./Core/Startup/startup_stm32f767zitx.o
DMA1_Stream7_IRQHandler                           ./Core/Startup/startup_stm32f767zitx.o
DMA2D_IRQHandler                                  ./Core/Startup/startup_stm32f767zitx.o
DMA2_Stream0_IRQHandler                           ./Core/Startup/startup_stm32f767zitx.o
DMA2_Stream1_IRQHandler                           ./Core/Startup/startup_stm32f767zitx.o
DMA2_Stream2_IRQHandler                           ./Core/Startup/startup_stm32f767zitx.o
DMA2_Stream3_IRQHandler                           ./Core/Startup/startup_stm32f767zitx.o
DMA2_Stream4_IRQHandler                           ./Core/Startup/startup_stm32f767zitx.o
DMA2_Stream5_IRQHandler                           ./Core/Startup/startup_stm32f767zitx.o
DMA2_Stream6_IRQHandler                           ./Core/Startup/startup_stm32f767zitx.o
DMA2_Stream7_IRQHandler                           ./Core/Startup/startup_stm32f767zitx.o
DMARxDscrTab                                      ./Core/Src/mcore_eth.o
DMATxDscrTab                                      ./Core/Src/mcore_eth.o
DebugMon_Handler                                  ./Core/Src/stm32f7xx_it.o
Default_Handler                                   ./Core/Startup/startup_stm32f767zitx.o
ETH_IRQHandler                                    ./Core/Src/mcore_eth.o
ETH_Init()                                        ./Core/Src/mcore_eth.o
                                                  ./Core/Src/main.o
ETH_RxDescInit()                                  ./Core/Src/mcore_eth.o
ETH_RxWorker()                                    ./Core/Src/mcore_eth.o
                                                  ./Core/Src/main.o
ETH_SendFrame(unsigned long)                      ./Core/Src/mcore_eth.o
                                                  ./Core/Src/mcore_tcp.o
                                                  ./Core/Src/mcore_net.o
ETH_TxDescInit()                                  ./Core/Src/mcore_eth.o
ETH_WKUP_IRQHandler                               ./Core/Startup/startup_stm32f767zitx.o
EXTI0_IRQHandler                                  ./Core/Startup/startup_stm32f767zitx.o
EXTI15_10_IRQHandler                              ./Core/Startup/startup_stm32f767zitx.o
EXTI1_IRQHandler                                  ./Core/Startup/startup_stm32f767zitx.o
EXTI2_IRQHandler                                  ./Core/Startup/startup_stm32f767zitx.o
EXTI3_IRQHandler                                  ./Core/Startup/startup_stm32f767zitx.o
EXTI4_IRQHandler                                  ./Core/Startup/startup_stm32f767zitx.o
EXTI9_5_IRQHandler                                ./Core/Startup/startup_stm32f767zitx.o
Error_Handler()                                   ./Core/Src/main.o
FLASH_IRQHandler                                  ./Core/Startup/startup_stm32f767zitx.o
FMC_IRQHandler                                    ./Core/Startup/startup_stm32f767zitx.o
FPU_IRQHandler                                    ./Core/Startup/startup_stm32f767zitx.o
GPIO::GPIO_ConfigGroupPin(GPIO::GPIO_Config, unsigned long) ./Core/Src/mcore_gpio.o
                                                  ./Core/Src/main.o
GPIO::GPIO_ConfigPin(GPIO::GPIO_Config, unsigned char) ./Core/Src/mcore_gpio.o
                                                  ./Core/Src/main.o
GPIO_Init()                                       ./Core/Src/main.o
HardFault_Handler                                 ./Core/Src/stm32f7xx_it.o
I2C1_ER_IRQHandler                                ./Core/Startup/startup_stm32f767zitx.o
I2C1_EV_IRQHandler                                ./Core/Startup/startup_stm32f767zitx.o
I2C2_ER_IRQHandler                                ./Core/Startup/startup_stm32f767zitx.o
I2C2_EV_IRQHandler                                ./Core/Startup/startup_stm32f767zitx.o
I2C3_ER_IRQHandler                                ./Core/Startup/startup_stm32f767zitx.o
I2C3_EV_IRQHandler                                ./Core/Startup/startup_stm32f767zitx.o
I2C4_ER_IRQHandler                                ./Core/Startup/startup_stm32f767zitx.o
I2C4_EV_IRQHandler                                ./Core/Startup/startup_stm32f767zitx.o
IP_ADDR                                           ./Core/Src/mcore_net.o
                                                  ./Core/Src/mcore_tcp.o
JPEG_IRQHandler                                   ./Core/Startup/startup_stm32f767zitx.o
LPTIM1_IRQHandler                                 ./Core/Startup/startup_stm32f767zitx.o
LTDC_ER_IRQHandler                                ./Core/Startup/startup_stm32f767zitx.o
LTDC_IRQHandler                                   ./Core/Startup/startup_stm32f767zitx.o
MAC_ADDR                                          ./Core/Src/mcore_net.o
                                                  ./Core/Src/mcore_tcp.o
MDIOS_IRQHandler                                  ./Core/Startup/startup_stm32f767zitx.o
MPU_Config()                                      ./Core/Src/mcore_mpu.o
                                                  ./Core/Src/main.o
MemManage_Handler                                 ./Core/Src/stm32f7xx_it.o
NET_ProcessARP(ipv4_frame*)                       ./Core/Src/mcore_net.o
NET_ProcessICMP(ipv4_frame*)                      ./Core/Src/mcore_net.o
NET_ProcessRx(ETH_RxDescListStruct*, ETH_TxDescListStruct*) ./Core/Src/mcore_net.o
                                                  ./Core/Src/mcore_eth.o
NET_ProcessTCP(ipv4_frame*)                       ./Core/Src/mcore_tcp.o
                                                  ./Core/Src/mcore_net.o
NET_ProcessUDP(ipv4_frame*)                       ./Core/Src/mcore_net.o
NET_SendICMP_Unreachable(ipv4_frame*)             ./Core/Src/mcore_net.o
NET_SendRetransmitTCP(tcp_conn_t*)                ./Core/Src/mcore_tcp.o
NET_SendTCP(tcp_conn_t*, unsigned long, unsigned long, unsigned char, unsigned char, unsigned char const*, unsigned short) ./Core/Src/mcore_tcp.o
NET_SendTCP_RST(ipv4_frame*, unsigned short, unsigned short, unsigned long, unsigned long, unsigned char) ./Core/Src/mcore_tcp.o
NET_SendUDP(UDP_SendFrameStruct)                  ./Core/Src/mcore_net.o
NET_TCP_ClientAdd()                               ./Core/Src/mcore_tcp.o
NET_TCP_ClientRemove(unsigned char)               ./Core/Src/mcore_tcp.o
NET_TCP_Close(tcp_conn_t*)                        ./Core/Src/mcore_tcp.o
NET_TCP_Init()                                    ./Core/Src/mcore_tcp.o
                                                  ./Core/Src/main.o
NET_TCP_SendUser(tcp_conn_t*, unsigned char const*, unsigned short) ./Core/Src/mcore_tcp.o
                                                  ./Core/Src/main.o
NET_TCP_Timers()                                  ./Core/Src/mcore_tcp.o
                                                  ./Core/Src/mcore_eth.o
NMI_Handler                                       ./Core/Src/stm32f7xx_it.o
OTG_FS_IRQHandler                                 ./Core/Startup/startup_stm32f767zitx.o
OTG_FS_WKUP_IRQHandler                            ./Core/Startup/startup_stm32f767zitx.o
OTG_HS_EP1_IN_IRQHandler                          ./Core/Startup/startup_stm32f767zitx.o
OTG_HS_EP1_OUT_IRQHandler                         ./Core/Startup/startup_stm32f767zitx.o
OTG_HS_IRQHandler                                 ./Core/Startup/startup_stm32f767zitx.o
OTG_HS_WKUP_IRQHandler                            ./Core/Startup/startup_stm32f767zitx.o
PHY_Init()                                        ./Core/Src/mcore_eth.o
PHY_Read(unsigned long, unsigned long, unsigned long*) ./Core/Src/mcore_eth.o
PHY_SetMDIOClock()                                ./Core/Src/mcore_eth.o
PHY_Write(unsigned long, unsigned long, unsigned long) ./Core/Src/mcore_eth.o
PVD_IRQHandler                                    ./Core/Startup/startup_stm32f767zitx.o
PendSV_Handler                                    ./Core/Src/stm32f7xx_it.o
QUADSPI_IRQHandler                                ./Core/Startup/startup_stm32f767zitx.o
RCCInit(ClockConfig const&)                       ./Core/Src/mcore_rcc.o
                                                  ./Core/Src/main.o
RCC_IRQHandler                                    ./Core/Startup/startup_stm32f767zitx.o
RNG_IRQHandler                                    ./Core/Startup/startup_stm32f767zitx.o
RTC_Alarm_IRQHandler                              ./Core/Startup/startup_stm32f767zitx.o
RTC_WKUP_IRQHandler                               ./Core/Startup/startup_stm32f767zitx.o
RccCfg                                            ./Core/Src/main.o
Reset_Handler                                     ./Core/Startup/startup_stm32f767zitx.o
RxDescList                                        ./Core/Src/mcore_eth.o
Rx_Buff                                           ./Core/Src/mcore_eth.o
SAI1_IRQHandler                                   ./Core/Startup/startup_stm32f767zitx.o
SAI2_IRQHandler                                   ./Core/Startup/startup_stm32f767zitx.o
SDMMC1_IRQHandler                                 ./Core/Startup/startup_stm32f767zitx.o
SDMMC2_IRQHandler                                 ./Core/Startup/startup_stm32f767zitx.o
SPDIF_RX_IRQHandler                               ./Core/Startup/startup_stm32f767zitx.o
SPI1_IRQHandler                                   ./Core/Startup/startup_stm32f767zitx.o
SPI2_IRQHandler                                   ./Core/Startup/startup_stm32f767zitx.o
SPI3_IRQHandler                                   ./Core/Startup/startup_stm32f767zitx.o
SPI4_IRQHandler                                   ./Core/Startup/startup_stm32f767zitx.o
SPI5_IRQHandler                                   ./Core/Startup/startup_stm32f767zitx.o
SPI6_IRQHandler                                   ./Core/Startup/startup_stm32f767zitx.o
SVC_Handler                                       ./Core/Src/stm32f7xx_it.o
SysTick_Handler                                   ./Core/Src/mcore_system.o
SystemCoreClock                                   ./Core/Src/system_stm32f7xx.o
                                                  ./Core/Src/mcore_rcc.o
                                                  ./Core/Src/mcore_eth.o
SystemCoreClockUpdate                             ./Core/Src/system_stm32f7xx.o
                                                  ./Core/Src/mcore_rcc.o
SystemInit                                        ./Core/Src/system_stm32f7xx.o
                                                  ./Core/Startup/startup_stm32f767zitx.o
TAMP_STAMP_IRQHandler                             ./Core/Startup/startup_stm32f767zitx.o
TCPsendFrameTemplate                              ./Core/Src/mcore_tcp.o
TIM1_BRK_TIM9_IRQHandler                          ./Core/Startup/startup_stm32f767zitx.o
TIM1_CC_IRQHandler                                ./Core/Startup/startup_stm32f767zitx.o
TIM1_TRG_COM_TIM11_IRQHandler                     ./Core/Startup/startup_stm32f767zitx.o
TIM1_UP_TIM10_IRQHandler                          ./Core/Startup/startup_stm32f767zitx.o
TIM2_IRQHandler                                   ./Core/Src/main.o
TIM2_Init()                                       ./Core/Src/main.o
TIM3_IRQHandler                                   ./Core/Src/main.o
TIM3_Init()                                       ./Core/Src/main.o
TIM4_IRQHandler                                   ./Core/Startup/startup_stm32f767zitx.o
TIM5_IRQHandler                                   ./Core/Startup/startup_stm32f767zitx.o
TIM6_DAC_IRQHandler                               ./Core/Startup/startup_stm32f767zitx.o
TIM7_IRQHandler                                   ./Core/Startup/startup_stm32f767zitx.o
TIM8_BRK_TIM12_IRQHandler                         ./Core/Startup/startup_stm32f767zitx.o
TIM8_CC_IRQHandler                                ./Core/Startup/startup_stm32f767zitx.o
TIM8_TRG_COM_TIM14_IRQHandler                     ./Core/Startup/startup_stm32f767zitx.o
TIM8_UP_TIM13_IRQHandler                          ./Core/Startup/startup_stm32f767zitx.o
TxDescList                                        ./Core/Src/mcore_eth.o
                                                  ./Core/Src/mcore_tcp.o
                                                  ./Core/Src/mcore_net.o
Tx_Buff                                           ./Core/Src/mcore_eth.o
UART4_IRQHandler                                  ./Core/Startup/startup_stm32f767zitx.o
UART5_IRQHandler                                  ./Core/Startup/startup_stm32f767zitx.o
UART7_IRQHandler                                  ./Core/Startup/startup_stm32f767zitx.o
UART8_IRQHandler                                  ./Core/Startup/startup_stm32f767zitx.o
UDPframe                                          ./Core/Src/main.o
UDPsendFrameTemplate                              ./Core/Src/mcore_net.o
USART1_IRQHandler                                 ./Core/Startup/startup_stm32f767zitx.o
USART2_IRQHandler                                 ./Core/Startup/startup_stm32f767zitx.o
USART3_IRQHandler                                 ./Core/Startup/startup_stm32f767zitx.o
USART6_IRQHandler                                 ./Core/Startup/startup_stm32f767zitx.o
UsageFault_Handler                                ./Core/Src/stm32f7xx_it.o
WWDG_IRQHandler                                   ./Core/Startup/startup_stm32f767zitx.o
_Min_Stack_Size                                   ./Core/Src/sysmem.o
_Unwind_Backtrace                                 C:/ST/STM32CubeIDE_1.16.0/STM32CubeIDE/plugins/com.st.stm32cube.ide.mcu.externaltools.gnu-tools-for-stm32.13.3.rel1.win32_1.0.0.202411081344/tools/bin/../lib/gcc/arm-none-eabi/13.3.1/thumb/v7e-m+dp/hard\libgcc.a(libunwind.o)
_Unwind_Complete                                  C:/ST/STM32CubeIDE_1.16.0/STM32CubeIDE/plugins/com.st.stm32cube.ide.mcu.externaltools.gnu-tools-for-stm32.13.3.rel1.win32_1.0.0.202411081344/tools/bin/../lib/gcc/arm-none-eabi/13.3.1/thumb/v7e-m+dp/hard\libgcc.a(unwind-arm.o)
_Unwind_DeleteException                           C:/ST/STM32CubeIDE_1.16.0/STM32CubeIDE/plugins/com.st.stm32cube.ide.mcu.externaltools.gnu-tools-for-stm32.13.3.rel1.win32_1.0.0.202411081344/tools/bin/../lib/gcc/arm-none-eabi/13.3.1/thumb/v7e-m+dp/hard\libgcc.a(unwind-arm.o)
_Unwind_ForcedUnwind                              C:/ST/STM32CubeIDE_1.16.0/STM32CubeIDE/plugins/com.st.stm32cube.ide.mcu.externaltools.gnu-tools-for-stm32.13.3.rel1.win32_1.0.0.202411081344/tools/bin/../lib/gcc/arm-none-eabi/13.3.1/thumb/v7e-m+dp/hard\libgcc.a(libunwind.o)
_Unwind_GetCFA                                    C:/ST/STM32CubeIDE_1.16.0/STM32CubeIDE/plugins/com.st.stm32cube.ide.mcu.externaltools.gnu-tools-for-stm32.13.3.rel1.win32_1.0.0.202411081344/tools/bin/../lib/gcc/arm-none-eabi/13.3.1/thumb/v7e-m+dp/hard\libgcc.a(unwind-arm.o)
_Unwind_GetDataRelBase                            C:/ST/STM32CubeIDE_1.16.0/STM32CubeIDE/plugins/com.st.stm32cube.ide.mcu.externaltools.gnu-tools-for-stm32.13.3.rel1.win32_1.0.0.202411081344/tools/bin/../lib/gcc/arm-none-eabi/13.3.1/thumb/v7e-m+dp/hard\libgcc.a(pr-support.o)
_Unwind_GetLanguageSpecificData                   C:/ST/STM32CubeIDE_1.16.0/STM32CubeIDE/plugins/com.st.stm32cube.ide.mcu.externaltools.gnu-tools-for-stm32.13.3.rel1.win32_1.0.0.202411081344/tools/bin/../lib/gcc/arm-none-eabi/13.3.1/thumb/v7e-m+dp/hard\libgcc.a(pr-support.o)
_Unwind_GetRegionStart                            C:/ST/STM32CubeIDE_1.16.0/STM32CubeIDE/plugins/com.st.stm32cube.ide.mcu.externaltools.gnu-tools-for-stm32.13.3.rel1.win32_1.0.0.202411081344/tools/bin/../lib/gcc/arm-none-eabi/13.3.1/thumb/v7e-m+dp/hard\libgcc.a(pr-support.o)
_Unwind_GetTextRelBase                            C:/ST/STM32CubeIDE_1.16.0/STM32CubeIDE/plugins/com.st.stm32cube.ide.mcu.externaltools.gnu-tools-for-stm32.13.3.rel1.win32_1.0.0.202411081344/tools/bin/../lib/gcc/arm-none-eabi/13.3.1/thumb/v7e-m+dp/hard\libgcc.a(pr-support.o)
_Unwind_RaiseException                            C:/ST/STM32CubeIDE_1.16.0/STM32CubeIDE/plugins/com.st.stm32cube.ide.mcu.externaltools.gnu-tools-for-stm32.13.3.rel1.win32_1.0.0.202411081344/tools/bin/../lib/gcc/arm-none-eabi/13.3.1/thumb/v7e-m+dp/hard\libgcc.a(libunwind.o)
_Unwind_Resume                                    C:/ST/STM32CubeIDE_1.16.0/STM32CubeIDE/plugins/com.st.stm32cube.ide.mcu.externaltools.gnu-tools-for-stm32.13.3.rel1.win32_1.0.0.202411081344/tools/bin/../lib/gcc/arm-none-eabi/13.3.1/thumb/v7e-m+dp/hard\libgcc.a(libunwind.o)
_Unwind_Resume_or_Rethrow                         C:/ST/STM32CubeIDE_1.16.0/STM32CubeIDE/plugins/com.st.stm32cube.ide.mcu.externaltools.gnu-tools-for-stm32.13.3.rel1.win32_1.0.0.202411081344/tools/bin/../lib/gcc/arm-none-eabi/13.3.1/thumb/v7e-m+dp/hard\libgcc.a(libunwind.o)
_Unwind_VRS_Get                                   C:/ST/STM32CubeIDE_1.16.0/STM32CubeIDE/plugins/com.st.stm32cube.ide.mcu.externaltools.gnu-tools-for-stm32.13.3.rel1.win32_1.0.0.202411081344/tools/bin/../lib/gcc/arm-none-eabi/13.3.1/thumb/v7e-m+dp/hard\libgcc.a(unwind-arm.o)
                                                  C:/ST/STM32CubeIDE_1.16.0/STM32CubeIDE/plugins/com.st.stm32cube.ide.mcu.externaltools.gnu-tools-for-stm32.13.3.rel1.win32_1.0.0.202411081344/tools/bin/../lib/gcc/arm-none-eabi/13.3.1/thumb/v7e-m+dp/hard\libgcc.a(pr-support.o)
_Unwind_VRS_Pop                                   C:/ST/STM32CubeIDE_1.16.0/STM32CubeIDE/plugins/com.st.stm32cube.ide.mcu.externaltools.gnu-tools-for-stm32.13.3.rel1.win32_1.0.0.202411081344/tools/bin/../lib/gcc/arm-none-eabi/13.3.1/thumb/v7e-m+dp/hard\libgcc.a(unwind-arm.o)
                                                  C:/ST/STM32CubeIDE_1.16.0/STM32CubeIDE/plugins/com.st.stm32cube.ide.mcu.externaltools.gnu-tools-for-stm32.13.3.rel1.win32_1.0.0.202411081344/tools/bin/../lib/gcc/arm-none-eabi/13.3.1/thumb/v7e-m+dp/hard\libgcc.a(pr-support.o)
_Unwind_VRS_Set                                   C:/ST/STM32CubeIDE_1.16.0/STM32CubeIDE/plugins/com.st.stm32cube.ide.mcu.externaltools.gnu-tools-for-stm32.13.3.rel1.win32_1.0.0.202411081344/tools/bin/../lib/gcc/arm-none-eabi/13.3.1/thumb/v7e-m+dp/hard\libgcc.a(unwind-arm.o)
                                                  C:/ST/STM32CubeIDE_1.16.0/STM32CubeIDE/plugins/com.st.stm32cube.ide.mcu.externaltools.gnu-tools-for-stm32.13.3.rel1.win32_1.0.0.202411081344/tools/bin/../lib/gcc/arm-none-eabi/13.3.1/thumb/v7e-m+dp/hard\libgcc.a(pr-support.o)
___Unwind_Backtrace                               C:/ST/STM32CubeIDE_1.16.0/STM32CubeIDE/plugins/com.st.stm32cube.ide.mcu.externaltools.gnu-tools-for-stm32.13.3.rel1.win32_1.0.0.202411081344/tools/bin/../lib/gcc/arm-none-eabi/13.3.1/thumb/v7e-m+dp/hard\libgcc.a(libunwind.o)
___Unwind_ForcedUnwind                            C:/ST/STM32CubeIDE_1.16.0/STM32CubeIDE/plugins/com.st.stm32cube.ide.mcu.externaltools.gnu-tools-for-stm32.13.3.rel1.win32_1.0.0.202411081344/tools/bin/../lib/gcc/arm-none-eabi/13.3.1/thumb/v7e-m+dp/hard\libgcc.a(libunwind.o)
___Unwind_RaiseException                          C:/ST/STM32CubeIDE_1.16.0/STM32CubeIDE/plugins/com.st.stm32cube.ide.mcu.externaltools.gnu-tools-for-stm32.13.3.rel1.win32_1.0.0.202411081344/tools/bin/../lib/gcc/arm-none-eabi/13.3.1/thumb/v7e-m+dp/hard\libgcc.a(libunwind.o)
___Unwind_Resume                                  C:/ST/STM32CubeIDE_1.16.0/STM32CubeIDE/plugins/com.st.stm32cube.ide.mcu.externaltools.gnu-tools-for-stm32.13.3.rel1.win32_1.0.0.202411081344/tools/bin/../lib/gcc/arm-none-eabi/13.3.1/thumb/v7e-m+dp/hard\libgcc.a(libunwind.o)
___Unwind_Resume_or_Rethrow                       C:/ST/STM32CubeIDE_1.16.0/STM32CubeIDE/plugins/com.st.stm32cube.ide.mcu.externaltools.gnu-tools-for-stm32.13.3.rel1.win32_1.0.0.202411081344/tools/bin/../lib/gcc/arm-none-eabi/13.3.1/thumb/v7e-m+dp/hard\libgcc.a(libunwind.o)