C:/Users/doomt/Desktop/mcore/Drivers/CMSIS/Include/core_cm7.h:2229:22:void SCB_EnableICache()	0	static,ignoring_inline_asm
C:/Users/doomt/Desktop/mcore/Drivers/CMSIS/Include/core_cm7.h:2281:22:void SCB_EnableDCache()	4	static,ignoring_inline_asm
../Core/Src/main.cpp:82:17:void TIM2_IRQHandler()	0	static
../Core/Src/main.cpp:116:17:void TIM3_IRQHandler()	0	static
../Core/Src/main.cpp:180:6:void TIM2_Init()	0	static
../Core/Src/main.cpp:240:6:void TIM3_Init()	0	static
../Core/Src/main.cpp:340:6:void GPIO_Init()	48	static
../Core/Src/main.cpp:405:6:void Error_Handler()	0	static
../Core/Src/main.cpp:50:5:int main()	8	static,ignoring_inline_asm
