Archive member included to satisfy reference by file (symbol)

C:/Users/AkimovMA/scoop/apps/gcc-arm-none-eabi/current/bin/../lib/gcc/arm-none-eabi/14.3.1/../../../../arm-none-eabi/lib/thumb/v7e-m+dp/hard\libc_nano.a(libc_a-exit.o)
                              C:/Users/AkimovMA/scoop/apps/gcc-arm-none-eabi/current/bin/../lib/gcc/arm-none-eabi/14.3.1/../../../../arm-none-eabi/lib/thumb/v7e-m+dp/hard/crt0.o (exit)
C:/Users/AkimovMA/scoop/apps/gcc-arm-none-eabi/current/bin/../lib/gcc/arm-none-eabi/14.3.1/../../../../arm-none-eabi/lib/thumb/v7e-m+dp/hard\libc_nano.a(libc_a-findfp.o)
                              C:/Users/AkimovMA/scoop/apps/gcc-arm-none-eabi/current/bin/../lib/gcc/arm-none-eabi/14.3.1/../../../../arm-none-eabi/lib/thumb/v7e-m+dp/hard\libc_nano.a(libc_a-exit.o) (__stdio_exit_handler)
C:/Users/AkimovMA/scoop/apps/gcc-arm-none-eabi/current/bin/../lib/gcc/arm-none-eabi/14.3.1/../../../../arm-none-eabi/lib/thumb/v7e-m+dp/hard\libc_nano.a(libc_a-fwalk.o)
                              C:/Users/AkimovMA/scoop/apps/gcc-arm-none-eabi/current/bin/../lib/gcc/arm-none-eabi/14.3.1/../../../../arm-none-eabi/lib/thumb/v7e-m+dp/hard\libc_nano.a(libc_a-findfp.o) (_fwalk_sglue)
C:/Users/AkimovMA/scoop/apps/gcc-arm-none-eabi/current/bin/../lib/gcc/arm-none-eabi/14.3.1/../../../../arm-none-eabi/lib/thumb/v7e-m+dp/hard\libc_nano.a(libc_a-stdio.o)
                              C:/Users/AkimovMA/scoop/apps/gcc-arm-none-eabi/current/bin/../lib/gcc/arm-none-eabi/14.3.1/../../../../arm-none-eabi/lib/thumb/v7e-m+dp/hard\libc_nano.a(libc_a-findfp.o) (__sread)
C:/Users/AkimovMA/scoop/apps/gcc-arm-none-eabi/current/bin/../lib/gcc/arm-none-eabi/14.3.1/../../../../arm-none-eabi/lib/thumb/v7e-m+dp/hard\libc_nano.a(libc_a-memset.o)
                              C:/Users/AkimovMA/scoop/apps/gcc-arm-none-eabi/current/bin/../lib/gcc/arm-none-eabi/14.3.1/../../../../arm-none-eabi/lib/thumb/v7e-m+dp/hard/crt0.o (memset)
C:/Users/AkimovMA/scoop/apps/gcc-arm-none-eabi/current/bin/../lib/gcc/arm-none-eabi/14.3.1/../../../../arm-none-eabi/lib/thumb/v7e-m+dp/hard\libc_nano.a(libc_a-closer.o)
                              C:/Users/AkimovMA/scoop/apps/gcc-arm-none-eabi/current/bin/../lib/gcc/arm-none-eabi/14.3.1/../../../../arm-none-eabi/lib/thumb/v7e-m+dp/hard\libc_nano.a(libc_a-stdio.o) (_close_r)
C:/Users/AkimovMA/scoop/apps/gcc-arm-none-eabi/current/bin/../lib/gcc/arm-none-eabi/14.3.1/../../../../arm-none-eabi/lib/thumb/v7e-m+dp/hard\libc_nano.a(libc_a-reent.o)
                              C:/Users/AkimovMA/scoop/apps/gcc-arm-none-eabi/current/bin/../lib/gcc/arm-none-eabi/14.3.1/../../../../arm-none-eabi/lib/thumb/v7e-m+dp/hard\libc_nano.a(libc_a-closer.o) (errno)
C:/Users/AkimovMA/scoop/apps/gcc-arm-none-eabi/current/bin/../lib/gcc/arm-none-eabi/14.3.1/../../../../arm-none-eabi/lib/thumb/v7e-m+dp/hard\libc_nano.a(libc_a-impure.o)
                              C:/Users/AkimovMA/scoop/apps/gcc-arm-none-eabi/current/bin/../lib/gcc/arm-none-eabi/14.3.1/../../../../arm-none-eabi/lib/thumb/v7e-m+dp/hard\libc_nano.a(libc_a-reent.o) (_impure_ptr)
C:/Users/AkimovMA/scoop/apps/gcc-arm-none-eabi/current/bin/../lib/gcc/arm-none-eabi/14.3.1/../../../../arm-none-eabi/lib/thumb/v7e-m+dp/hard\libc_nano.a(libc_a-lseekr.o)
                              C:/Users/AkimovMA/scoop/apps/gcc-arm-none-eabi/current/bin/../lib/gcc/arm-none-eabi/14.3.1/../../../../arm-none-eabi/lib/thumb/v7e-m+dp/hard\libc_nano.a(libc_a-stdio.o) (_lseek_r)
C:/Users/AkimovMA/scoop/apps/gcc-arm-none-eabi/current/bin/../lib/gcc/arm-none-eabi/14.3.1/../../../../arm-none-eabi/lib/thumb/v7e-m+dp/hard\libc_nano.a(libc_a-readr.o)
                              C:/Users/AkimovMA/scoop/apps/gcc-arm-none-eabi/current/bin/../lib/gcc/arm-none-eabi/14.3.1/../../../../arm-none-eabi/lib/thumb/v7e-m+dp/hard\libc_nano.a(libc_a-stdio.o) (_read_r)
C:/Users/AkimovMA/scoop/apps/gcc-arm-none-eabi/current/bin/../lib/gcc/arm-none-eabi/14.3.1/../../../../arm-none-eabi/lib/thumb/v7e-m+dp/hard\libc_nano.a(libc_a-writer.o)
                              C:/Users/AkimovMA/scoop/apps/gcc-arm-none-eabi/current/bin/../lib/gcc/arm-none-eabi/14.3.1/../../../../arm-none-eabi/lib/thumb/v7e-m+dp/hard\libc_nano.a(libc_a-stdio.o) (_write_r)
C:/Users/AkimovMA/scoop/apps/gcc-arm-none-eabi/current/bin/../lib/gcc/arm-none-eabi/14.3.1/../../../../arm-none-eabi/lib/thumb/v7e-m+dp/hard\libc_nano.a(libc_a-init.o)
                              C:/Users/AkimovMA/scoop/apps/gcc-arm-none-eabi/current/bin/../lib/gcc/arm-none-eabi/14.3.1/../../../../arm-none-eabi/lib/thumb/v7e-m+dp/hard/crt0.o (__libc_init_array)
C:/Users/AkimovMA/scoop/apps/gcc-arm-none-eabi/current/bin/../lib/gcc/arm-none-eabi/14.3.1/../../../../arm-none-eabi/lib/thumb/v7e-m+dp/hard\libc_nano.a(libc_a-lock.o)
                              C:/Users/AkimovMA/scoop/apps/gcc-arm-none-eabi/current/bin/../lib/gcc/arm-none-eabi/14.3.1/../../../../arm-none-eabi/lib/thumb/v7e-m+dp/hard\libc_nano.a(libc_a-findfp.o) (__retarget_lock_init_recursive)
C:/Users/AkimovMA/scoop/apps/gcc-arm-none-eabi/current/bin/../lib/gcc/arm-none-eabi/14.3.1/../../../../arm-none-eabi/lib/thumb/v7e-m+dp/hard\libc_nano.a(libc_a-freer.o)
                              C:/Users/AkimovMA/scoop/apps/gcc-arm-none-eabi/current/bin/../lib/gcc/arm-none-eabi/14.3.1/../../../../arm-none-eabi/lib/thumb/v7e-m+dp/hard\libc_nano.a(libc_a-reent.o) (_free_r)
C:/Users/AkimovMA/scoop/apps/gcc-arm-none-eabi/current/bin/../lib/gcc/arm-none-eabi/14.3.1/../../../../arm-none-eabi/lib/thumb/v7e-m+dp/hard\libc_nano.a(libc_a-mallocr.o)
                              C:/Users/AkimovMA/scoop/apps/gcc-arm-none-eabi/current/bin/../lib/gcc/arm-none-eabi/14.3.1/../../../../arm-none-eabi/lib/thumb/v7e-m+dp/hard\libc_nano.a(libc_a-findfp.o) (_malloc_r)
C:/Users/AkimovMA/scoop/apps/gcc-arm-none-eabi/current/bin/../lib/gcc/arm-none-eabi/14.3.1/../../../../arm-none-eabi/lib/thumb/v7e-m+dp/hard\libc_nano.a(libc_a-mlock.o)
                              C:/Users/AkimovMA/scoop/apps/gcc-arm-none-eabi/current/bin/../lib/gcc/arm-none-eabi/14.3.1/../../../../arm-none-eabi/lib/thumb/v7e-m+dp/hard\libc_nano.a(libc_a-freer.o) (__malloc_lock)
C:/Users/AkimovMA/scoop/apps/gcc-arm-none-eabi/current/bin/../lib/gcc/arm-none-eabi/14.3.1/../../../../arm-none-eabi/lib/thumb/v7e-m+dp/hard\libc_nano.a(libc_a-fflush.o)
                              C:/Users/AkimovMA/scoop/apps/gcc-arm-none-eabi/current/bin/../lib/gcc/arm-none-eabi/14.3.1/../../../../arm-none-eabi/lib/thumb/v7e-m+dp/hard\libc_nano.a(libc_a-findfp.o) (_fflush_r)
C:/Users/AkimovMA/scoop/apps/gcc-arm-none-eabi/current/bin/../lib/gcc/arm-none-eabi/14.3.1/../../../../arm-none-eabi/lib/thumb/v7e-m+dp/hard\libc_nano.a(libc_a-sbrkr.o)
                              C:/Users/AkimovMA/scoop/apps/gcc-arm-none-eabi/current/bin/../lib/gcc/arm-none-eabi/14.3.1/../../../../arm-none-eabi/lib/thumb/v7e-m+dp/hard\libc_nano.a(libc_a-mallocr.o) (_sbrk_r)

Discarded input sections

 .text          0x00000000        0x0 C:/Users/AkimovMA/scoop/apps/gcc-arm-none-eabi/current/bin/../lib/gcc/arm-none-eabi/14.3.1/thumb/v7e-m+dp/hard/crti.o
 .data          0x00000000        0x0 C:/Users/AkimovMA/scoop/apps/gcc-arm-none-eabi/current/bin/../lib/gcc/arm-none-eabi/14.3.1/thumb/v7e-m+dp/hard/crti.o
 .bss           0x00000000        0x0 C:/Users/AkimovMA/scoop/apps/gcc-arm-none-eabi/current/bin/../lib/gcc/arm-none-eabi/14.3.1/thumb/v7e-m+dp/hard/crti.o
 .text          0x00000000        0x0 C:/Users/AkimovMA/scoop/apps/gcc-arm-none-eabi/current/bin/../lib/gcc/arm-none-eabi/14.3.1/thumb/v7e-m+dp/hard/crtbegin.o
 .data          0x00000000        0x0 C:/Users/AkimovMA/scoop/apps/gcc-arm-none-eabi/current/bin/../lib/gcc/arm-none-eabi/14.3.1/thumb/v7e-m+dp/hard/crtbegin.o
 .bss           0x00000000        0x0 C:/Users/AkimovMA/scoop/apps/gcc-arm-none-eabi/current/bin/../lib/gcc/arm-none-eabi/14.3.1/thumb/v7e-m+dp/hard/crtbegin.o
 .rodata.all_implied_fbits
                0x00000000       0x24 C:/Users/AkimovMA/scoop/apps/gcc-arm-none-eabi/current/bin/../lib/gcc/arm-none-eabi/14.3.1/thumb/v7e-m+dp/hard/crtbegin.o
 .data.__dso_handle
                0x00000000        0x4 C:/Users/AkimovMA/scoop/apps/gcc-arm-none-eabi/current/bin/../lib/gcc/arm-none-eabi/14.3.1/thumb/v7e-m+dp/hard/crtbegin.o
 .text          0x00000000       0x7c C:/Users/AkimovMA/scoop/apps/gcc-arm-none-eabi/current/bin/../lib/gcc/arm-none-eabi/14.3.1/../../../../arm-none-eabi/lib/thumb/v7e-m+dp/hard/crt0.o
 .data          0x00000000        0x0 C:/Users/AkimovMA/scoop/apps/gcc-arm-none-eabi/current/bin/../lib/gcc/arm-none-eabi/14.3.1/../../../../arm-none-eabi/lib/thumb/v7e-m+dp/hard/crt0.o
 .bss           0x00000000        0x0 C:/Users/AkimovMA/scoop/apps/gcc-arm-none-eabi/current/bin/../lib/gcc/arm-none-eabi/14.3.1/../../../../arm-none-eabi/lib/thumb/v7e-m+dp/hard/crt0.o
 .ARM.extab     0x00000000        0x0 C:/Users/AkimovMA/scoop/apps/gcc-arm-none-eabi/current/bin/../lib/gcc/arm-none-eabi/14.3.1/../../../../arm-none-eabi/lib/thumb/v7e-m+dp/hard/crt0.o
 .ARM.exidx     0x00000000       0x10 C:/Users/AkimovMA/scoop/apps/gcc-arm-none-eabi/current/bin/../lib/gcc/arm-none-eabi/14.3.1/../../../../arm-none-eabi/lib/thumb/v7e-m+dp/hard/crt0.o
 .debug_line_str
                0x00000000       0xd6 C:/Users/AkimovMA/scoop/apps/gcc-arm-none-eabi/current/bin/../lib/gcc/arm-none-eabi/14.3.1/../../../../arm-none-eabi/lib/thumb/v7e-m+dp/hard/crt0.o
 .ARM.attributes
                0x00000000       0x1e C:/Users/AkimovMA/scoop/apps/gcc-arm-none-eabi/current/bin/../lib/gcc/arm-none-eabi/14.3.1/../../../../arm-none-eabi/lib/thumb/v7e-m+dp/hard/crt0.o
 .text          0x00000000        0x0 CMakeFiles/STM32F767.dir/Core/Src/main.cpp.obj
 .data          0x00000000        0x0 CMakeFiles/STM32F767.dir/Core/Src/main.cpp.obj
 .bss           0x00000000        0x0 CMakeFiles/STM32F767.dir/Core/Src/main.cpp.obj
 .text._Z13Error_Handlerv
                0x00000000        0x2 CMakeFiles/STM32F767.dir/Core/Src/main.cpp.obj
 .text          0x00000000        0x0 CMakeFiles/STM32F767.dir/Core/Src/mcore_mpu.cpp.obj
 .data          0x00000000        0x0 CMakeFiles/STM32F767.dir/Core/Src/mcore_mpu.cpp.obj
 .bss           0x00000000        0x0 CMakeFiles/STM32F767.dir/Core/Src/mcore_mpu.cpp.obj
 .text._Z10MPU_Configv
                0x00000000       0xbc CMakeFiles/STM32F767.dir/Core/Src/mcore_mpu.cpp.obj
 .debug_info    0x00000000     0x2238 CMakeFiles/STM32F767.dir/Core/Src/mcore_mpu.cpp.obj
 .debug_abbrev  0x00000000      0x4c9 CMakeFiles/STM32F767.dir/Core/Src/mcore_mpu.cpp.obj
 .debug_loclists
                0x00000000       0x60 CMakeFiles/STM32F767.dir/Core/Src/mcore_mpu.cpp.obj
 .debug_aranges
                0x00000000       0x20 CMakeFiles/STM32F767.dir/Core/Src/mcore_mpu.cpp.obj
 .debug_rnglists
                0x00000000       0x2c CMakeFiles/STM32F767.dir/Core/Src/mcore_mpu.cpp.obj
 .debug_line    0x00000000      0x5cd CMakeFiles/STM32F767.dir/Core/Src/mcore_mpu.cpp.obj
 .debug_str     0x00000000     0x2ef5 CMakeFiles/STM32F767.dir/Core/Src/mcore_mpu.cpp.obj
 .comment       0x00000000       0x47 CMakeFiles/STM32F767.dir/Core/Src/mcore_mpu.cpp.obj
 .debug_frame   0x00000000       0x20 CMakeFiles/STM32F767.dir/Core/Src/mcore_mpu.cpp.obj
 .ARM.attributes
                0x00000000       0x32 CMakeFiles/STM32F767.dir/Core/Src/mcore_mpu.cpp.obj
 .text          0x00000000        0x0 CMakeFiles/STM32F767.dir/Core/Src/mcore_rcc.cpp.obj
 .data          0x00000000        0x0 CMakeFiles/STM32F767.dir/Core/Src/mcore_rcc.cpp.obj
 .bss           0x00000000        0x0 CMakeFiles/STM32F767.dir/Core/Src/mcore_rcc.cpp.obj
 .debug_line    0x00000000        0x0 CMakeFiles/STM32F767.dir/Core/Src/mcore_rcc.cpp.obj
 .debug_str     0x00000000      0x127 CMakeFiles/STM32F767.dir/Core/Src/mcore_rcc.cpp.obj
 .comment       0x00000000       0x47 CMakeFiles/STM32F767.dir/Core/Src/mcore_rcc.cpp.obj
 .ARM.attributes
                0x00000000       0x32 CMakeFiles/STM32F767.dir/Core/Src/mcore_rcc.cpp.obj
 .text          0x00000000        0x0 CMakeFiles/STM32F767.dir/Core/Src/stm32f7xx_it.c.obj
 .data          0x00000000        0x0 CMakeFiles/STM32F767.dir/Core/Src/stm32f7xx_it.c.obj
 .bss           0x00000000        0x0 CMakeFiles/STM32F767.dir/Core/Src/stm32f7xx_it.c.obj
 .text          0x00000000       0x14 CMakeFiles/STM32F767.dir/Core/Startup/startup_stm32f767zitx.s.obj
 .data          0x00000000        0x0 CMakeFiles/STM32F767.dir/Core/Startup/startup_stm32f767zitx.s.obj
 .bss           0x00000000        0x0 CMakeFiles/STM32F767.dir/Core/Startup/startup_stm32f767zitx.s.obj
 .text          0x00000000        0x0 C:/Users/AkimovMA/scoop/apps/gcc-arm-none-eabi/current/bin/../lib/gcc/arm-none-eabi/14.3.1/../../../../arm-none-eabi/lib/thumb/v7e-m+dp/hard\libc_nano.a(libc_a-exit.o)
 .data          0x00000000        0x0 C:/Users/AkimovMA/scoop/apps/gcc-arm-none-eabi/current/bin/../lib/gcc/arm-none-eabi/14.3.1/../../../../arm-none-eabi/lib/thumb/v7e-m+dp/hard\libc_nano.a(libc_a-exit.o)
 .bss           0x00000000        0x0 C:/Users/AkimovMA/scoop/apps/gcc-arm-none-eabi/current/bin/../lib/gcc/arm-none-eabi/14.3.1/../../../../arm-none-eabi/lib/thumb/v7e-m+dp/hard\libc_nano.a(libc_a-exit.o)
 .text.exit     0x00000000       0x24 C:/Users/AkimovMA/scoop/apps/gcc-arm-none-eabi/current/bin/../lib/gcc/arm-none-eabi/14.3.1/../../../../arm-none-eabi/lib/thumb/v7e-m+dp/hard\libc_nano.a(libc_a-exit.o)
 .debug_frame   0x00000000       0x28 C:/Users/AkimovMA/scoop/apps/gcc-arm-none-eabi/current/bin/../lib/gcc/arm-none-eabi/14.3.1/../../../../arm-none-eabi/lib/thumb/v7e-m+dp/hard\libc_nano.a(libc_a-exit.o)
 .ARM.attributes
                0x00000000       0x32 C:/Users/AkimovMA/scoop/apps/gcc-arm-none-eabi/current/bin/../lib/gcc/arm-none-eabi/14.3.1/../../../../arm-none-eabi/lib/thumb/v7e-m+dp/hard\libc_nano.a(libc_a-exit.o)
 .text          0x00000000        0x0 C:/Users/AkimovMA/scoop/apps/gcc-arm-none-eabi/current/bin/../lib/gcc/arm-none-eabi/14.3.1/../../../../arm-none-eabi/lib/thumb/v7e-m+dp/hard\libc_nano.a(libc_a-findfp.o)
 .data          0x00000000        0x0 C:/Users/AkimovMA/scoop/apps/gcc-arm-none-eabi/current/bin/../lib/gcc/arm-none-eabi/14.3.1/../../../../arm-none-eabi/lib/thumb/v7e-m+dp/hard\libc_nano.a(libc_a-findfp.o)
 .bss           0x00000000        0x0 C:/Users/AkimovMA/scoop/apps/gcc-arm-none-eabi/current/bin/../lib/gcc/arm-none-eabi/14.3.1/../../../../arm-none-eabi/lib/thumb/v7e-m+dp/hard\libc_nano.a(libc_a-findfp.o)
 .text.std      0x00000000       0x6c C:/Users/AkimovMA/scoop/apps/gcc-arm-none-eabi/current/bin/../lib/gcc/arm-none-eabi/14.3.1/../../../../arm-none-eabi/lib/thumb/v7e-m+dp/hard\libc_nano.a(libc_a-findfp.o)
 .text.stdio_exit_handler
                0x00000000       0x18 C:/Users/AkimovMA/scoop/apps/gcc-arm-none-eabi/current/bin/../lib/gcc/arm-none-eabi/14.3.1/../../../../arm-none-eabi/lib/thumb/v7e-m+dp/hard\libc_nano.a(libc_a-findfp.o)
 .text.cleanup_stdio
                0x00000000       0x40 C:/Users/AkimovMA/scoop/apps/gcc-arm-none-eabi/current/bin/../lib/gcc/arm-none-eabi/14.3.1/../../../../arm-none-eabi/lib/thumb/v7e-m+dp/hard\libc_nano.a(libc_a-findfp.o)
 .text.__fp_lock
                0x00000000       0x18 C:/Users/AkimovMA/scoop/apps/gcc-arm-none-eabi/current/bin/../lib/gcc/arm-none-eabi/14.3.1/../../../../arm-none-eabi/lib/thumb/v7e-m+dp/hard\libc_nano.a(libc_a-findfp.o)
 .text.__fp_unlock
                0x00000000       0x18 C:/Users/AkimovMA/scoop/apps/gcc-arm-none-eabi/current/bin/../lib/gcc/arm-none-eabi/14.3.1/../../../../arm-none-eabi/lib/thumb/v7e-m+dp/hard\libc_nano.a(libc_a-findfp.o)
 .text.global_stdio_init.part.0
                0x00000000       0x40 C:/Users/AkimovMA/scoop/apps/gcc-arm-none-eabi/current/bin/../lib/gcc/arm-none-eabi/14.3.1/../../../../arm-none-eabi/lib/thumb/v7e-m+dp/hard\libc_nano.a(libc_a-findfp.o)
 .text.__sfp_lock_acquire
                0x00000000        0xc C:/Users/AkimovMA/scoop/apps/gcc-arm-none-eabi/current/bin/../lib/gcc/arm-none-eabi/14.3.1/../../../../arm-none-eabi/lib/thumb/v7e-m+dp/hard\libc_nano.a(libc_a-findfp.o)
 .text.__sfp_lock_release
                0x00000000        0xc C:/Users/AkimovMA/scoop/apps/gcc-arm-none-eabi/current/bin/../lib/gcc/arm-none-eabi/14.3.1/../../../../arm-none-eabi/lib/thumb/v7e-m+dp/hard\libc_nano.a(libc_a-findfp.o)
 .text.__sfp    0x00000000       0xa4 C:/Users/AkimovMA/scoop/apps/gcc-arm-none-eabi/current/bin/../lib/gcc/arm-none-eabi/14.3.1/../../../../arm-none-eabi/lib/thumb/v7e-m+dp/hard\libc_nano.a(libc_a-findfp.o)
 .text.__sinit  0x00000000       0x30 C:/Users/AkimovMA/scoop/apps/gcc-arm-none-eabi/current/bin/../lib/gcc/arm-none-eabi/14.3.1/../../../../arm-none-eabi/lib/thumb/v7e-m+dp/hard\libc_nano.a(libc_a-findfp.o)
 .text.__fp_lock_all
                0x00000000       0x1c C:/Users/AkimovMA/scoop/apps/gcc-arm-none-eabi/current/bin/../lib/gcc/arm-none-eabi/14.3.1/../../../../arm-none-eabi/lib/thumb/v7e-m+dp/hard\libc_nano.a(libc_a-findfp.o)
 .text.__fp_unlock_all
                0x00000000       0x1c C:/Users/AkimovMA/scoop/apps/gcc-arm-none-eabi/current/bin/../lib/gcc/arm-none-eabi/14.3.1/../../../../arm-none-eabi/lib/thumb/v7e-m+dp/hard\libc_nano.a(libc_a-findfp.o)
 .data.__sglue  0x00000000        0xc C:/Users/AkimovMA/scoop/apps/gcc-arm-none-eabi/current/bin/../lib/gcc/arm-none-eabi/14.3.1/../../../../arm-none-eabi/lib/thumb/v7e-m+dp/hard\libc_nano.a(libc_a-findfp.o)
 .bss.__sf      0x00000000      0x138 C:/Users/AkimovMA/scoop/apps/gcc-arm-none-eabi/current/bin/../lib/gcc/arm-none-eabi/14.3.1/../../../../arm-none-eabi/lib/thumb/v7e-m+dp/hard\libc_nano.a(libc_a-findfp.o)
 .bss.__stdio_exit_handler
                0x00000000        0x4 C:/Users/AkimovMA/scoop/apps/gcc-arm-none-eabi/current/bin/../lib/gcc/arm-none-eabi/14.3.1/../../../../arm-none-eabi/lib/thumb/v7e-m+dp/hard\libc_nano.a(libc_a-findfp.o)
 .debug_frame   0x00000000      0x144 C:/Users/AkimovMA/scoop/apps/gcc-arm-none-eabi/current/bin/../lib/gcc/arm-none-eabi/14.3.1/../../../../arm-none-eabi/lib/thumb/v7e-m+dp/hard\libc_nano.a(libc_a-findfp.o)
 .ARM.attributes
                0x00000000       0x32 C:/Users/AkimovMA/scoop/apps/gcc-arm-none-eabi/current/bin/../lib/gcc/arm-none-eabi/14.3.1/../../../../arm-none-eabi/lib/thumb/v7e-m+dp/hard\libc_nano.a(libc_a-findfp.o)
 .text          0x00000000        0x0 C:/Users/AkimovMA/scoop/apps/gcc-arm-none-eabi/current/bin/../lib/gcc/arm-none-eabi/14.3.1/../../../../arm-none-eabi/lib/thumb/v7e-m+dp/hard\libc_nano.a(libc_a-fwalk.o)
 .data          0x00000000        0x0 C:/Users/AkimovMA/scoop/apps/gcc-arm-none-eabi/current/bin/../lib/gcc/arm-none-eabi/14.3.1/../../../../arm-none-eabi/lib/thumb/v7e-m+dp/hard\libc_nano.a(libc_a-fwalk.o)
 .bss           0x00000000        0x0 C:/Users/AkimovMA/scoop/apps/gcc-arm-none-eabi/current/bin/../lib/gcc/arm-none-eabi/14.3.1/../../../../arm-none-eabi/lib/thumb/v7e-m+dp/hard\libc_nano.a(libc_a-fwalk.o)
 .text._fwalk_sglue
                0x00000000       0x3c C:/Users/AkimovMA/scoop/apps/gcc-arm-none-eabi/current/bin/../lib/gcc/arm-none-eabi/14.3.1/../../../../arm-none-eabi/lib/thumb/v7e-m+dp/hard\libc_nano.a(libc_a-fwalk.o)
 .debug_frame   0x00000000       0x34 C:/Users/AkimovMA/scoop/apps/gcc-arm-none-eabi/current/bin/../lib/gcc/arm-none-eabi/14.3.1/../../../../arm-none-eabi/lib/thumb/v7e-m+dp/hard\libc_nano.a(libc_a-fwalk.o)
 .ARM.attributes
                0x00000000       0x32 C:/Users/AkimovMA/scoop/apps/gcc-arm-none-eabi/current/bin/../lib/gcc/arm-none-eabi/14.3.1/../../../../arm-none-eabi/lib/thumb/v7e-m+dp/hard\libc_nano.a(libc_a-fwalk.o)
 .text          0x00000000        0x0 C:/Users/AkimovMA/scoop/apps/gcc-arm-none-eabi/current/bin/../lib/gcc/arm-none-eabi/14.3.1/../../../../arm-none-eabi/lib/thumb/v7e-m+dp/hard\libc_nano.a(libc_a-stdio.o)
 .data          0x00000000        0x0 C:/Users/AkimovMA/scoop/apps/gcc-arm-none-eabi/current/bin/../lib/gcc/arm-none-eabi/14.3.1/../../../../arm-none-eabi/lib/thumb/v7e-m+dp/hard\libc_nano.a(libc_a-stdio.o)
 .bss           0x00000000        0x0 C:/Users/AkimovMA/scoop/apps/gcc-arm-none-eabi/current/bin/../lib/gcc/arm-none-eabi/14.3.1/../../../../arm-none-eabi/lib/thumb/v7e-m+dp/hard\libc_nano.a(libc_a-stdio.o)
 .text.__sread  0x00000000       0x22 C:/Users/AkimovMA/scoop/apps/gcc-arm-none-eabi/current/bin/../lib/gcc/arm-none-eabi/14.3.1/../../../../arm-none-eabi/lib/thumb/v7e-m+dp/hard\libc_nano.a(libc_a-stdio.o)
 .text.__seofread
                0x00000000        0x4 C:/Users/AkimovMA/scoop/apps/gcc-arm-none-eabi/current/bin/../lib/gcc/arm-none-eabi/14.3.1/../../../../arm-none-eabi/lib/thumb/v7e-m+dp/hard\libc_nano.a(libc_a-stdio.o)
 .text.__swrite
                0x00000000       0x38 C:/Users/AkimovMA/scoop/apps/gcc-arm-none-eabi/current/bin/../lib/gcc/arm-none-eabi/14.3.1/../../../../arm-none-eabi/lib/thumb/v7e-m+dp/hard\libc_nano.a(libc_a-stdio.o)
 .text.__sseek  0x00000000       0x26 C:/Users/AkimovMA/scoop/apps/gcc-arm-none-eabi/current/bin/../lib/gcc/arm-none-eabi/14.3.1/../../../../arm-none-eabi/lib/thumb/v7e-m+dp/hard\libc_nano.a(libc_a-stdio.o)
 .text.__sclose
                0x00000000        0x8 C:/Users/AkimovMA/scoop/apps/gcc-arm-none-eabi/current/bin/../lib/gcc/arm-none-eabi/14.3.1/../../../../arm-none-eabi/lib/thumb/v7e-m+dp/hard\libc_nano.a(libc_a-stdio.o)
 .debug_frame   0x00000000       0x88 C:/Users/AkimovMA/scoop/apps/gcc-arm-none-eabi/current/bin/../lib/gcc/arm-none-eabi/14.3.1/../../../../arm-none-eabi/lib/thumb/v7e-m+dp/hard\libc_nano.a(libc_a-stdio.o)
 .ARM.attributes
                0x00000000       0x32 C:/Users/AkimovMA/scoop/apps/gcc-arm-none-eabi/current/bin/../lib/gcc/arm-none-eabi/14.3.1/../../../../arm-none-eabi/lib/thumb/v7e-m+dp/hard\libc_nano.a(libc_a-stdio.o)
 .text          0x00000000        0x0 C:/Users/AkimovMA/scoop/apps/gcc-arm-none-eabi/current/bin/../lib/gcc/arm-none-eabi/14.3.1/../../../../arm-none-eabi/lib/thumb/v7e-m+dp/hard\libc_nano.a(libc_a-memset.o)
 .data          0x00000000        0x0 C:/Users/AkimovMA/scoop/apps/gcc-arm-none-eabi/current/bin/../lib/gcc/arm-none-eabi/14.3.1/../../../../arm-none-eabi/lib/thumb/v7e-m+dp/hard\libc_nano.a(libc_a-memset.o)
 .bss           0x00000000        0x0 C:/Users/AkimovMA/scoop/apps/gcc-arm-none-eabi/current/bin/../lib/gcc/arm-none-eabi/14.3.1/../../../../arm-none-eabi/lib/thumb/v7e-m+dp/hard\libc_nano.a(libc_a-memset.o)
 .text.memset   0x00000000       0x10 C:/Users/AkimovMA/scoop/apps/gcc-arm-none-eabi/current/bin/../lib/gcc/arm-none-eabi/14.3.1/../../../../arm-none-eabi/lib/thumb/v7e-m+dp/hard\libc_nano.a(libc_a-memset.o)
 .debug_frame   0x00000000       0x20 C:/Users/AkimovMA/scoop/apps/gcc-arm-none-eabi/current/bin/../lib/gcc/arm-none-eabi/14.3.1/../../../../arm-none-eabi/lib/thumb/v7e-m+dp/hard\libc_nano.a(libc_a-memset.o)
 .ARM.attributes
                0x00000000       0x32 C:/Users/AkimovMA/scoop/apps/gcc-arm-none-eabi/current/bin/../lib/gcc/arm-none-eabi/14.3.1/../../../../arm-none-eabi/lib/thumb/v7e-m+dp/hard\libc_nano.a(libc_a-memset.o)
 .text          0x00000000        0x0 C:/Users/AkimovMA/scoop/apps/gcc-arm-none-eabi/current/bin/../lib/gcc/arm-none-eabi/14.3.1/../../../../arm-none-eabi/lib/thumb/v7e-m+dp/hard\libc_nano.a(libc_a-closer.o)
 .data          0x00000000        0x0 C:/Users/AkimovMA/scoop/apps/gcc-arm-none-eabi/current/bin/../lib/gcc/arm-none-eabi/14.3.1/../../../../arm-none-eabi/lib/thumb/v7e-m+dp/hard\libc_nano.a(libc_a-closer.o)
 .bss           0x00000000        0x0 C:/Users/AkimovMA/scoop/apps/gcc-arm-none-eabi/current/bin/../lib/gcc/arm-none-eabi/14.3.1/../../../../arm-none-eabi/lib/thumb/v7e-m+dp/hard\libc_nano.a(libc_a-closer.o)
 .text._close_r
                0x00000000       0x20 C:/Users/AkimovMA/scoop/apps/gcc-arm-none-eabi/current/bin/../lib/gcc/arm-none-eabi/14.3.1/../../../../arm-none-eabi/lib/thumb/v7e-m+dp/hard\libc_nano.a(libc_a-closer.o)
 .debug_frame   0x00000000       0x2c C:/Users/AkimovMA/scoop/apps/gcc-arm-none-eabi/current/bin/../lib/gcc/arm-none-eabi/14.3.1/../../../../arm-none-eabi/lib/thumb/v7e-m+dp/hard\libc_nano.a(libc_a-closer.o)
 .ARM.attributes
                0x00000000       0x32 C:/Users/AkimovMA/scoop/apps/gcc-arm-none-eabi/current/bin/../lib/gcc/arm-none-eabi/14.3.1/../../../../arm-none-eabi/lib/thumb/v7e-m+dp/hard\libc_nano.a(libc_a-closer.o)
 .text          0x00000000        0x0 C:/Users/AkimovMA/scoop/apps/gcc-arm-none-eabi/current/bin/../lib/gcc/arm-none-eabi/14.3.1/../../../../arm-none-eabi/lib/thumb/v7e-m+dp/hard\libc_nano.a(libc_a-reent.o)
 .data          0x00000000        0x0 C:/Users/AkimovMA/scoop/apps/gcc-arm-none-eabi/current/bin/../lib/gcc/arm-none-eabi/14.3.1/../../../../arm-none-eabi/lib/thumb/v7e-m+dp/hard\libc_nano.a(libc_a-reent.o)
 .bss           0x00000000        0x0 C:/Users/AkimovMA/scoop/apps/gcc-arm-none-eabi/current/bin/../lib/gcc/arm-none-eabi/14.3.1/../../../../arm-none-eabi/lib/thumb/v7e-m+dp/hard\libc_nano.a(libc_a-reent.o)
 .text._reclaim_reent
                0x00000000       0xbc C:/Users/AkimovMA/scoop/apps/gcc-arm-none-eabi/current/bin/../lib/gcc/arm-none-eabi/14.3.1/../../../../arm-none-eabi/lib/thumb/v7e-m+dp/hard\libc_nano.a(libc_a-reent.o)
 .bss.errno     0x00000000        0x4 C:/Users/AkimovMA/scoop/apps/gcc-arm-none-eabi/current/bin/../lib/gcc/arm-none-eabi/14.3.1/../../../../arm-none-eabi/lib/thumb/v7e-m+dp/hard\libc_nano.a(libc_a-reent.o)
 .debug_frame   0x00000000       0x38 C:/Users/AkimovMA/scoop/apps/gcc-arm-none-eabi/current/bin/../lib/gcc/arm-none-eabi/14.3.1/../../../../arm-none-eabi/lib/thumb/v7e-m+dp/hard\libc_nano.a(libc_a-reent.o)
 .ARM.attributes
                0x00000000       0x32 C:/Users/AkimovMA/scoop/apps/gcc-arm-none-eabi/current/bin/../lib/gcc/arm-none-eabi/14.3.1/../../../../arm-none-eabi/lib/thumb/v7e-m+dp/hard\libc_nano.a(libc_a-reent.o)
 .text          0x00000000        0x0 C:/Users/AkimovMA/scoop/apps/gcc-arm-none-eabi/current/bin/../lib/gcc/arm-none-eabi/14.3.1/../../../../arm-none-eabi/lib/thumb/v7e-m+dp/hard\libc_nano.a(libc_a-impure.o)
 .data          0x00000000        0x0 C:/Users/AkimovMA/scoop/apps/gcc-arm-none-eabi/current/bin/../lib/gcc/arm-none-eabi/14.3.1/../../../../arm-none-eabi/lib/thumb/v7e-m+dp/hard\libc_nano.a(libc_a-impure.o)
 .bss           0x00000000        0x0 C:/Users/AkimovMA/scoop/apps/gcc-arm-none-eabi/current/bin/../lib/gcc/arm-none-eabi/14.3.1/../../../../arm-none-eabi/lib/thumb/v7e-m+dp/hard\libc_nano.a(libc_a-impure.o)
 .data._impure_ptr
                0x00000000        0x4 C:/Users/AkimovMA/scoop/apps/gcc-arm-none-eabi/current/bin/../lib/gcc/arm-none-eabi/14.3.1/../../../../arm-none-eabi/lib/thumb/v7e-m+dp/hard\libc_nano.a(libc_a-impure.o)
 .data._impure_data
                0x00000000       0x4c C:/Users/AkimovMA/scoop/apps/gcc-arm-none-eabi/current/bin/../lib/gcc/arm-none-eabi/14.3.1/../../../../arm-none-eabi/lib/thumb/v7e-m+dp/hard\libc_nano.a(libc_a-impure.o)
 .ARM.attributes
                0x00000000       0x32 C:/Users/AkimovMA/scoop/apps/gcc-arm-none-eabi/current/bin/../lib/gcc/arm-none-eabi/14.3.1/../../../../arm-none-eabi/lib/thumb/v7e-m+dp/hard\libc_nano.a(libc_a-impure.o)
 .text          0x00000000        0x0 C:/Users/AkimovMA/scoop/apps/gcc-arm-none-eabi/current/bin/../lib/gcc/arm-none-eabi/14.3.1/../../../../arm-none-eabi/lib/thumb/v7e-m+dp/hard\libc_nano.a(libc_a-lseekr.o)
 .data          0x00000000        0x0 C:/Users/AkimovMA/scoop/apps/gcc-arm-none-eabi/current/bin/../lib/gcc/arm-none-eabi/14.3.1/../../../../arm-none-eabi/lib/thumb/v7e-m+dp/hard\libc_nano.a(libc_a-lseekr.o)
 .bss           0x00000000        0x0 C:/Users/AkimovMA/scoop/apps/gcc-arm-none-eabi/current/bin/../lib/gcc/arm-none-eabi/14.3.1/../../../../arm-none-eabi/lib/thumb/v7e-m+dp/hard\libc_nano.a(libc_a-lseekr.o)
 .text._lseek_r
                0x00000000       0x24 C:/Users/AkimovMA/scoop/apps/gcc-arm-none-eabi/current/bin/../lib/gcc/arm-none-eabi/14.3.1/../../../../arm-none-eabi/lib/thumb/v7e-m+dp/hard\libc_nano.a(libc_a-lseekr.o)
 .debug_frame   0x00000000       0x2c C:/Users/AkimovMA/scoop/apps/gcc-arm-none-eabi/current/bin/../lib/gcc/arm-none-eabi/14.3.1/../../../../arm-none-eabi/lib/thumb/v7e-m+dp/hard\libc_nano.a(libc_a-lseekr.o)
 .ARM.attributes
                0x00000000       0x32 C:/Users/AkimovMA/scoop/apps/gcc-arm-none-eabi/current/bin/../lib/gcc/arm-none-eabi/14.3.1/../../../../arm-none-eabi/lib/thumb/v7e-m+dp/hard\libc_nano.a(libc_a-lseekr.o)
 .text          0x00000000        0x0 C:/Users/AkimovMA/scoop/apps/gcc-arm-none-eabi/current/bin/../lib/gcc/arm-none-eabi/14.3.1/../../../../arm-none-eabi/lib/thumb/v7e-m+dp/hard\libc_nano.a(libc_a-readr.o)
 .data          0x00000000        0x0 C:/Users/AkimovMA/scoop/apps/gcc-arm-none-eabi/current/bin/../lib/gcc/arm-none-eabi/14.3.1/../../../../arm-none-eabi/lib/thumb/v7e-m+dp/hard\libc_nano.a(libc_a-readr.o)
 .bss           0x00000000        0x0 C:/Users/AkimovMA/scoop/apps/gcc-arm-none-eabi/current/bin/../lib/gcc/arm-none-eabi/14.3.1/../../../../arm-none-eabi/lib/thumb/v7e-m+dp/hard\libc_nano.a(libc_a-readr.o)
 .text._read_r  0x00000000       0x24 C:/Users/AkimovMA/scoop/apps/gcc-arm-none-eabi/current/bin/../lib/gcc/arm-none-eabi/14.3.1/../../../../arm-none-eabi/lib/thumb/v7e-m+dp/hard\libc_nano.a(libc_a-readr.o)
 .debug_frame   0x00000000       0x2c C:/Users/AkimovMA/scoop/apps/gcc-arm-none-eabi/current/bin/../lib/gcc/arm-none-eabi/14.3.1/../../../../arm-none-eabi/lib/thumb/v7e-m+dp/hard\libc_nano.a(libc_a-readr.o)
 .ARM.attributes
                0x00000000       0x32 C:/Users/AkimovMA/scoop/apps/gcc-arm-none-eabi/current/bin/../lib/gcc/arm-none-eabi/14.3.1/../../../../arm-none-eabi/lib/thumb/v7e-m+dp/hard\libc_nano.a(libc_a-readr.o)
 .text          0x00000000        0x0 C:/Users/AkimovMA/scoop/apps/gcc-arm-none-eabi/current/bin/../lib/gcc/arm-none-eabi/14.3.1/../../../../arm-none-eabi/lib/thumb/v7e-m+dp/hard\libc_nano.a(libc_a-writer.o)
 .data          0x00000000        0x0 C:/Users/AkimovMA/scoop/apps/gcc-arm-none-eabi/current/bin/../lib/gcc/arm-none-eabi/14.3.1/../../../../arm-none-eabi/lib/thumb/v7e-m+dp/hard\libc_nano.a(libc_a-writer.o)
 .bss           0x00000000        0x0 C:/Users/AkimovMA/scoop/apps/gcc-arm-none-eabi/current/bin/../lib/gcc/arm-none-eabi/14.3.1/../../../../arm-none-eabi/lib/thumb/v7e-m+dp/hard\libc_nano.a(libc_a-writer.o)
 .text._write_r
                0x00000000       0x24 C:/Users/AkimovMA/scoop/apps/gcc-arm-none-eabi/current/bin/../lib/gcc/arm-none-eabi/14.3.1/../../../../arm-none-eabi/lib/thumb/v7e-m+dp/hard\libc_nano.a(libc_a-writer.o)
 .debug_frame   0x00000000       0x2c C:/Users/AkimovMA/scoop/apps/gcc-arm-none-eabi/current/bin/../lib/gcc/arm-none-eabi/14.3.1/../../../../arm-none-eabi/lib/thumb/v7e-m+dp/hard\libc_nano.a(libc_a-writer.o)
 .ARM.attributes
                0x00000000       0x32 C:/Users/AkimovMA/scoop/apps/gcc-arm-none-eabi/current/bin/../lib/gcc/arm-none-eabi/14.3.1/../../../../arm-none-eabi/lib/thumb/v7e-m+dp/hard\libc_nano.a(libc_a-writer.o)
 .text          0x00000000        0x0 C:/Users/AkimovMA/scoop/apps/gcc-arm-none-eabi/current/bin/../lib/gcc/arm-none-eabi/14.3.1/../../../../arm-none-eabi/lib/thumb/v7e-m+dp/hard\libc_nano.a(libc_a-init.o)
 .data          0x00000000        0x0 C:/Users/AkimovMA/scoop/apps/gcc-arm-none-eabi/current/bin/../lib/gcc/arm-none-eabi/14.3.1/../../../../arm-none-eabi/lib/thumb/v7e-m+dp/hard\libc_nano.a(libc_a-init.o)
 .bss           0x00000000        0x0 C:/Users/AkimovMA/scoop/apps/gcc-arm-none-eabi/current/bin/../lib/gcc/arm-none-eabi/14.3.1/../../../../arm-none-eabi/lib/thumb/v7e-m+dp/hard\libc_nano.a(libc_a-init.o)
 .text          0x00000000        0x0 C:/Users/AkimovMA/scoop/apps/gcc-arm-none-eabi/current/bin/../lib/gcc/arm-none-eabi/14.3.1/../../../../arm-none-eabi/lib/thumb/v7e-m+dp/hard\libc_nano.a(libc_a-lock.o)
 .data          0x00000000        0x0 C:/Users/AkimovMA/scoop/apps/gcc-arm-none-eabi/current/bin/../lib/gcc/arm-none-eabi/14.3.1/../../../../arm-none-eabi/lib/thumb/v7e-m+dp/hard\libc_nano.a(libc_a-lock.o)
 .bss           0x00000000        0x0 C:/Users/AkimovMA/scoop/apps/gcc-arm-none-eabi/current/bin/../lib/gcc/arm-none-eabi/14.3.1/../../../../arm-none-eabi/lib/thumb/v7e-m+dp/hard\libc_nano.a(libc_a-lock.o)
 .text.__retarget_lock_init
                0x00000000        0x2 C:/Users/AkimovMA/scoop/apps/gcc-arm-none-eabi/current/bin/../lib/gcc/arm-none-eabi/14.3.1/../../../../arm-none-eabi/lib/thumb/v7e-m+dp/hard\libc_nano.a(libc_a-lock.o)
 .text.__retarget_lock_init_recursive
                0x00000000        0x2 C:/Users/AkimovMA/scoop/apps/gcc-arm-none-eabi/current/bin/../lib/gcc/arm-none-eabi/14.3.1/../../../../arm-none-eabi/lib/thumb/v7e-m+dp/hard\libc_nano.a(libc_a-lock.o)
 .text.__retarget_lock_close
                0x00000000        0x2 C:/Users/AkimovMA/scoop/apps/gcc-arm-none-eabi/current/bin/../lib/gcc/arm-none-eabi/14.3.1/../../../../arm-none-eabi/lib/thumb/v7e-m+dp/hard\libc_nano.a(libc_a-lock.o)
 .text.__retarget_lock_close_recursive
                0x00000000        0x2 C:/Users/AkimovMA/scoop/apps/gcc-arm-none-eabi/current/bin/../lib/gcc/arm-none-eabi/14.3.1/../../../../arm-none-eabi/lib/thumb/v7e-m+dp/hard\libc_nano.a(libc_a-lock.o)
 .text.__retarget_lock_acquire
                0x00000000        0x2 C:/Users/AkimovMA/scoop/apps/gcc-arm-none-eabi/current/bin/../lib/gcc/arm-none-eabi/14.3.1/../../../../arm-none-eabi/lib/thumb/v7e-m+dp/hard\libc_nano.a(libc_a-lock.o)
 .text.__retarget_lock_acquire_recursive
                0x00000000        0x2 C:/Users/AkimovMA/scoop/apps/gcc-arm-none-eabi/current/bin/../lib/gcc/arm-none-eabi/14.3.1/../../../../arm-none-eabi/lib/thumb/v7e-m+dp/hard\libc_nano.a(libc_a-lock.o)
 .text.__retarget_lock_try_acquire
                0x00000000        0x4 C:/Users/AkimovMA/scoop/apps/gcc-arm-none-eabi/current/bin/../lib/gcc/arm-none-eabi/14.3.1/../../../../arm-none-eabi/lib/thumb/v7e-m+dp/hard\libc_nano.a(libc_a-lock.o)
 .text.__retarget_lock_try_acquire_recursive
                0x00000000        0x4 C:/Users/AkimovMA/scoop/apps/gcc-arm-none-eabi/current/bin/../lib/gcc/arm-none-eabi/14.3.1/../../../../arm-none-eabi/lib/thumb/v7e-m+dp/hard\libc_nano.a(libc_a-lock.o)
 .text.__retarget_lock_release
                0x00000000        0x2 C:/Users/AkimovMA/scoop/apps/gcc-arm-none-eabi/current/bin/../lib/gcc/arm-none-eabi/14.3.1/../../../../arm-none-eabi/lib/thumb/v7e-m+dp/hard\libc_nano.a(libc_a-lock.o)
 .text.__retarget_lock_release_recursive
                0x00000000        0x2 C:/Users/AkimovMA/scoop/apps/gcc-arm-none-eabi/current/bin/../lib/gcc/arm-none-eabi/14.3.1/../../../../arm-none-eabi/lib/thumb/v7e-m+dp/hard\libc_nano.a(libc_a-lock.o)
 .bss.__lock___arc4random_mutex
                0x00000000        0x1 C:/Users/AkimovMA/scoop/apps/gcc-arm-none-eabi/current/bin/../lib/gcc/arm-none-eabi/14.3.1/../../../../arm-none-eabi/lib/thumb/v7e-m+dp/hard\libc_nano.a(libc_a-lock.o)
 .bss.__lock___dd_hash_mutex
                0x00000000        0x1 C:/Users/AkimovMA/scoop/apps/gcc-arm-none-eabi/current/bin/../lib/gcc/arm-none-eabi/14.3.1/../../../../arm-none-eabi/lib/thumb/v7e-m+dp/hard\libc_nano.a(libc_a-lock.o)
 .bss.__lock___tz_mutex
                0x00000000        0x1 C:/Users/AkimovMA/scoop/apps/gcc-arm-none-eabi/current/bin/../lib/gcc/arm-none-eabi/14.3.1/../../../../arm-none-eabi/lib/thumb/v7e-m+dp/hard\libc_nano.a(libc_a-lock.o)
 .bss.__lock___env_recursive_mutex
                0x00000000        0x1 C:/Users/AkimovMA/scoop/apps/gcc-arm-none-eabi/current/bin/../lib/gcc/arm-none-eabi/14.3.1/../../../../arm-none-eabi/lib/thumb/v7e-m+dp/hard\libc_nano.a(libc_a-lock.o)
 .bss.__lock___malloc_recursive_mutex
                0x00000000        0x1 C:/Users/AkimovMA/scoop/apps/gcc-arm-none-eabi/current/bin/../lib/gcc/arm-none-eabi/14.3.1/../../../../arm-none-eabi/lib/thumb/v7e-m+dp/hard\libc_nano.a(libc_a-lock.o)
 .bss.__lock___at_quick_exit_mutex
                0x00000000        0x1 C:/Users/AkimovMA/scoop/apps/gcc-arm-none-eabi/current/bin/../lib/gcc/arm-none-eabi/14.3.1/../../../../arm-none-eabi/lib/thumb/v7e-m+dp/hard\libc_nano.a(libc_a-lock.o)
 .bss.__lock___atexit_recursive_mutex
                0x00000000        0x1 C:/Users/AkimovMA/scoop/apps/gcc-arm-none-eabi/current/bin/../lib/gcc/arm-none-eabi/14.3.1/../../../../arm-none-eabi/lib/thumb/v7e-m+dp/hard\libc_nano.a(libc_a-lock.o)
 .bss.__lock___sfp_recursive_mutex
                0x00000000        0x1 C:/Users/AkimovMA/scoop/apps/gcc-arm-none-eabi/current/bin/../lib/gcc/arm-none-eabi/14.3.1/../../../../arm-none-eabi/lib/thumb/v7e-m+dp/hard\libc_nano.a(libc_a-lock.o)
 .debug_frame   0x00000000       0xb0 C:/Users/AkimovMA/scoop/apps/gcc-arm-none-eabi/current/bin/../lib/gcc/arm-none-eabi/14.3.1/../../../../arm-none-eabi/lib/thumb/v7e-m+dp/hard\libc_nano.a(libc_a-lock.o)
 .ARM.attributes
                0x00000000       0x32 C:/Users/AkimovMA/scoop/apps/gcc-arm-none-eabi/current/bin/../lib/gcc/arm-none-eabi/14.3.1/../../../../arm-none-eabi/lib/thumb/v7e-m+dp/hard\libc_nano.a(libc_a-lock.o)
 .text          0x00000000        0x0 C:/Users/AkimovMA/scoop/apps/gcc-arm-none-eabi/current/bin/../lib/gcc/arm-none-eabi/14.3.1/../../../../arm-none-eabi/lib/thumb/v7e-m+dp/hard\libc_nano.a(libc_a-freer.o)
 .data          0x00000000        0x0 C:/Users/AkimovMA/scoop/apps/gcc-arm-none-eabi/current/bin/../lib/gcc/arm-none-eabi/14.3.1/../../../../arm-none-eabi/lib/thumb/v7e-m+dp/hard\libc_nano.a(libc_a-freer.o)
 .bss           0x00000000        0x0 C:/Users/AkimovMA/scoop/apps/gcc-arm-none-eabi/current/bin/../lib/gcc/arm-none-eabi/14.3.1/../../../../arm-none-eabi/lib/thumb/v7e-m+dp/hard\libc_nano.a(libc_a-freer.o)
 .text._free_r  0x00000000       0x94 C:/Users/AkimovMA/scoop/apps/gcc-arm-none-eabi/current/bin/../lib/gcc/arm-none-eabi/14.3.1/../../../../arm-none-eabi/lib/thumb/v7e-m+dp/hard\libc_nano.a(libc_a-freer.o)
 .debug_frame   0x00000000       0x38 C:/Users/AkimovMA/scoop/apps/gcc-arm-none-eabi/current/bin/../lib/gcc/arm-none-eabi/14.3.1/../../../../arm-none-eabi/lib/thumb/v7e-m+dp/hard\libc_nano.a(libc_a-freer.o)
 .ARM.attributes
                0x00000000       0x32 C:/Users/AkimovMA/scoop/apps/gcc-arm-none-eabi/current/bin/../lib/gcc/arm-none-eabi/14.3.1/../../../../arm-none-eabi/lib/thumb/v7e-m+dp/hard\libc_nano.a(libc_a-freer.o)
 .text          0x00000000        0x0 C:/Users/AkimovMA/scoop/apps/gcc-arm-none-eabi/current/bin/../lib/gcc/arm-none-eabi/14.3.1/../../../../arm-none-eabi/lib/thumb/v7e-m+dp/hard\libc_nano.a(libc_a-mallocr.o)
 .data          0x00000000        0x0 C:/Users/AkimovMA/scoop/apps/gcc-arm-none-eabi/current/bin/../lib/gcc/arm-none-eabi/14.3.1/../../../../arm-none-eabi/lib/thumb/v7e-m+dp/hard\libc_nano.a(libc_a-mallocr.o)
 .bss           0x00000000        0x0 C:/Users/AkimovMA/scoop/apps/gcc-arm-none-eabi/current/bin/../lib/gcc/arm-none-eabi/14.3.1/../../../../arm-none-eabi/lib/thumb/v7e-m+dp/hard\libc_nano.a(libc_a-mallocr.o)
 .text.sbrk_aligned
                0x00000000       0x44 C:/Users/AkimovMA/scoop/apps/gcc-arm-none-eabi/current/bin/../lib/gcc/arm-none-eabi/14.3.1/../../../../arm-none-eabi/lib/thumb/v7e-m+dp/hard\libc_nano.a(libc_a-mallocr.o)
 .text._malloc_r
                0x00000000      0x100 C:/Users/AkimovMA/scoop/apps/gcc-arm-none-eabi/current/bin/../lib/gcc/arm-none-eabi/14.3.1/../../../../arm-none-eabi/lib/thumb/v7e-m+dp/hard\libc_nano.a(libc_a-mallocr.o)
 .bss.__malloc_sbrk_start
                0x00000000        0x4 C:/Users/AkimovMA/scoop/apps/gcc-arm-none-eabi/current/bin/../lib/gcc/arm-none-eabi/14.3.1/../../../../arm-none-eabi/lib/thumb/v7e-m+dp/hard\libc_nano.a(libc_a-mallocr.o)
 .bss.__malloc_free_list
                0x00000000        0x4 C:/Users/AkimovMA/scoop/apps/gcc-arm-none-eabi/current/bin/../lib/gcc/arm-none-eabi/14.3.1/../../../../arm-none-eabi/lib/thumb/v7e-m+dp/hard\libc_nano.a(libc_a-mallocr.o)
 .debug_frame   0x00000000       0x50 C:/Users/AkimovMA/scoop/apps/gcc-arm-none-eabi/current/bin/../lib/gcc/arm-none-eabi/14.3.1/../../../../arm-none-eabi/lib/thumb/v7e-m+dp/hard\libc_nano.a(libc_a-mallocr.o)
 .ARM.attributes
                0x00000000       0x32 C:/Users/AkimovMA/scoop/apps/gcc-arm-none-eabi/current/bin/../lib/gcc/arm-none-eabi/14.3.1/../../../../arm-none-eabi/lib/thumb/v7e-m+dp/hard\libc_nano.a(libc_a-mallocr.o)
 .text          0x00000000        0x0 C:/Users/AkimovMA/scoop/apps/gcc-arm-none-eabi/current/bin/../lib/gcc/arm-none-eabi/14.3.1/../../../../arm-none-eabi/lib/thumb/v7e-m+dp/hard\libc_nano.a(libc_a-mlock.o)
 .data          0x00000000        0x0 C:/Users/AkimovMA/scoop/apps/gcc-arm-none-eabi/current/bin/../lib/gcc/arm-none-eabi/14.3.1/../../../../arm-none-eabi/lib/thumb/v7e-m+dp/hard\libc_nano.a(libc_a-mlock.o)
 .bss           0x00000000        0x0 C:/Users/AkimovMA/scoop/apps/gcc-arm-none-eabi/current/bin/../lib/gcc/arm-none-eabi/14.3.1/../../../../arm-none-eabi/lib/thumb/v7e-m+dp/hard\libc_nano.a(libc_a-mlock.o)
 .text.__malloc_lock
                0x00000000        0xc C:/Users/AkimovMA/scoop/apps/gcc-arm-none-eabi/current/bin/../lib/gcc/arm-none-eabi/14.3.1/../../../../arm-none-eabi/lib/thumb/v7e-m+dp/hard\libc_nano.a(libc_a-mlock.o)
 .text.__malloc_unlock
                0x00000000        0xc C:/Users/AkimovMA/scoop/apps/gcc-arm-none-eabi/current/bin/../lib/gcc/arm-none-eabi/14.3.1/../../../../arm-none-eabi/lib/thumb/v7e-m+dp/hard\libc_nano.a(libc_a-mlock.o)
 .debug_frame   0x00000000       0x30 C:/Users/AkimovMA/scoop/apps/gcc-arm-none-eabi/current/bin/../lib/gcc/arm-none-eabi/14.3.1/../../../../arm-none-eabi/lib/thumb/v7e-m+dp/hard\libc_nano.a(libc_a-mlock.o)
 .ARM.attributes
                0x00000000       0x32 C:/Users/AkimovMA/scoop/apps/gcc-arm-none-eabi/current/bin/../lib/gcc/arm-none-eabi/14.3.1/../../../../arm-none-eabi/lib/thumb/v7e-m+dp/hard\libc_nano.a(libc_a-mlock.o)
 .text          0x00000000        0x0 C:/Users/AkimovMA/scoop/apps/gcc-arm-none-eabi/current/bin/../lib/gcc/arm-none-eabi/14.3.1/../../../../arm-none-eabi/lib/thumb/v7e-m+dp/hard\libc_nano.a(libc_a-fflush.o)
 .data          0x00000000        0x0 C:/Users/AkimovMA/scoop/apps/gcc-arm-none-eabi/current/bin/../lib/gcc/arm-none-eabi/14.3.1/../../../../arm-none-eabi/lib/thumb/v7e-m+dp/hard\libc_nano.a(libc_a-fflush.o)
 .bss           0x00000000        0x0 C:/Users/AkimovMA/scoop/apps/gcc-arm-none-eabi/current/bin/../lib/gcc/arm-none-eabi/14.3.1/../../../../arm-none-eabi/lib/thumb/v7e-m+dp/hard\libc_nano.a(libc_a-fflush.o)
 .text.__sflush_r
                0x00000000      0x104 C:/Users/AkimovMA/scoop/apps/gcc-arm-none-eabi/current/bin/../lib/gcc/arm-none-eabi/14.3.1/../../../../arm-none-eabi/lib/thumb/v7e-m+dp/hard\libc_nano.a(libc_a-fflush.o)
 .text._fflush_r
                0x00000000       0x50 C:/Users/AkimovMA/scoop/apps/gcc-arm-none-eabi/current/bin/../lib/gcc/arm-none-eabi/14.3.1/../../../../arm-none-eabi/lib/thumb/v7e-m+dp/hard\libc_nano.a(libc_a-fflush.o)
 .text.fflush   0x00000000       0x28 C:/Users/AkimovMA/scoop/apps/gcc-arm-none-eabi/current/bin/../lib/gcc/arm-none-eabi/14.3.1/../../../../arm-none-eabi/lib/thumb/v7e-m+dp/hard\libc_nano.a(libc_a-fflush.o)
 .debug_frame   0x00000000       0x5c C:/Users/AkimovMA/scoop/apps/gcc-arm-none-eabi/current/bin/../lib/gcc/arm-none-eabi/14.3.1/../../../../arm-none-eabi/lib/thumb/v7e-m+dp/hard\libc_nano.a(libc_a-fflush.o)
 .ARM.attributes
                0x00000000       0x32 C:/Users/AkimovMA/scoop/apps/gcc-arm-none-eabi/current/bin/../lib/gcc/arm-none-eabi/14.3.1/../../../../arm-none-eabi/lib/thumb/v7e-m+dp/hard\libc_nano.a(libc_a-fflush.o)
 .text          0x00000000        0x0 C:/Users/AkimovMA/scoop/apps/gcc-arm-none-eabi/current/bin/../lib/gcc/arm-none-eabi/14.3.1/../../../../arm-none-eabi/lib/thumb/v7e-m+dp/hard\libc_nano.a(libc_a-sbrkr.o)
 .data          0x00000000        0x0 C:/Users/AkimovMA/scoop/apps/gcc-arm-none-eabi/current/bin/../lib/gcc/arm-none-eabi/14.3.1/../../../../arm-none-eabi/lib/thumb/v7e-m+dp/hard\libc_nano.a(libc_a-sbrkr.o)
 .bss           0x00000000        0x0 C:/Users/AkimovMA/scoop/apps/gcc-arm-none-eabi/current/bin/../lib/gcc/arm-none-eabi/14.3.1/../../../../arm-none-eabi/lib/thumb/v7e-m+dp/hard\libc_nano.a(libc_a-sbrkr.o)
 .text._sbrk_r  0x00000000       0x20 C:/Users/AkimovMA/scoop/apps/gcc-arm-none-eabi/current/bin/../lib/gcc/arm-none-eabi/14.3.1/../../../../arm-none-eabi/lib/thumb/v7e-m+dp/hard\libc_nano.a(libc_a-sbrkr.o)
 .debug_frame   0x00000000       0x2c C:/Users/AkimovMA/scoop/apps/gcc-arm-none-eabi/current/bin/../lib/gcc/arm-none-eabi/14.3.1/../../../../arm-none-eabi/lib/thumb/v7e-m+dp/hard\libc_nano.a(libc_a-sbrkr.o)
 .ARM.attributes
                0x00000000       0x32 C:/Users/AkimovMA/scoop/apps/gcc-arm-none-eabi/current/bin/../lib/gcc/arm-none-eabi/14.3.1/../../../../arm-none-eabi/lib/thumb/v7e-m+dp/hard\libc_nano.a(libc_a-sbrkr.o)
 .text          0x00000000        0x0 C:/Users/AkimovMA/scoop/apps/gcc-arm-none-eabi/current/bin/../lib/gcc/arm-none-eabi/14.3.1/thumb/v7e-m+dp/hard/crtend.o
 .data          0x00000000        0x0 C:/Users/AkimovMA/scoop/apps/gcc-arm-none-eabi/current/bin/../lib/gcc/arm-none-eabi/14.3.1/thumb/v7e-m+dp/hard/crtend.o
 .bss           0x00000000        0x0 C:/Users/AkimovMA/scoop/apps/gcc-arm-none-eabi/current/bin/../lib/gcc/arm-none-eabi/14.3.1/thumb/v7e-m+dp/hard/crtend.o
 .rodata.all_implied_fbits
                0x00000000       0x24 C:/Users/AkimovMA/scoop/apps/gcc-arm-none-eabi/current/bin/../lib/gcc/arm-none-eabi/14.3.1/thumb/v7e-m+dp/hard/crtend.o
 .eh_frame      0x00000000        0x4 C:/Users/AkimovMA/scoop/apps/gcc-arm-none-eabi/current/bin/../lib/gcc/arm-none-eabi/14.3.1/thumb/v7e-m+dp/hard/crtend.o
 .text          0x00000000        0x0 C:/Users/AkimovMA/scoop/apps/gcc-arm-none-eabi/current/bin/../lib/gcc/arm-none-eabi/14.3.1/thumb/v7e-m+dp/hard/crtn.o
 .data          0x00000000        0x0 C:/Users/AkimovMA/scoop/apps/gcc-arm-none-eabi/current/bin/../lib/gcc/arm-none-eabi/14.3.1/thumb/v7e-m+dp/hard/crtn.o
 .bss           0x00000000        0x0 C:/Users/AkimovMA/scoop/apps/gcc-arm-none-eabi/current/bin/../lib/gcc/arm-none-eabi/14.3.1/thumb/v7e-m+dp/hard/crtn.o

Memory Configuration

Name             Origin             Length             Attributes
RAM              0x20000000         0x00080000         xrw
FLASH            0x08000000         0x00200000         xr
Memory_B1        0x2007c000         0x00000100         rw
Memory_B2        0x2007c100         0x00000080         rw
ETH_RX_BUFFER    0x20078000         0x00004000         rw
*default*        0x00000000         0xffffffff

Linker script and memory map

LOAD C:/Users/AkimovMA/scoop/apps/gcc-arm-none-eabi/current/bin/../lib/gcc/arm-none-eabi/14.3.1/thumb/v7e-m+dp/hard/crti.o
LOAD C:/Users/AkimovMA/scoop/apps/gcc-arm-none-eabi/current/bin/../lib/gcc/arm-none-eabi/14.3.1/thumb/v7e-m+dp/hard/crtbegin.o
LOAD C:/Users/AkimovMA/scoop/apps/gcc-arm-none-eabi/current/bin/../lib/gcc/arm-none-eabi/14.3.1/../../../../arm-none-eabi/lib/thumb/v7e-m+dp/hard/crt0.o
LOAD C:/Users/AkimovMA/scoop/apps/gcc-arm-none-eabi/current/bin/../lib/gcc/arm-none-eabi/14.3.1/../../../../arm-none-eabi/lib/thumb/v7e-m+dp/hard\libnosys.a
LOAD CMakeFiles/STM32F767.dir/Core/Src/main.cpp.obj
LOAD CMakeFiles/STM32F767.dir/Core/Src/mcore_mpu.cpp.obj
LOAD CMakeFiles/STM32F767.dir/Core/Src/mcore_rcc.cpp.obj
LOAD CMakeFiles/STM32F767.dir/Core/Src/stm32f7xx_it.c.obj
LOAD CMakeFiles/STM32F767.dir/Core/Startup/startup_stm32f767zitx.s.obj
LOAD C:/Users/AkimovMA/scoop/apps/gcc-arm-none-eabi/current/bin/../lib/gcc/arm-none-eabi/14.3.1/../../../../arm-none-eabi/lib/thumb/v7e-m+dp/hard\libstdc++_nano.a
LOAD C:/Users/AkimovMA/scoop/apps/gcc-arm-none-eabi/current/bin/../lib/gcc/arm-none-eabi/14.3.1/../../../../arm-none-eabi/lib/thumb/v7e-m+dp/hard\libm.a
LOAD C:/Users/AkimovMA/scoop/apps/gcc-arm-none-eabi/current/bin/../lib/gcc/arm-none-eabi/14.3.1/../../../../arm-none-eabi/lib/thumb/v7e-m+dp/hard\libc_nano.a
START GROUP
LOAD C:/Users/AkimovMA/scoop/apps/gcc-arm-none-eabi/current/bin/../lib/gcc/arm-none-eabi/14.3.1/thumb/v7e-m+dp/hard\libgcc.a
LOAD C:/Users/AkimovMA/scoop/apps/gcc-arm-none-eabi/current/bin/../lib/gcc/arm-none-eabi/14.3.1/../../../../arm-none-eabi/lib/thumb/v7e-m+dp/hard\libg_nano.a
LOAD C:/Users/AkimovMA/scoop/apps/gcc-arm-none-eabi/current/bin/../lib/gcc/arm-none-eabi/14.3.1/../../../../arm-none-eabi/lib/thumb/v7e-m+dp/hard\libc_nano.a
END GROUP
START GROUP
LOAD C:/Users/AkimovMA/scoop/apps/gcc-arm-none-eabi/current/bin/../lib/gcc/arm-none-eabi/14.3.1/thumb/v7e-m+dp/hard\libgcc.a
LOAD C:/Users/AkimovMA/scoop/apps/gcc-arm-none-eabi/current/bin/../lib/gcc/arm-none-eabi/14.3.1/../../../../arm-none-eabi/lib/thumb/v7e-m+dp/hard\libc_nano.a
END GROUP
LOAD C:/Users/AkimovMA/scoop/apps/gcc-arm-none-eabi/current/bin/../lib/gcc/arm-none-eabi/14.3.1/thumb/v7e-m+dp/hard/crtend.o
LOAD C:/Users/AkimovMA/scoop/apps/gcc-arm-none-eabi/current/bin/../lib/gcc/arm-none-eabi/14.3.1/thumb/v7e-m+dp/hard/crtn.o
                0x20080000                        _estack = (ORIGIN (RAM) + LENGTH (RAM))
                0x00000000                        _Min_Heap_Size = 0x0
                0x00000010                        _Min_Stack_Size = 0x10

.isr_vector     0x08000000      0x1f8
                0x08000000                        . = ALIGN (0x4)
 *(.isr_vector)
 .isr_vector    0x08000000      0x1f8 CMakeFiles/STM32F767.dir/Core/Startup/startup_stm32f767zitx.s.obj
                0x08000000                g_pfnVectors
                0x080001f8                        . = ALIGN (0x4)

.text           0x080001f8      0x160
                0x080001f8                        . = ALIGN (0x4)
 *(.text)
 *(.text*)
 .text.deregister_tm_clones
                0x080001f8       0x1c C:/Users/AkimovMA/scoop/apps/gcc-arm-none-eabi/current/bin/../lib/gcc/arm-none-eabi/14.3.1/thumb/v7e-m+dp/hard/crtbegin.o
 .text.register_tm_clones
                0x08000214       0x24 C:/Users/AkimovMA/scoop/apps/gcc-arm-none-eabi/current/bin/../lib/gcc/arm-none-eabi/14.3.1/thumb/v7e-m+dp/hard/crtbegin.o
 .text.__do_global_dtors_aux
                0x08000238       0x28 C:/Users/AkimovMA/scoop/apps/gcc-arm-none-eabi/current/bin/../lib/gcc/arm-none-eabi/14.3.1/thumb/v7e-m+dp/hard/crtbegin.o
 .text.frame_dummy
                0x08000260       0x24 C:/Users/AkimovMA/scoop/apps/gcc-arm-none-eabi/current/bin/../lib/gcc/arm-none-eabi/14.3.1/thumb/v7e-m+dp/hard/crtbegin.o
 .text.startup.main
                0x08000284       0x14 CMakeFiles/STM32F767.dir/Core/Src/main.cpp.obj
                0x08000284                main
 .text.NMI_Handler
                0x08000298        0x2 CMakeFiles/STM32F767.dir/Core/Src/stm32f7xx_it.c.obj
                0x08000298                NMI_Handler
 .text.HardFault_Handler
                0x0800029a        0x2 CMakeFiles/STM32F767.dir/Core/Src/stm32f7xx_it.c.obj
                0x0800029a                HardFault_Handler
 .text.MemManage_Handler
                0x0800029c        0x2 CMakeFiles/STM32F767.dir/Core/Src/stm32f7xx_it.c.obj
                0x0800029c                MemManage_Handler
 .text.BusFault_Handler
                0x0800029e        0x2 CMakeFiles/STM32F767.dir/Core/Src/stm32f7xx_it.c.obj
                0x0800029e                BusFault_Handler
 .text.UsageFault_Handler
                0x080002a0        0x2 CMakeFiles/STM32F767.dir/Core/Src/stm32f7xx_it.c.obj
                0x080002a0                UsageFault_Handler
 .text.SVC_Handler
                0x080002a2        0x2 CMakeFiles/STM32F767.dir/Core/Src/stm32f7xx_it.c.obj
                0x080002a2                SVC_Handler
 .text.DebugMon_Handler
                0x080002a4        0x2 CMakeFiles/STM32F767.dir/Core/Src/stm32f7xx_it.c.obj
                0x080002a4                DebugMon_Handler
 .text.PendSV_Handler
                0x080002a6        0x2 CMakeFiles/STM32F767.dir/Core/Src/stm32f7xx_it.c.obj
                0x080002a6                PendSV_Handler
 .text.Reset_Handler
                0x080002a8       0x4c CMakeFiles/STM32F767.dir/Core/Startup/startup_stm32f767zitx.s.obj
                0x080002a8                Reset_Handler
 .text.Default_Handler
                0x080002f4        0x2 CMakeFiles/STM32F767.dir/Core/Startup/startup_stm32f767zitx.s.obj
                0x080002f4                RTC_Alarm_IRQHandler
                0x080002f4                EXTI2_IRQHandler
                0x080002f4                TIM8_CC_IRQHandler
                0x080002f4                UART8_IRQHandler
                0x080002f4                SPI4_IRQHandler
                0x080002f4                TIM1_CC_IRQHandler
                0x080002f4                DMA2_Stream5_IRQHandler
                0x080002f4                JPEG_IRQHandler
                0x080002f4                DMA1_Stream5_IRQHandler
                0x080002f4                SysTick_Handler
                0x080002f4                CAN3_RX1_IRQHandler
                0x080002f4                PVD_IRQHandler
                0x080002f4                TAMP_STAMP_IRQHandler
                0x080002f4                CAN2_RX1_IRQHandler
                0x080002f4                EXTI3_IRQHandler
                0x080002f4                TIM8_TRG_COM_TIM14_IRQHandler
                0x080002f4                DFSDM1_FLT1_IRQHandler
                0x080002f4                TIM1_UP_TIM10_IRQHandler
                0x080002f4                TIM8_UP_TIM13_IRQHandler
                0x080002f4                I2C3_ER_IRQHandler
                0x080002f4                DFSDM1_FLT2_IRQHandler
                0x080002f4                EXTI0_IRQHandler
                0x080002f4                I2C2_EV_IRQHandler
                0x080002f4                DMA1_Stream2_IRQHandler
                0x080002f4                CAN1_RX0_IRQHandler
                0x080002f4                FPU_IRQHandler
                0x080002f4                OTG_HS_WKUP_IRQHandler
                0x080002f4                CAN3_SCE_IRQHandler
                0x080002f4                LTDC_ER_IRQHandler
                0x080002f4                CAN2_SCE_IRQHandler
                0x080002f4                DMA2_Stream2_IRQHandler
                0x080002f4                SPI1_IRQHandler
                0x080002f4                TIM6_DAC_IRQHandler
                0x080002f4                TIM1_BRK_TIM9_IRQHandler
                0x080002f4                DCMI_IRQHandler
                0x080002f4                CAN2_RX0_IRQHandler
                0x080002f4                DMA2_Stream3_IRQHandler
                0x080002f4                SAI2_IRQHandler
                0x080002f4                DFSDM1_FLT3_IRQHandler
                0x080002f4                USART6_IRQHandler
                0x080002f4                CAN3_RX0_IRQHandler
                0x080002f4                USART3_IRQHandler
                0x080002f4                CAN1_RX1_IRQHandler
                0x080002f4                UART5_IRQHandler
                0x080002f4                DMA2_Stream0_IRQHandler
                0x080002f4                TIM4_IRQHandler
                0x080002f4                QUADSPI_IRQHandler
                0x080002f4                I2C1_EV_IRQHandler
                0x080002f4                DMA1_Stream6_IRQHandler
                0x080002f4                DMA1_Stream1_IRQHandler
                0x080002f4                UART4_IRQHandler
                0x080002f4                TIM3_IRQHandler
                0x080002f4                RCC_IRQHandler
                0x080002f4                TIM8_BRK_TIM12_IRQHandler
                0x080002f4                Default_Handler
                0x080002f4                CEC_IRQHandler
                0x080002f4                EXTI15_10_IRQHandler
                0x080002f4                ADC_IRQHandler
                0x080002f4                DMA1_Stream7_IRQHandler
                0x080002f4                SPI5_IRQHandler
                0x080002f4                TIM7_IRQHandler
                0x080002f4                SDMMC1_IRQHandler
                0x080002f4                CAN2_TX_IRQHandler
                0x080002f4                TIM5_IRQHandler
                0x080002f4                DMA2_Stream7_IRQHandler
                0x080002f4                I2C3_EV_IRQHandler
                0x080002f4                EXTI9_5_IRQHandler
                0x080002f4                RTC_WKUP_IRQHandler
                0x080002f4                LTDC_IRQHandler
                0x080002f4                ETH_WKUP_IRQHandler
                0x080002f4                SPDIF_RX_IRQHandler
                0x080002f4                SPI2_IRQHandler
                0x080002f4                OTG_HS_EP1_IN_IRQHandler
                0x080002f4                DMA1_Stream0_IRQHandler
                0x080002f4                CAN1_TX_IRQHandler
                0x080002f4                EXTI4_IRQHandler
                0x080002f4                RNG_IRQHandler
                0x080002f4                ETH_IRQHandler
                0x080002f4                OTG_HS_EP1_OUT_IRQHandler
                0x080002f4                WWDG_IRQHandler
                0x080002f4                SPI6_IRQHandler
                0x080002f4                MDIOS_IRQHandler
                0x080002f4                I2C4_EV_IRQHandler
                0x080002f4                CAN3_TX_IRQHandler
                0x080002f4                TIM2_IRQHandler
                0x080002f4                OTG_FS_WKUP_IRQHandler
                0x080002f4                TIM1_TRG_COM_TIM11_IRQHandler
                0x080002f4                OTG_HS_IRQHandler
                0x080002f4                DMA2D_IRQHandler
                0x080002f4                EXTI1_IRQHandler
                0x080002f4                SDMMC2_IRQHandler
                0x080002f4                UART7_IRQHandler
                0x080002f4                USART2_IRQHandler
                0x080002f4                DFSDM1_FLT0_IRQHandler
                0x080002f4                I2C2_ER_IRQHandler
                0x080002f4                DMA2_Stream1_IRQHandler
                0x080002f4                CAN1_SCE_IRQHandler
                0x080002f4                FLASH_IRQHandler
                0x080002f4                DMA2_Stream4_IRQHandler
                0x080002f4                USART1_IRQHandler
                0x080002f4                OTG_FS_IRQHandler
                0x080002f4                SPI3_IRQHandler
                0x080002f4                DMA1_Stream4_IRQHandler
                0x080002f4                I2C1_ER_IRQHandler
                0x080002f4                FMC_IRQHandler
                0x080002f4                LPTIM1_IRQHandler
                0x080002f4                I2C4_ER_IRQHandler
                0x080002f4                DMA2_Stream6_IRQHandler
                0x080002f4                SAI1_IRQHandler
                0x080002f4                DMA1_Stream3_IRQHandler
 *fill*         0x080002f6        0x2 
 .text.__libc_init_array
                0x080002f8       0x48 C:/Users/AkimovMA/scoop/apps/gcc-arm-none-eabi/current/bin/../lib/gcc/arm-none-eabi/14.3.1/../../../../arm-none-eabi/lib/thumb/v7e-m+dp/hard\libc_nano.a(libc_a-init.o)
                0x080002f8                __libc_init_array
 *(.glue_7)
 .glue_7        0x08000340        0x0 linker stubs
 *(.glue_7t)
 .glue_7t       0x08000340        0x0 linker stubs
 *(.eh_frame)
 .eh_frame      0x08000340        0x0 C:/Users/AkimovMA/scoop/apps/gcc-arm-none-eabi/current/bin/../lib/gcc/arm-none-eabi/14.3.1/thumb/v7e-m+dp/hard/crtbegin.o
 *(.init)
 .init          0x08000340        0x4 C:/Users/AkimovMA/scoop/apps/gcc-arm-none-eabi/current/bin/../lib/gcc/arm-none-eabi/14.3.1/thumb/v7e-m+dp/hard/crti.o
                0x08000340                _init
 .init          0x08000344        0x8 C:/Users/AkimovMA/scoop/apps/gcc-arm-none-eabi/current/bin/../lib/gcc/arm-none-eabi/14.3.1/thumb/v7e-m+dp/hard/crtn.o
 *(.fini)
 .fini          0x0800034c        0x4 C:/Users/AkimovMA/scoop/apps/gcc-arm-none-eabi/current/bin/../lib/gcc/arm-none-eabi/14.3.1/thumb/v7e-m+dp/hard/crti.o
                0x0800034c                _fini
 .fini          0x08000350        0x8 C:/Users/AkimovMA/scoop/apps/gcc-arm-none-eabi/current/bin/../lib/gcc/arm-none-eabi/14.3.1/thumb/v7e-m+dp/hard/crtn.o
                0x08000358                        . = ALIGN (0x4)
                0x08000358                        _etext = .

.vfp11_veneer   0x08000358        0x0
 .vfp11_veneer  0x08000358        0x0 linker stubs

.v4_bx          0x08000358        0x0
 .v4_bx         0x08000358        0x0 linker stubs

.iplt           0x08000358        0x0
 .iplt          0x08000358        0x0 C:/Users/AkimovMA/scoop/apps/gcc-arm-none-eabi/current/bin/../lib/gcc/arm-none-eabi/14.3.1/thumb/v7e-m+dp/hard/crtbegin.o

.rodata         0x08000358        0x0
                0x08000358                        . = ALIGN (0x4)
 *(.rodata)
 *(.rodata*)
                0x08000358                        . = ALIGN (0x4)

.ARM.extab      0x08000358        0x0
                0x08000358                        . = ALIGN (0x4)
 *(.ARM.extab* .gnu.linkonce.armextab.*)
                0x08000358                        . = ALIGN (0x4)

.ARM            0x08000358        0x0
                0x08000358                        . = ALIGN (0x4)
                0x08000358                        __exidx_start = .
 *(.ARM.exidx*)
                0x08000358                        __exidx_end = .
                0x08000358                        . = ALIGN (0x4)

.preinit_array  0x08000358        0x0
                0x08000358                        . = ALIGN (0x4)
                0x08000358                        PROVIDE (__preinit_array_start = .)
 *(.preinit_array*)
                0x08000358                        PROVIDE (__preinit_array_end = .)
                0x08000358                        . = ALIGN (0x4)

.init_array     0x08000358        0x4
                0x08000358                        . = ALIGN (0x4)
                0x08000358                        PROVIDE (__init_array_start = .)
 *(SORT_BY_NAME(.init_array.*))
 *(.init_array*)
 .init_array    0x08000358        0x4 C:/Users/AkimovMA/scoop/apps/gcc-arm-none-eabi/current/bin/../lib/gcc/arm-none-eabi/14.3.1/thumb/v7e-m+dp/hard/crtbegin.o
                0x0800035c                        PROVIDE (__init_array_end = .)
                0x0800035c                        . = ALIGN (0x4)

.fini_array     0x0800035c        0x4
                0x0800035c                        . = ALIGN (0x4)
                [!provide]                        PROVIDE (__fini_array_start = .)
 *(SORT_BY_NAME(.fini_array.*))
 *(.fini_array*)
 .fini_array    0x0800035c        0x4 C:/Users/AkimovMA/scoop/apps/gcc-arm-none-eabi/current/bin/../lib/gcc/arm-none-eabi/14.3.1/thumb/v7e-m+dp/hard/crtbegin.o
                [!provide]                        PROVIDE (__fini_array_end = .)
                0x08000360                        . = ALIGN (0x4)
                0x08000360                        _sidata = LOADADDR (.data)

.rel.dyn        0x08000360        0x0
 .rel.iplt      0x08000360        0x0 C:/Users/AkimovMA/scoop/apps/gcc-arm-none-eabi/current/bin/../lib/gcc/arm-none-eabi/14.3.1/thumb/v7e-m+dp/hard/crtbegin.o

.data           0x20000000        0x0 load address 0x08000360
                0x20000000                        . = ALIGN (0x4)
                0x20000000                        _sdata = .
 *(.data)
 *(.data*)
 *(.RamFunc)
 *(.RamFunc*)
                0x20000000                        . = ALIGN (0x4)
                0x20000000                        _edata = .

.tm_clone_table
                0x20000000        0x0 load address 0x08000360
 .tm_clone_table
                0x20000000        0x0 C:/Users/AkimovMA/scoop/apps/gcc-arm-none-eabi/current/bin/../lib/gcc/arm-none-eabi/14.3.1/thumb/v7e-m+dp/hard/crtbegin.o
 .tm_clone_table
                0x20000000        0x0 C:/Users/AkimovMA/scoop/apps/gcc-arm-none-eabi/current/bin/../lib/gcc/arm-none-eabi/14.3.1/thumb/v7e-m+dp/hard/crtend.o

.igot.plt       0x20000000        0x0 load address 0x08000360
 .igot.plt      0x20000000        0x0 C:/Users/AkimovMA/scoop/apps/gcc-arm-none-eabi/current/bin/../lib/gcc/arm-none-eabi/14.3.1/thumb/v7e-m+dp/hard/crtbegin.o
                0x20000000                        . = ALIGN (0x4)

.bss            0x20000000       0x1c load address 0x08000360
                0x20000000                        _sbss = .
                0x20000000                        __bss_start__ = _sbss
 *(.bss)
 *(.bss*)
 .bss.completed.1
                0x20000000        0x1 C:/Users/AkimovMA/scoop/apps/gcc-arm-none-eabi/current/bin/../lib/gcc/arm-none-eabi/14.3.1/thumb/v7e-m+dp/hard/crtbegin.o
 *fill*         0x20000001        0x3 
 .bss.object.0  0x20000004       0x18 C:/Users/AkimovMA/scoop/apps/gcc-arm-none-eabi/current/bin/../lib/gcc/arm-none-eabi/14.3.1/thumb/v7e-m+dp/hard/crtbegin.o
 *(COMMON)
                0x2000001c                        . = ALIGN (0x4)
                0x2000001c                        _ebss = .
                0x2000001c                        __bss_end__ = _ebss

._user_heap_stack
                0x2000001c       0x14 load address 0x08000360
                0x20000020                        . = ALIGN (0x8)
 *fill*         0x2000001c        0x4 
                [!provide]                        PROVIDE (end = .)
                [!provide]                        PROVIDE (_end = .)
                0x20000020                        . = (. + _Min_Heap_Size)
                0x20000030                        . = (. + _Min_Stack_Size)
 *fill*         0x20000020       0x10 
                0x20000030                        . = ALIGN (0x8)

.RxDecripSection
 *(.RxDecripSection)

.TxDescripSection
 *(.TxDecripSection)

.RxPoolSection
 *(.RxPoolSection)

/DISCARD/
 libc.a(*)
 libm.a(*)
 libgcc.a(*)

.ARM.attributes
                0x00000000       0x2e
 *(.ARM.attributes)
 .ARM.attributes
                0x00000000       0x20 C:/Users/AkimovMA/scoop/apps/gcc-arm-none-eabi/current/bin/../lib/gcc/arm-none-eabi/14.3.1/thumb/v7e-m+dp/hard/crti.o
 .ARM.attributes
                0x00000020       0x32 C:/Users/AkimovMA/scoop/apps/gcc-arm-none-eabi/current/bin/../lib/gcc/arm-none-eabi/14.3.1/thumb/v7e-m+dp/hard/crtbegin.o
 .ARM.attributes
                0x00000052       0x32 CMakeFiles/STM32F767.dir/Core/Src/main.cpp.obj
 .ARM.attributes
                0x00000084       0x32 CMakeFiles/STM32F767.dir/Core/Src/stm32f7xx_it.c.obj
 .ARM.attributes
                0x000000b6       0x21 CMakeFiles/STM32F767.dir/Core/Startup/startup_stm32f767zitx.s.obj
 .ARM.attributes
                0x000000d7       0x32 C:/Users/AkimovMA/scoop/apps/gcc-arm-none-eabi/current/bin/../lib/gcc/arm-none-eabi/14.3.1/../../../../arm-none-eabi/lib/thumb/v7e-m+dp/hard\libc_nano.a(libc_a-init.o)
 .ARM.attributes
                0x00000109       0x32 C:/Users/AkimovMA/scoop/apps/gcc-arm-none-eabi/current/bin/../lib/gcc/arm-none-eabi/14.3.1/thumb/v7e-m+dp/hard/crtend.o
 .ARM.attributes
                0x0000013b       0x20 C:/Users/AkimovMA/scoop/apps/gcc-arm-none-eabi/current/bin/../lib/gcc/arm-none-eabi/14.3.1/thumb/v7e-m+dp/hard/crtn.o
OUTPUT(STM32F767 elf32-littlearm)
LOAD linker stubs
LOAD C:/Users/AkimovMA/scoop/apps/gcc-arm-none-eabi/current/bin/../lib/gcc/arm-none-eabi/14.3.1/../../../../arm-none-eabi/lib/thumb/v7e-m+dp/hard\libc.a
LOAD C:/Users/AkimovMA/scoop/apps/gcc-arm-none-eabi/current/bin/../lib/gcc/arm-none-eabi/14.3.1/../../../../arm-none-eabi/lib/thumb/v7e-m+dp/hard\libm.a
LOAD C:/Users/AkimovMA/scoop/apps/gcc-arm-none-eabi/current/bin/../lib/gcc/arm-none-eabi/14.3.1/thumb/v7e-m+dp/hard\libgcc.a

.debug_info     0x00000000     0x134f
 .debug_info    0x00000000     0x1284 CMakeFiles/STM32F767.dir/Core/Src/main.cpp.obj
 .debug_info    0x00001284       0x9b CMakeFiles/STM32F767.dir/Core/Src/stm32f7xx_it.c.obj
 .debug_info    0x0000131f       0x30 CMakeFiles/STM32F767.dir/Core/Startup/startup_stm32f767zitx.s.obj

.debug_abbrev   0x00000000      0x304
 .debug_abbrev  0x00000000      0x27c CMakeFiles/STM32F767.dir/Core/Src/main.cpp.obj
 .debug_abbrev  0x0000027c       0x64 CMakeFiles/STM32F767.dir/Core/Src/stm32f7xx_it.c.obj
 .debug_abbrev  0x000002e0       0x24 CMakeFiles/STM32F767.dir/Core/Startup/startup_stm32f767zitx.s.obj

.debug_aranges  0x00000000       0xa8
 .debug_aranges
                0x00000000       0x28 CMakeFiles/STM32F767.dir/Core/Src/main.cpp.obj
 .debug_aranges
                0x00000028       0x58 CMakeFiles/STM32F767.dir/Core/Src/stm32f7xx_it.c.obj
 .debug_aranges
                0x00000080       0x28 CMakeFiles/STM32F767.dir/Core/Startup/startup_stm32f767zitx.s.obj

.debug_rnglists
                0x00000000       0x6f
 .debug_rnglists
                0x00000000       0x19 CMakeFiles/STM32F767.dir/Core/Src/main.cpp.obj
 .debug_rnglists
                0x00000019       0x3d CMakeFiles/STM32F767.dir/Core/Src/stm32f7xx_it.c.obj
 .debug_rnglists
                0x00000056       0x19 CMakeFiles/STM32F767.dir/Core/Startup/startup_stm32f767zitx.s.obj

.debug_line     0x00000000      0x55c
 .debug_line    0x00000000      0x3cc CMakeFiles/STM32F767.dir/Core/Src/main.cpp.obj
 .debug_line    0x000003cc      0x117 CMakeFiles/STM32F767.dir/Core/Src/stm32f7xx_it.c.obj
 .debug_line    0x000004e3       0x79 CMakeFiles/STM32F767.dir/Core/Startup/startup_stm32f767zitx.s.obj

.debug_str      0x00000000      0xc90
 .debug_str     0x00000000      0xc90 CMakeFiles/STM32F767.dir/Core/Src/main.cpp.obj
                                0xc30 (size before relaxing)
 .debug_str     0x00000c90      0x181 CMakeFiles/STM32F767.dir/Core/Src/stm32f7xx_it.c.obj
 .debug_str     0x00000c90       0x99 CMakeFiles/STM32F767.dir/Core/Startup/startup_stm32f767zitx.s.obj

.comment        0x00000000       0x46
 .comment       0x00000000       0x46 CMakeFiles/STM32F767.dir/Core/Src/main.cpp.obj
                                 0x47 (size before relaxing)
 .comment       0x00000046       0x47 CMakeFiles/STM32F767.dir/Core/Src/stm32f7xx_it.c.obj

.debug_frame    0x00000000       0xec
 .debug_frame   0x00000000       0x30 CMakeFiles/STM32F767.dir/Core/Src/main.cpp.obj
 .debug_frame   0x00000030       0x90 CMakeFiles/STM32F767.dir/Core/Src/stm32f7xx_it.c.obj
 .debug_frame   0x000000c0       0x2c C:/Users/AkimovMA/scoop/apps/gcc-arm-none-eabi/current/bin/../lib/gcc/arm-none-eabi/14.3.1/../../../../arm-none-eabi/lib/thumb/v7e-m+dp/hard\libc_nano.a(libc_a-init.o)

.debug_line_str
                0x00000000       0x7d
 .debug_line_str
                0x00000000       0x7d CMakeFiles/STM32F767.dir/Core/Startup/startup_stm32f767zitx.s.obj
