Archive member included to satisfy reference by file (symbol)

C:/ST/STM32CubeIDE_2.0.0/STM32CubeIDE/plugins/com.st.stm32cube.ide.mcu.externaltools.gnu-tools-for-stm32.13.3.rel1.win32_1.0.100.202509120712/tools/bin/../lib/gcc/arm-none-eabi/13.3.1/../../../../arm-none-eabi/lib/thumb/v7e-m+dp/hard\libc_nano.a(libc_a-exit.o)
                              C:/ST/STM32CubeIDE_2.0.0/STM32CubeIDE/plugins/com.st.stm32cube.ide.mcu.externaltools.gnu-tools-for-stm32.13.3.rel1.win32_1.0.100.202509120712/tools/bin/../lib/gcc/arm-none-eabi/13.3.1/../../../../arm-none-eabi/lib/thumb/v7e-m+dp/hard/crt0.o (exit)
C:/ST/STM32CubeIDE_2.0.0/STM32CubeIDE/plugins/com.st.stm32cube.ide.mcu.externaltools.gnu-tools-for-stm32.13.3.rel1.win32_1.0.100.202509120712/tools/bin/../lib/gcc/arm-none-eabi/13.3.1/../../../../arm-none-eabi/lib/thumb/v7e-m+dp/hard\libc_nano.a(libc_a-findfp.o)
                              C:/ST/STM32CubeIDE_2.0.0/STM32CubeIDE/plugins/com.st.stm32cube.ide.mcu.externaltools.gnu-tools-for-stm32.13.3.rel1.win32_1.0.100.202509120712/tools/bin/../lib/gcc/arm-none-eabi/13.3.1/../../../../arm-none-eabi/lib/thumb/v7e-m+dp/hard\libc_nano.a(libc_a-exit.o) (__stdio_exit_handler)
C:/ST/STM32CubeIDE_2.0.0/STM32CubeIDE/plugins/com.st.stm32cube.ide.mcu.externaltools.gnu-tools-for-stm32.13.3.rel1.win32_1.0.100.202509120712/tools/bin/../lib/gcc/arm-none-eabi/13.3.1/../../../../arm-none-eabi/lib/thumb/v7e-m+dp/hard\libc_nano.a(libc_a-fwalk.o)
                              C:/ST/STM32CubeIDE_2.0.0/STM32CubeIDE/plugins/com.st.stm32cube.ide.mcu.externaltools.gnu-tools-for-stm32.13.3.rel1.win32_1.0.100.202509120712/tools/bin/../lib/gcc/arm-none-eabi/13.3.1/../../../../arm-none-eabi/lib/thumb/v7e-m+dp/hard\libc_nano.a(libc_a-findfp.o) (_fwalk_sglue)
C:/ST/STM32CubeIDE_2.0.0/STM32CubeIDE/plugins/com.st.stm32cube.ide.mcu.externaltools.gnu-tools-for-stm32.13.3.rel1.win32_1.0.100.202509120712/tools/bin/../lib/gcc/arm-none-eabi/13.3.1/../../../../arm-none-eabi/lib/thumb/v7e-m+dp/hard\libc_nano.a(libc_a-stdio.o)
                              C:/ST/STM32CubeIDE_2.0.0/STM32CubeIDE/plugins/com.st.stm32cube.ide.mcu.externaltools.gnu-tools-for-stm32.13.3.rel1.win32_1.0.100.202509120712/tools/bin/../lib/gcc/arm-none-eabi/13.3.1/../../../../arm-none-eabi/lib/thumb/v7e-m+dp/hard\libc_nano.a(libc_a-findfp.o) (__sread)
C:/ST/STM32CubeIDE_2.0.0/STM32CubeIDE/plugins/com.st.stm32cube.ide.mcu.externaltools.gnu-tools-for-stm32.13.3.rel1.win32_1.0.100.202509120712/tools/bin/../lib/gcc/arm-none-eabi/13.3.1/../../../../arm-none-eabi/lib/thumb/v7e-m+dp/hard\libc_nano.a(libc_a-vsnprintf.o)
                              CMakeFiles/STM32F767.dir/Core/Src/mcore_system.cpp.obj (vsnprintf)
C:/ST/STM32CubeIDE_2.0.0/STM32CubeIDE/plugins/com.st.stm32cube.ide.mcu.externaltools.gnu-tools-for-stm32.13.3.rel1.win32_1.0.100.202509120712/tools/bin/../lib/gcc/arm-none-eabi/13.3.1/../../../../arm-none-eabi/lib/thumb/v7e-m+dp/hard\libc_nano.a(libc_a-memcmp.o)
                              CMakeFiles/STM32F767.dir/Core/Src/mcore_net.cpp.obj (memcmp)
C:/ST/STM32CubeIDE_2.0.0/STM32CubeIDE/plugins/com.st.stm32cube.ide.mcu.externaltools.gnu-tools-for-stm32.13.3.rel1.win32_1.0.100.202509120712/tools/bin/../lib/gcc/arm-none-eabi/13.3.1/../../../../arm-none-eabi/lib/thumb/v7e-m+dp/hard\libc_nano.a(libc_a-memset.o)
                              C:/ST/STM32CubeIDE_2.0.0/STM32CubeIDE/plugins/com.st.stm32cube.ide.mcu.externaltools.gnu-tools-for-stm32.13.3.rel1.win32_1.0.100.202509120712/tools/bin/../lib/gcc/arm-none-eabi/13.3.1/../../../../arm-none-eabi/lib/thumb/v7e-m+dp/hard/crt0.o (memset)
C:/ST/STM32CubeIDE_2.0.0/STM32CubeIDE/plugins/com.st.stm32cube.ide.mcu.externaltools.gnu-tools-for-stm32.13.3.rel1.win32_1.0.100.202509120712/tools/bin/../lib/gcc/arm-none-eabi/13.3.1/../../../../arm-none-eabi/lib/thumb/v7e-m+dp/hard\libc_nano.a(libc_a-closer.o)
                              C:/ST/STM32CubeIDE_2.0.0/STM32CubeIDE/plugins/com.st.stm32cube.ide.mcu.externaltools.gnu-tools-for-stm32.13.3.rel1.win32_1.0.100.202509120712/tools/bin/../lib/gcc/arm-none-eabi/13.3.1/../../../../arm-none-eabi/lib/thumb/v7e-m+dp/hard\libc_nano.a(libc_a-stdio.o) (_close_r)
C:/ST/STM32CubeIDE_2.0.0/STM32CubeIDE/plugins/com.st.stm32cube.ide.mcu.externaltools.gnu-tools-for-stm32.13.3.rel1.win32_1.0.100.202509120712/tools/bin/../lib/gcc/arm-none-eabi/13.3.1/../../../../arm-none-eabi/lib/thumb/v7e-m+dp/hard\libc_nano.a(libc_a-reent.o)
                              C:/ST/STM32CubeIDE_2.0.0/STM32CubeIDE/plugins/com.st.stm32cube.ide.mcu.externaltools.gnu-tools-for-stm32.13.3.rel1.win32_1.0.100.202509120712/tools/bin/../lib/gcc/arm-none-eabi/13.3.1/../../../../arm-none-eabi/lib/thumb/v7e-m+dp/hard\libc_nano.a(libc_a-closer.o) (errno)
C:/ST/STM32CubeIDE_2.0.0/STM32CubeIDE/plugins/com.st.stm32cube.ide.mcu.externaltools.gnu-tools-for-stm32.13.3.rel1.win32_1.0.100.202509120712/tools/bin/../lib/gcc/arm-none-eabi/13.3.1/../../../../arm-none-eabi/lib/thumb/v7e-m+dp/hard\libc_nano.a(libc_a-impure.o)
[...]
Memory Configuration

Name             Origin             Length             Attributes
RAM              0x20000000         0x00080000         xrw
FLASH            0x08000000         0x00200000         xr
ETH_RX_BUFFER    0x2007b200         0x00003000         rw
ETH_TX_BUFFER    0x20078200         0x00003000         rw
Memory_B1        0x20078100         0x00000100         rw
Memory_B2        0x20078000         0x00000100         rw
*default*        0x00000000         0xffffffff

Linker script and memory map

LOAD C:/ST/STM32CubeIDE_2.0.0/STM32CubeIDE/plugins/com.st.stm32cube.ide.mcu.externaltools.gnu-tools-for-stm32.13.3.rel1.win32_1.0.100.202509120712/tools/bin/../lib/gcc/arm-none-eabi/13.3.1/thumb/v7e-m+dp/hard/crti.o
LOAD C:/ST/STM32CubeIDE_2.0.0/STM32CubeIDE/plugins/com.st.stm32cube.ide.mcu.externaltools.gnu-tools-for-stm32.13.3.rel1.win32_1.0.100.202509120712/tools/bin/../lib/gcc/arm-none-eabi/13.3.1/thumb/v7e-m+dp/hard/crtbegin.o
LOAD C:/ST/STM32CubeIDE_2.0.0/STM32CubeIDE/plugins/com.st.stm32cube.ide.mcu.externaltools.gnu-tools-for-stm32.13.3.rel1.win32_1.0.100.202509120712/tools/bin/../lib/gcc/arm-none-eabi/13.3.1/../../../../arm-none-eabi/lib/thumb/v7e-m+dp/hard/crt0.o
LOAD C:/ST/STM32CubeIDE_2.0.0/STM32CubeIDE/plugins/com.st.stm32cube.ide.mcu.externaltools.gnu-tools-for-stm32.13.3.rel1.win32_1.0.100.202509120712/tools/bin/../lib/gcc/arm-none-eabi/13.3.1/../../../../arm-none-eabi/lib/thumb/v7e-m+dp/hard\libnosys.a
LOAD CMakeFiles/STM32F767.dir/Core/Src/main.cpp.obj
LOAD CMakeFiles/STM32F767.dir/Core/Src/mcore_eth.cpp.obj
LOAD CMakeFiles/STM32F767.dir/Core/Src/mcore_eth_utils.cpp.obj
LOAD CMakeFiles/STM32F767.dir/Core/Src/mcore_mpu.cpp.obj
LOAD CMakeFiles/STM32F767.dir/Core/Src/mcore_net.cpp.obj
LOAD CMakeFiles/STM32F767.dir/Core/Src/mcore_system.cpp.obj
LOAD CMakeFiles/STM32F767.dir/Core/Src/mcore_tcp.cpp.obj
LOAD CMakeFiles/STM32F767.dir/Core/Src/mcore_tim.cpp.obj
LOAD CMakeFiles/STM32F767.dir/Core/Src/syscalls.c.obj
LOAD CMakeFiles/STM32F767.dir/Core/Startup/startup_stm32f767zitx.s.obj
LOAD C:/ST/STM32CubeIDE_2.0.0/STM32CubeIDE/plugins/com.st.stm32cube.ide.mcu.externaltools.gnu-tools-for-stm32.13.3.rel1.win32_1.0.100.202509120712/tools/bin/../lib/gcc/arm-none-eabi/13.3.1/../../../../arm-none-eabi/lib/thumb/v7e-m+dp/hard\libstdc++_nano.a
LOAD C:/ST/STM32CubeIDE_2.0.0/STM32CubeIDE/plugins/com.st.stm32cube.ide.mcu.externaltools.gnu-tools-for-stm32.13.3.rel1.win32_1.0.100.202509120712/tools/bin/../lib/gcc/arm-none-eabi/13.3.1/../../../../arm-none-eabi/lib/thumb/v7e-m+dp/hard\libm.a
LOAD C:/ST/STM32CubeIDE_2.0.0/STM32CubeIDE/plugins/com.st.stm32cube.ide.mcu.externaltools.gnu-tools-for-stm32.13.3.rel1.win32_1.0.100.202509120712/tools/bin/../lib/gcc/arm-none-eabi/13.3.1/../../../../arm-none-eabi/lib/thumb/v7e-m+dp/hard\libc_nano.a
START GROUP
LOAD C:/ST/STM32CubeIDE_2.0.0/STM32CubeIDE/plugins/com.st.stm32cube.ide.mcu.externaltools.gnu-tools-for-stm32.13.3.rel1.win32_1.0.100.202509120712/tools/bin/../lib/gcc/arm-none-eabi/13.3.1/thumb/v7e-m+dp/hard\libgcc.a
LOAD C:/ST/STM32CubeIDE_2.0.0/STM32CubeIDE/plugins/com.st.stm32cube.ide.mcu.externaltools.gnu-tools-for-stm32.13.3.rel1.win32_1.0.100.202509120712/tools/bin/../lib/gcc/arm-none-eabi/13.3.1/../../../../arm-none-eabi/lib/thumb/v7e-m+dp/hard\libc_nano.a
END GROUP
START GROUP
LOAD C:/ST/STM32CubeIDE_2.0.0/STM32CubeIDE/plugins/com.st.stm32cube.ide.mcu.externaltools.gnu-tools-for-stm32.13.3.rel1.win32_1.0.100.202509120712/tools/bin/../lib/gcc/arm-none-eabi/13.3.1/thumb/v7e-m+dp/hard\libgcc.a
LOAD C:/ST/STM32CubeIDE_2.0.0/STM32CubeIDE/plugins/com.st.stm32cube.ide.mcu.externaltools.gnu-tools-for-stm32.13.3.rel1.win32_1.0.100.202509120712/tools/bin/../lib/gcc/arm-none-eabi/13.3.1/../../../../arm-none-eabi/lib/thumb/v7e-m+dp/hard\libc_nano.a
END GROUP
LOAD C:/ST/STM32CubeIDE_2.0.0/STM32CubeIDE/plugins/com.st.stm32cube.ide.mcu.externaltools.gnu-tools-for-stm32.13.3.rel1.win32_1.0.100.202509120712/tools/bin/../lib/gcc/arm-none-eabi/13.3.1/thumb/v7e-m+dp/hard/crtend.o
LOAD C:/ST/STM32CubeIDE_2.0.0/STM32CubeIDE/plugins/com.st.stm32cube.ide.mcu.externaltools.gnu-tools-for-stm32.13.3.rel1.win32_1.0.100.202509120712/tools/bin/../lib/gcc/arm-none-eabi/13.3.1/thumb/v7e-m+dp/hard/crtn.o
                0x20080000                        _estack = (ORIGIN (RAM) + LENGTH (RAM))
                0x00000000                        _Min_Heap_Size = 0x0
                0x00000010                        _Min_Stack_Size = 0x10

.isr_vector     0x08000000      0x1f8
                0x08000000                        . = ALIGN (0x4)
 *(.isr_vector)
 .isr_vector    0x08000000      0x1f8 CMakeFiles/STM32F767.dir/Core/Startup/startup_stm32f767zitx.s.obj
                0x08000000                g_pfnVectors
                0x080001f8                        . = ALIGN (0x4)

.text           0x08000200     0x2980
                0x08000200                        . = ALIGN (0x4)
 *(.text)
 .text          0x08000200       0x40 C:/ST/STM32CubeIDE_2.0.0/STM32CubeIDE/plugins/com.st.stm32cube.ide.mcu.externaltools.gnu-tools-for-stm32.13.3.rel1.win32_1.0.100.202509120712/tools/bin/../lib/gcc/arm-none-eabi/13.3.1/thumb/v7e-m+dp/hard/crtbegin.o
 .text          0x08000240       0xa0 C:/ST/STM32CubeIDE_2.0.0/STM32CubeIDE/plugins/com.st.stm32cube.ide.mcu.externaltools.gnu-tools-for-stm32.13.3.rel1.win32_1.0.100.202509120712/tools/bin/../lib/gcc/arm-none-eabi/13.3.1/../../../../arm-none-eabi/lib/thumb/v7e-m+dp/hard\libc_nano.a(libc_a-memchr.o)
                0x08000240                memchr
 *(.text*)
 .text._Z19GPIO_ConfigGroupPinI4GPIOILm1073872896EEEvR11GPIO_Configm
                0x080002e0       0xc0 CMakeFiles/STM32F767.dir/Core/Src/main.cpp.obj
                0x080002e0                void GPIO_ConfigGroupPin<GPIO<1073872896ul> >(GPIO_Config&, unsigned long)
 .text._Z14GPIO_ConfigPinI4GPIOILm1073873920EEEvR11GPIO_Configh
                0x080003a0       0xb0 CMakeFiles/STM32F767.dir/Core/Src/main.cpp.obj
                0x080003a0                void GPIO_ConfigPin<GPIO<1073873920ul> >(GPIO_Config&, unsigned char)
 .text._Z19GPIO_ConfigGroupPinI4GPIOILm1073874944EEEvR11GPIO_Configm
                0x08000450       0xd4 CMakeFiles/STM32F767.dir/Core/Src/main.cpp.obj
                0x08000450                void GPIO_ConfigGroupPin<GPIO<1073874944ul> >(GPIO_Config&, unsigned long)
 .text._Z19GPIO_ConfigGroupPinI4GPIOILm1073879040EEEvR11GPIO_Configm
                0x08000524       0xd4 CMakeFiles/STM32F767.dir/Core/Src/main.cpp.obj
                0x08000524                void GPIO_ConfigGroupPin<GPIO<1073879040ul> >(GPIO_Config&, unsigned long)
 .text._Z14GPIO_ConfigPinI4GPIOILm1073872896EEEvR11GPIO_Configh
                0x080005f8       0x98 CMakeFiles/STM32F767.dir/Core/Src/main.cpp.obj
                0x080005f8                void GPIO_ConfigPin<GPIO<1073872896ul> >(GPIO_Config&, unsigned char)
 .text._Z14GPIO_ConfigPinI4GPIOILm1073874944EEEvR11GPIO_Configh
                0x08000690       0xb0 CMakeFiles/STM32F767.dir/Core/Src/main.cpp.obj
                0x08000690                void GPIO_ConfigPin<GPIO<1073874944ul> >(GPIO_Config&, unsigned char)
 .text._Z19GPIO_ConfigGroupPinI4GPIOILm1073873920EEEvR11GPIO_Configm
                0x08000740       0xd4 CMakeFiles/STM32F767.dir/Core/Src/main.cpp.obj
                0x08000740                void GPIO_ConfigGroupPin<GPIO<1073873920ul> >(GPIO_Config&, unsigned long)
 .text._Z19GPIO_ConfigGroupPinI4GPIOILm1073875968EEEvR11GPIO_Configm
                0x08000814       0xd4 CMakeFiles/STM32F767.dir/Core/Src/main.cpp.obj
                0x08000814                void GPIO_ConfigGroupPin<GPIO<1073875968ul> >(GPIO_Config&, unsigned long)
 .text._Z19GPIO_ConfigGroupPinI4GPIOILm1073876992EEEvR11GPIO_Configm
                0x080008e8       0xc0 CMakeFiles/STM32F767.dir/Core/Src/main.cpp.obj
                0x080008e8                void GPIO_ConfigGroupPin<GPIO<1073876992ul> >(GPIO_Config&, unsigned long)
 .text._Z19GPIO_ConfigGroupPinI4GPIOILm1073878016EEEvR11GPIO_Configm
                0x080009a8       0xd4 CMakeFiles/STM32F767.dir/Core/Src/main.cpp.obj
                0x080009a8                void GPIO_ConfigGroupPin<GPIO<1073878016ul> >(GPIO_Config&, unsigned long)
 .text.startup.main
                0x08000a7c      0x454 CMakeFiles/STM32F767.dir/Core/Src/main.cpp.obj
                0x08000a7c                main
 .text._Z14ETH_RxDescInitv
                0x08000ed0       0x68 CMakeFiles/STM32F767.dir/Core/Src/mcore_eth.cpp.obj
                0x08000ed0                ETH_RxDescInit()
 .text._Z14ETH_TxDescInitv
                0x08000f38       0x64 CMakeFiles/STM32F767.dir/Core/Src/mcore_eth.cpp.obj
                0x08000f38                ETH_TxDescInit()
 .text._Z12ETH_RxWorkerv
                0x08000f9c       0xa8 CMakeFiles/STM32F767.dir/Core/Src/mcore_eth.cpp.obj
                0x08000f9c                ETH_RxWorker()
 .text._Z23ETH_IsTxBufferAvailablev
                0x08001044       0x1c CMakeFiles/STM32F767.dir/Core/Src/mcore_eth.cpp.obj
                0x08001044                ETH_IsTxBufferAvailable()
 .text._Z13ETH_SendFramem
                0x08001060       0x78 CMakeFiles/STM32F767.dir/Core/Src/mcore_eth.cpp.obj
                0x08001060                ETH_SendFrame(unsigned long)
 .text._Z16PHY_SetMDIOClockv
                0x080010d8       0x54 CMakeFiles/STM32F767.dir/Core/Src/mcore_eth.cpp.obj
                0x080010d8                PHY_SetMDIOClock()
 .text._Z8PHY_ReadmmPm
                0x0800112c       0x4c CMakeFiles/STM32F767.dir/Core/Src/mcore_eth.cpp.obj
                0x0800112c                PHY_Read(unsigned long, unsigned long, unsigned long*)
 .text._Z9PHY_Writemmm
                0x08001178       0x4c CMakeFiles/STM32F767.dir/Core/Src/mcore_eth.cpp.obj
                0x08001178                PHY_Write(unsigned long, unsigned long, unsigned long)
 .text._Z8PHY_Initv
                0x080011c4       0xe0 CMakeFiles/STM32F767.dir/Core/Src/mcore_eth.cpp.obj
                0x080011c4                PHY_Init()
 .text._Z8ETH_Initv
                0x080012a4      0x168 CMakeFiles/STM32F767.dir/Core/Src/mcore_eth.cpp.obj
                0x080012a4                ETH_Init()
 .text._ZN12_GLOBAL__N_119checksum_accumulateEPKht
                0x0800140c       0x34 CMakeFiles/STM32F767.dir/Core/Src/mcore_eth_utils.cpp.obj
 .text._Z8checksumPKht
                0x08001440       0x16 CMakeFiles/STM32F767.dir/Core/Src/mcore_eth_utils.cpp.obj
                0x08001440                checksum(unsigned char const*, unsigned short)
 *fill*         0x08001456        0x2 
 .text._Z10MPU_Configv
                0x08001458       0x94 CMakeFiles/STM32F767.dir/Core/Src/mcore_mpu.cpp.obj
                0x08001458                MPU_Config()
 .text._Z24NET_SendICMP_UnreachableP10ipv4_frame
                0x080014ec       0x80 CMakeFiles/STM32F767.dir/Core/Src/mcore_net.cpp.obj
                0x080014ec                NET_SendICMP_Unreachable(ipv4_frame*)
 .text._Z14NET_ProcessUDPP10ipv4_frame
                0x0800156c       0x16 CMakeFiles/STM32F767.dir/Core/Src/mcore_net.cpp.obj
                0x0800156c                NET_ProcessUDP(ipv4_frame*)
 *fill*         0x08001582        0x2 
 .text._Z15NET_ProcessICMPP10ipv4_frame
                0x08001584       0x70 CMakeFiles/STM32F767.dir/Core/Src/mcore_net.cpp.obj
                0x08001584                NET_ProcessICMP(ipv4_frame*)
 .text._Z14NET_ProcessARPP10ipv4_frame
                0x080015f4       0x90 CMakeFiles/STM32F767.dir/Core/Src/mcore_net.cpp.obj
                0x080015f4                NET_ProcessARP(ipv4_frame*)
 .text._Z13NET_ProcessRxP20ETH_RxDescListStructP20ETH_TxDescListStruct
                0x08001684       0xd8 CMakeFiles/STM32F767.dir/Core/Src/mcore_net.cpp.obj
                0x08001684                NET_ProcessRx(ETH_RxDescListStruct*, ETH_TxDescListStruct*)
 .text.startup._GLOBAL__sub_I_MAC_ADDR
                0x0800175c       0x70 CMakeFiles/STM32F767.dir/Core/Src/mcore_net.cpp.obj
 .text._Z8delay_msm
                0x080017cc       0x14 CMakeFiles/STM32F767.dir/Core/Src/mcore_system.cpp.obj
                0x080017cc                delay_ms(unsigned long)
 .text._Z8get_tickv
                0x080017e0        0xc CMakeFiles/STM32F767.dir/Core/Src/mcore_system.cpp.obj
                0x080017e0                get_tick()
 .text._Z5printPKcz
                0x080017ec       0x56 CMakeFiles/STM32F767.dir/Core/Src/mcore_system.cpp.obj
                0x080017ec                print(char const*, ...)
 *fill*         0x08001842        0x2 
 .text._Z10SystemInitv
                0x08001844       0x54 CMakeFiles/STM32F767.dir/Core/Src/mcore_system.cpp.obj
                0x08001844                SystemInit()
 .text._Z21SystemCoreClockUpdatev
                0x08001898       0x7c CMakeFiles/STM32F767.dir/Core/Src/mcore_system.cpp.obj
                0x08001898                SystemCoreClockUpdate()
 .text._Z14SysTick_Configm
                0x08001914       0x30 CMakeFiles/STM32F767.dir/Core/Src/mcore_system.cpp.obj
                0x08001914                SysTick_Config(unsigned long)
 .text.NMI_Handler
                0x08001944        0x2 CMakeFiles/STM32F767.dir/Core/Src/mcore_system.cpp.obj
                0x08001944                NMI_Handler
 .text.HardFault_Handler
                0x08001946        0x2 CMakeFiles/STM32F767.dir/Core/Src/mcore_system.cpp.obj
                0x08001946                HardFault_Handler
 .text.MemManage_Handler
                0x08001948        0x2 CMakeFiles/STM32F767.dir/Core/Src/mcore_system.cpp.obj
                0x08001948                MemManage_Handler
 .text.BusFault_Handler
                0x0800194a        0x2 CMakeFiles/STM32F767.dir/Core/Src/mcore_system.cpp.obj
                0x0800194a                BusFault_Handler
 .text.UsageFault_Handler
                0x0800194c        0x2 CMakeFiles/STM32F767.dir/Core/Src/mcore_system.cpp.obj
                0x0800194c                UsageFault_Handler
 .text.SVC_Handler
                0x0800194e        0x2 CMakeFiles/STM32F767.dir/Core/Src/mcore_system.cpp.obj
                0x0800194e                SVC_Handler
 .text.DebugMon_Handler
                0x08001950        0x2 CMakeFiles/STM32F767.dir/Core/Src/mcore_system.cpp.obj
                0x08001950                DebugMon_Handler
 .text.PendSV_Handler
                0x08001952        0x2 CMakeFiles/STM32F767.dir/Core/Src/mcore_system.cpp.obj
                0x08001952                PendSV_Handler
 .text.SysTick_Handler
                0x08001954       0x10 CMakeFiles/STM32F767.dir/Core/Src/mcore_system.cpp.obj
                0x08001954                SysTick_Handler
 .text._ZL7bswap32m
                0x08001964        0x4 CMakeFiles/STM32F767.dir/Core/Src/mcore_tcp.cpp.obj
 .text._Z11NET_SendTCPP10tcp_conn_tmmhhPKht.part.0
                0x08001968       0xe4 CMakeFiles/STM32F767.dir/Core/Src/mcore_tcp.cpp.obj
 .text._Z12NET_TCP_Initv
                0x08001a4c       0x44 CMakeFiles/STM32F767.dir/Core/Src/mcore_tcp.cpp.obj
                0x08001a4c                NET_TCP_Init()
 .text._Z17NET_TCP_ClientAddv
                0x08001a90       0x48 CMakeFiles/STM32F767.dir/Core/Src/mcore_tcp.cpp.obj
                0x08001a90                NET_TCP_ClientAdd()
 .text._Z20NET_TCP_ClientRemoveh
                0x08001ad8       0x74 CMakeFiles/STM32F767.dir/Core/Src/mcore_tcp.cpp.obj
                0x08001ad8                NET_TCP_ClientRemove(unsigned char)
 .text._Z15NET_SendTCP_RSTP10ipv4_framettmmh
                0x08001b4c       0xac CMakeFiles/STM32F767.dir/Core/Src/mcore_tcp.cpp.obj
                0x08001b4c                NET_SendTCP_RST(ipv4_frame*, unsigned short, unsigned short, unsigned long, unsigned long, unsigned char)
 .text._Z21NET_SendRetransmitTCPP10tcp_conn_t
                0x08001bf8       0x6c CMakeFiles/STM32F767.dir/Core/Src/mcore_tcp.cpp.obj
                0x08001bf8                NET_SendRetransmitTCP(tcp_conn_t*)
 .text._Z11NET_SendTCPP10tcp_conn_tmmhhPKht
                0x08001c64       0x24 CMakeFiles/STM32F767.dir/Core/Src/mcore_tcp.cpp.obj
                0x08001c64                NET_SendTCP(tcp_conn_t*, unsigned long, unsigned long, unsigned char, unsigned char, unsigned char const*, unsigned short)
 .text._Z14NET_TCP_Timersv
                0x08001c88       0xec CMakeFiles/STM32F767.dir/Core/Src/mcore_tcp.cpp.obj
                0x08001c88                NET_TCP_Timers()
 .text._Z14NET_ProcessTCPP10ipv4_frame
                0x08001d74      0x348 CMakeFiles/STM32F767.dir/Core/Src/mcore_tcp.cpp.obj
                0x08001d74                NET_ProcessTCP(ipv4_frame*)
 .text._Z16NET_TCP_SendUserP10tcp_conn_tPKht
                0x080020bc       0x4c CMakeFiles/STM32F767.dir/Core/Src/mcore_tcp.cpp.obj
                0x080020bc                NET_TCP_SendUser(tcp_conn_t*, unsigned char const*, unsigned short)
 .text.startup._GLOBAL__sub_I_TCPsendFrameTemplate
                0x08002108       0x3c CMakeFiles/STM32F767.dir/Core/Src/mcore_tcp.cpp.obj
 .text._sbrk    0x08002144       0x40 CMakeFiles/STM32F767.dir/Core/Src/syscalls.c.obj
                0x08002144                _sbrk
 .text.Reset_Handler
                0x08002184       0x4c CMakeFiles/STM32F767.dir/Core/Startup/startup_stm32f767zitx.s.obj
                0x08002184                Reset_Handler
 .text.Default_Handler
                0x080021d0        0x2 CMakeFiles/STM32F767.dir/Core/Startup/startup_stm32f767zitx.s.obj
                0x080021d0                RTC_Alarm_IRQHandler
                0x080021d0                EXTI2_IRQHandler
                0x080021d0                TIM8_CC_IRQHandler
                0x080021d0                UART8_IRQHandler
                0x080021d0                SPI4_IRQHandler
                0x080021d0                TIM1_CC_IRQHandler
                0x080021d0                DMA2_Stream5_IRQHandler
                0x080021d0                JPEG_IRQHandler
                0x080021d0                DMA1_Stream5_IRQHandler
                0x080021d0                CAN3_RX1_IRQHandler
                0x080021d0                PVD_IRQHandler
                0x080021d0                TAMP_STAMP_IRQHandler
                0x080021d0                CAN2_RX1_IRQHandler
                0x080021d0                EXTI3_IRQHandler
                0x080021d0                TIM8_TRG_COM_TIM14_IRQHandler
                0x080021d0                DFSDM1_FLT1_IRQHandler
                0x080021d0                TIM1_UP_TIM10_IRQHandler
                0x080021d0                TIM8_UP_TIM13_IRQHandler
                0x080021d0                I2C3_ER_IRQHandler
                0x080021d0                DFSDM1_FLT2_IRQHandler
                0x080021d0                EXTI0_IRQHandler
                0x080021d0                I2C2_EV_IRQHandler
                0x080021d0                DMA1_Stream2_IRQHandler
                0x080021d0                CAN1_RX0_IRQHandler
                0x080021d0                FPU_IRQHandler
                0x080021d0                OTG_HS_WKUP_IRQHandler
                0x080021d0                CAN3_SCE_IRQHandler
                0x080021d0                LTDC_ER_IRQHandler
                0x080021d0                CAN2_SCE_IRQHandler
                0x080021d0                DMA2_Stream2_IRQHandler
                0x080021d0                SPI1_IRQHandler
                0x080021d0                TIM6_DAC_IRQHandler
                0x080021d0                TIM1_BRK_TIM9_IRQHandler
                0x080021d0                DCMI_IRQHandler
                0x080021d0                CAN2_RX0_IRQHandler
                0x080021d0                DMA2_Stream3_IRQHandler
                0x080021d0                SAI2_IRQHandler
                0x080021d0                DFSDM1_FLT3_IRQHandler
                0x080021d0                USART6_IRQHandler
                0x080021d0                CAN3_RX0_IRQHandler
                0x080021d0                USART3_IRQHandler
                0x080021d0                CAN1_RX1_IRQHandler
                0x080021d0                UART5_IRQHandler
                0x080021d0                DMA2_Stream0_IRQHandler
                0x080021d0                TIM4_IRQHandler
                0x080021d0                QUADSPI_IRQHandler
                0x080021d0                I2C1_EV_IRQHandler
                0x080021d0                DMA1_Stream6_IRQHandler
                0x080021d0                DMA1_Stream1_IRQHandler
                0x080021d0                UART4_IRQHandler
                0x080021d0                TIM3_IRQHandler
                0x080021d0                RCC_IRQHandler
                0x080021d0                TIM8_BRK_TIM12_IRQHandler
                0x080021d0                Default_Handler
                0x080021d0                CEC_IRQHandler
                0x080021d0                EXTI15_10_IRQHandler
                0x080021d0                ADC_IRQHandler
                0x080021d0                DMA1_Stream7_IRQHandler
                0x080021d0                SPI5_IRQHandler
                0x080021d0                TIM7_IRQHandler
                0x080021d0                SDMMC1_IRQHandler
                0x080021d0                CAN2_TX_IRQHandler
                0x080021d0                TIM5_IRQHandler
                0x080021d0                DMA2_Stream7_IRQHandler
                0x080021d0                I2C3_EV_IRQHandler
                0x080021d0                EXTI9_5_IRQHandler
                0x080021d0                RTC_WKUP_IRQHandler
                0x080021d0                LTDC_IRQHandler
                0x080021d0                ETH_WKUP_IRQHandler
                0x080021d0                SPDIF_RX_IRQHandler
                0x080021d0                SPI2_IRQHandler
                0x080021d0                OTG_HS_EP1_IN_IRQHandler
                0x080021d0                DMA1_Stream0_IRQHandler
                0x080021d0                CAN1_TX_IRQHandler
                0x080021d0                EXTI4_IRQHandler
                0x080021d0                RNG_IRQHandler
                0x080021d0                ETH_IRQHandler
                0x080021d0                OTG_HS_EP1_OUT_IRQHandler
                0x080021d0                WWDG_IRQHandler
                0x080021d0                SPI6_IRQHandler
                0x080021d0                MDIOS_IRQHandler
                0x080021d0                I2C4_EV_IRQHandler
                0x080021d0                CAN3_TX_IRQHandler
                0x080021d0                TIM2_IRQHandler
                0x080021d0                OTG_FS_WKUP_IRQHandler
                0x080021d0                TIM1_TRG_COM_TIM11_IRQHandler
                0x080021d0                OTG_HS_IRQHandler
                0x080021d0                DMA2D_IRQHandler
                0x080021d0                EXTI1_IRQHandler
                0x080021d0                SDMMC2_IRQHandler
                0x080021d0                UART7_IRQHandler
                0x080021d0                USART2_IRQHandler
                0x080021d0                DFSDM1_FLT0_IRQHandler
                0x080021d0                I2C2_ER_IRQHandler
                0x080021d0                DMA2_Stream1_IRQHandler
                0x080021d0                CAN1_SCE_IRQHandler
                0x080021d0                FLASH_IRQHandler
                0x080021d0                DMA2_Stream4_IRQHandler
                0x080021d0                USART1_IRQHandler
                0x080021d0                OTG_FS_IRQHandler
                0x080021d0                SPI3_IRQHandler
                0x080021d0                DMA1_Stream4_IRQHandler
                0x080021d0                I2C1_ER_IRQHandler
                0x080021d0                FMC_IRQHandler
                0x080021d0                LPTIM1_IRQHandler
                0x080021d0                I2C4_ER_IRQHandler
                0x080021d0                DMA2_Stream6_IRQHandler
                0x080021d0                SAI1_IRQHandler
                0x080021d0                DMA1_Stream3_IRQHandler
 .text._vsnprintf_r
                0x080021d2       0x5c C:/ST/STM32CubeIDE_2.0.0/STM32CubeIDE/plugins/com.st.stm32cube.ide.mcu.externaltools.gnu-tools-for-stm32.13.3.rel1.win32_1.0.100.202509120712/tools/bin/../lib/gcc/arm-none-eabi/13.3.1/../../../../arm-none-eabi/lib/thumb/v7e-m+dp/hard\libc_nano.a(libc_a-vsnprintf.o)
                0x080021d2                _vsniprintf_r
                0x080021d2                _vsnprintf_r
 *fill*         0x0800222e        0x2 
 .text.vsnprintf
                0x08002230       0x1c C:/ST/STM32CubeIDE_2.0.0/STM32CubeIDE/plugins/com.st.stm32cube.ide.mcu.externaltools.gnu-tools-for-stm32.13.3.rel1.win32_1.0.100.202509120712/tools/bin/../lib/gcc/arm-none-eabi/13.3.1/../../../../arm-none-eabi/lib/thumb/v7e-m+dp/hard\libc_nano.a(libc_a-vsnprintf.o)
                0x08002230                vsniprintf
                0x08002230                vsnprintf
 .text.memcmp   0x0800224c       0x20 C:/ST/STM32CubeIDE_2.0.0/STM32CubeIDE/plugins/com.st.stm32cube.ide.mcu.externaltools.gnu-tools-for-stm32.13.3.rel1.win32_1.0.100.202509120712/tools/bin/../lib/gcc/arm-none-eabi/13.3.1/../../../../arm-none-eabi/lib/thumb/v7e-m+dp/hard\libc_nano.a(libc_a-memcmp.o)
                0x0800224c                memcmp
 .text.memset   0x0800226c       0x10 C:/ST/STM32CubeIDE_2.0.0/STM32CubeIDE/plugins/com.st.stm32cube.ide.mcu.externaltools.gnu-tools-for-stm32.13.3.rel1.win32_1.0.100.202509120712/tools/bin/../lib/gcc/arm-none-eabi/13.3.1/../../../../arm-none-eabi/lib/thumb/v7e-m+dp/hard\libc_nano.a(libc_a-memset.o)
                0x0800226c                memset
 .text.__errno  0x0800227c        0xc C:/ST/STM32CubeIDE_2.0.0/STM32CubeIDE/plugins/com.st.stm32cube.ide.mcu.externaltools.gnu-tools-for-stm32.13.3.rel1.win32_1.0.100.202509120712/tools/bin/../lib/gcc/arm-none-eabi/13.3.1/../../../../arm-none-eabi/lib/thumb/v7e-m+dp/hard\libc_nano.a(libc_a-errno.o)
                0x0800227c                __errno
 .text.__libc_init_array
                0x08002288       0x48 C:/ST/STM32CubeIDE_2.0.0/STM32CubeIDE/plugins/com.st.stm32cube.ide.mcu.externaltools.gnu-tools-for-stm32.13.3.rel1.win32_1.0.100.202509120712/tools/bin/../lib/gcc/arm-none-eabi/13.3.1/../../../../arm-none-eabi/lib/thumb/v7e-m+dp/hard\libc_nano.a(libc_a-init.o)
                0x08002288                __libc_init_array
 .text.__retarget_lock_acquire_recursive
                0x080022d0        0x2 C:/ST/STM32CubeIDE_2.0.0/STM32CubeIDE/plugins/com.st.stm32cube.ide.mcu.externaltools.gnu-tools-for-stm32.13.3.rel1.win32_1.0.100.202509120712/tools/bin/../lib/gcc/arm-none-eabi/13.3.1/../../../../arm-none-eabi/lib/thumb/v7e-m+dp/hard\libc_nano.a(libc_a-lock.o)
                0x080022d0                __retarget_lock_acquire_recursive
 .text.__retarget_lock_release_recursive
                0x080022d2        0x2 C:/ST/STM32CubeIDE_2.0.0/STM32CubeIDE/plugins/com.st.stm32cube.ide.mcu.externaltools.gnu-tools-for-stm32.13.3.rel1.win32_1.0.100.202509120712/tools/bin/../lib/gcc/arm-none-eabi/13.3.1/../../../../arm-none-eabi/lib/thumb/v7e-m+dp/hard\libc_nano.a(libc_a-lock.o)
                0x080022d2                __retarget_lock_release_recursive
 .text.memcpy   0x080022d4       0x1c C:/ST/STM32CubeIDE_2.0.0/STM32CubeIDE/plugins/com.st.stm32cube.ide.mcu.externaltools.gnu-tools-for-stm32.13.3.rel1.win32_1.0.100.202509120712/tools/bin/../lib/gcc/arm-none-eabi/13.3.1/../../../../arm-none-eabi/lib/thumb/v7e-m+dp/hard\libc_nano.a(libc_a-memcpy-stub.o)
                0x080022d4                memcpy
 .text._free_r  0x080022f0       0x94 C:/ST/STM32CubeIDE_2.0.0/STM32CubeIDE/plugins/com.st.stm32cube.ide.mcu.externaltools.gnu-tools-for-stm32.13.3.rel1.win32_1.0.100.202509120712/tools/bin/../lib/gcc/arm-none-eabi/13.3.1/../../../../arm-none-eabi/lib/thumb/v7e-m+dp/hard\libc_nano.a(libc_a-freer.o)
                0x080022f0                _free_r
 .text.sbrk_aligned
                0x08002384       0x44 C:/ST/STM32CubeIDE_2.0.0/STM32CubeIDE/plugins/com.st.stm32cube.ide.mcu.externaltools.gnu-tools-for-stm32.13.3.rel1.win32_1.0.100.202509120712/tools/bin/../lib/gcc/arm-none-eabi/13.3.1/../../../../arm-none-eabi/lib/thumb/v7e-m+dp/hard\libc_nano.a(libc_a-mallocr.o)
 .text._malloc_r
                0x080023c8      0x100 C:/ST/STM32CubeIDE_2.0.0/STM32CubeIDE/plugins/com.st.stm32cube.ide.mcu.externaltools.gnu-tools-for-stm32.13.3.rel1.win32_1.0.100.202509120712/tools/bin/../lib/gcc/arm-none-eabi/13.3.1/../../../../arm-none-eabi/lib/thumb/v7e-m+dp/hard\libc_nano.a(libc_a-mallocr.o)
                0x080023c8                _malloc_r
 .text.__malloc_lock
                0x080024c8        0xc C:/ST/STM32CubeIDE_2.0.0/STM32CubeIDE/plugins/com.st.stm32cube.ide.mcu.externaltools.gnu-tools-for-stm32.13.3.rel1.win32_1.0.100.202509120712/tools/bin/../lib/gcc/arm-none-eabi/13.3.1/../../../../arm-none-eabi/lib/thumb/v7e-m+dp/hard\libc_nano.a(libc_a-mlock.o)
                0x080024c8                __malloc_lock
 .text.__malloc_unlock
                0x080024d4        0xc C:/ST/STM32CubeIDE_2.0.0/STM32CubeIDE/plugins/com.st.stm32cube.ide.mcu.externaltools.gnu-tools-for-stm32.13.3.rel1.win32_1.0.100.202509120712/tools/bin/../lib/gcc/arm-none-eabi/13.3.1/../../../../arm-none-eabi/lib/thumb/v7e-m+dp/hard\libc_nano.a(libc_a-mlock.o)
                0x080024d4                __malloc_unlock
 .text.__ssputs_r
                0x080024e0       0xb6 C:/ST/STM32CubeIDE_2.0.0/STM32CubeIDE/plugins/com.st.stm32cube.ide.mcu.externaltools.gnu-tools-for-stm32.13.3.rel1.win32_1.0.100.202509120712/tools/bin/../lib/gcc/arm-none-eabi/13.3.1/../../../../arm-none-eabi/lib/thumb/v7e-m+dp/hard\libc_nano.a(libc_a-nano-svfprintf.o)
                0x080024e0                __ssputs_r
 *fill*         0x08002596        0x2 
 .text._svfprintf_r
                0x08002598      0x1f8 C:/ST/STM32CubeIDE_2.0.0/STM32CubeIDE/plugins/com.st.stm32cube.ide.mcu.externaltools.gnu-tools-for-stm32.13.3.rel1.win32_1.0.100.202509120712/tools/bin/../lib/gcc/arm-none-eabi/13.3.1/../../../../arm-none-eabi/lib/thumb/v7e-m+dp/hard\libc_nano.a(libc_a-nano-svfprintf.o)
                0x08002598                _svfiprintf_r
                0x08002598                _svfprintf_r
 .text._printf_common
                0x08002790       0xda C:/ST/STM32CubeIDE_2.0.0/STM32CubeIDE/plugins/com.st.stm32cube.ide.mcu.externaltools.gnu-tools-for-stm32.13.3.rel1.win32_1.0.100.202509120712/tools/bin/../lib/gcc/arm-none-eabi/13.3.1/../../../../arm-none-eabi/lib/thumb/v7e-m+dp/hard\libc_nano.a(libc_a-nano-vfprintf_i.o)
                0x08002790                _printf_common
 *fill*         0x0800286a        0x2 
 .text._printf_i
                0x0800286c      0x23c C:/ST/STM32CubeIDE_2.0.0/STM32CubeIDE/plugins/com.st.stm32cube.ide.mcu.externaltools.gnu-tools-for-stm32.13.3.rel1.win32_1.0.100.202509120712/tools/bin/../lib/gcc/arm-none-eabi/13.3.1/../../../../arm-none-eabi/lib/thumb/v7e-m+dp/hard\libc_nano.a(libc_a-nano-vfprintf_i.o)
                0x0800286c                _printf_i
 .text.memmove  0x08002aa8       0x34 C:/ST/STM32CubeIDE_2.0.0/STM32CubeIDE/plugins/com.st.stm32cube.ide.mcu.externaltools.gnu-tools-for-stm32.13.3.rel1.win32_1.0.100.202509120712/tools/bin/../lib/gcc/arm-none-eabi/13.3.1/../../../../arm-none-eabi/lib/thumb/v7e-m+dp/hard\libc_nano.a(libc_a-memmove.o)
                0x08002aa8                memmove
 .text._sbrk_r  0x08002adc       0x20 C:/ST/STM32CubeIDE_2.0.0/STM32CubeIDE/plugins/com.st.stm32cube.ide.mcu.externaltools.gnu-tools-for-stm32.13.3.rel1.win32_1.0.100.202509120712/tools/bin/../lib/gcc/arm-none-eabi/13.3.1/../../../../arm-none-eabi/lib/thumb/v7e-m+dp/hard\libc_nano.a(libc_a-sbrkr.o)
                0x08002adc                _sbrk_r
 .text._realloc_r
                0x08002afc       0x5c C:/ST/STM32CubeIDE_2.0.0/STM32CubeIDE/plugins/com.st.stm32cube.ide.mcu.externaltools.gnu-tools-for-stm32.13.3.rel1.win32_1.0.100.202509120712/tools/bin/../lib/gcc/arm-none-eabi/13.3.1/../../../../arm-none-eabi/lib/thumb/v7e-m+dp/hard\libc_nano.a(libc_a-reallocr.o)
                0x08002afc                _realloc_r
 .text._malloc_usable_size_r
                0x08002b58       0x10 C:/ST/STM32CubeIDE_2.0.0/STM32CubeIDE/plugins/com.st.stm32cube.ide.mcu.externaltools.gnu-tools-for-stm32.13.3.rel1.win32_1.0.100.202509120712/tools/bin/../lib/gcc/arm-none-eabi/13.3.1/../../../../arm-none-eabi/lib/thumb/v7e-m+dp/hard\libc_nano.a(libc_a-msizer.o)
                0x08002b58                _malloc_usable_size_r
 *(.glue_7)
 .glue_7        0x08002b68        0x0 linker stubs
 *(.glue_7t)
 .glue_7t       0x08002b68        0x0 linker stubs
 *(.eh_frame)
 .eh_frame      0x08002b68        0x0 C:/ST/STM32CubeIDE_2.0.0/STM32CubeIDE/plugins/com.st.stm32cube.ide.mcu.externaltools.gnu-tools-for-stm32.13.3.rel1.win32_1.0.100.202509120712/tools/bin/../lib/gcc/arm-none-eabi/13.3.1/thumb/v7e-m+dp/hard/crtbegin.o
 *(.init)
 .init          0x08002b68        0x4 C:/ST/STM32CubeIDE_2.0.0/STM32CubeIDE/plugins/com.st.stm32cube.ide.mcu.externaltools.gnu-tools-for-stm32.13.3.rel1.win32_1.0.100.202509120712/tools/bin/../lib/gcc/arm-none-eabi/13.3.1/thumb/v7e-m+dp/hard/crti.o
                0x08002b68                _init
 .init          0x08002b6c        0x8 C:/ST/STM32CubeIDE_2.0.0/STM32CubeIDE/plugins/com.st.stm32cube.ide.mcu.externaltools.gnu-tools-for-stm32.13.3.rel1.win32_1.0.100.202509120712/tools/bin/../lib/gcc/arm-none-eabi/13.3.1/thumb/v7e-m+dp/hard/crtn.o
 *(.fini)
 .fini          0x08002b74        0x4 C:/ST/STM32CubeIDE_2.0.0/STM32CubeIDE/plugins/com.st.stm32cube.ide.mcu.externaltools.gnu-tools-for-stm32.13.3.rel1.win32_1.0.100.202509120712/tools/bin/../lib/gcc/arm-none-eabi/13.3.1/thumb/v7e-m+dp/hard/crti.o
                0x08002b74                _fini
 .fini          0x08002b78        0x8 C:/ST/STM32CubeIDE_2.0.0/STM32CubeIDE/plugins/com.st.stm32cube.ide.mcu.externaltools.gnu-tools-for-stm32.13.3.rel1.win32_1.0.100.202509120712/tools/bin/../lib/gcc/arm-none-eabi/13.3.1/thumb/v7e-m+dp/hard/crtn.o
                0x08002b80                        . = ALIGN (0x4)
                0x08002b80                        _etext = .

.vfp11_veneer   0x08002b80        0x0
 .vfp11_veneer  0x08002b80        0x0 linker stubs

.v4_bx          0x08002b80        0x0
 .v4_bx         0x08002b80        0x0 linker stubs

.iplt           0x08002b80        0x0
 .iplt          0x08002b80        0x0 C:/ST/STM32CubeIDE_2.0.0/STM32CubeIDE/plugins/com.st.stm32cube.ide.mcu.externaltools.gnu-tools-for-stm32.13.3.rel1.win32_1.0.100.202509120712/tools/bin/../lib/gcc/arm-none-eabi/13.3.1/thumb/v7e-m+dp/hard/crtbegin.o

.rodata         0x08002b80       0xd8
                0x08002b80                        . = ALIGN (0x4)
 *(.rodata)
 .rodata        0x08002b80       0x28 CMakeFiles/STM32F767.dir/Core/Src/main.cpp.obj
 *(.rodata*)
 .rodata.main.str1.1
                0x08002ba8       0x7a CMakeFiles/STM32F767.dir/Core/Src/main.cpp.obj
                                 0x1b (size before relaxing)
 .rodata._ZN12_GLOBAL__N_1L9test_dataE
                0x08002c22       0x23 CMakeFiles/STM32F767.dir/Core/Src/main.cpp.obj
 .rodata.AHBPrescTable
                0x08002c45       0x10 CMakeFiles/STM32F767.dir/Core/Src/mcore_system.cpp.obj
                0x08002c45                AHBPrescTable
 .rodata._Z17NET_TCP_ClientAddv.str1.1
                0x08002c55        0x0 CMakeFiles/STM32F767.dir/Core/Src/mcore_tcp.cpp.obj
                                 0x15 (size before relaxing)
 .rodata._Z20NET_TCP_ClientRemoveh.str1.1
                0x08002c55        0x0 CMakeFiles/STM32F767.dir/Core/Src/mcore_tcp.cpp.obj
                                 0x17 (size before relaxing)
 .rodata._svfprintf_r.str1.1
                0x08002c55        0x0 C:/ST/STM32CubeIDE_2.0.0/STM32CubeIDE/plugins/com.st.stm32cube.ide.mcu.externaltools.gnu-tools-for-stm32.13.3.rel1.win32_1.0.100.202509120712/tools/bin/../lib/gcc/arm-none-eabi/13.3.1/../../../../arm-none-eabi/lib/thumb/v7e-m+dp/hard\libc_nano.a(libc_a-nano-svfprintf.o)
                                 0x11 (size before relaxing)
 .rodata._printf_i.str1.1
                0x08002c55        0x0 C:/ST/STM32CubeIDE_2.0.0/STM32CubeIDE/plugins/com.st.stm32cube.ide.mcu.externaltools.gnu-tools-for-stm32.13.3.rel1.win32_1.0.100.202509120712/tools/bin/../lib/gcc/arm-none-eabi/13.3.1/../../../../arm-none-eabi/lib/thumb/v7e-m+dp/hard\libc_nano.a(libc_a-nano-vfprintf_i.o)
                                 0x22 (size before relaxing)
                0x08002c58                        . = ALIGN (0x4)
 *fill*         0x08002c55        0x3 

.ARM.extab      0x08002c58        0x0
                0x08002c58                        . = ALIGN (0x4)
 *(.ARM.extab* .gnu.linkonce.armextab.*)
                0x08002c58                        . = ALIGN (0x4)

.ARM            0x08002c58        0x8
                0x08002c58                        . = ALIGN (0x4)
                0x08002c58                        __exidx_start = .
 *(.ARM.exidx*)
 .ARM.exidx     0x08002c58        0x8 C:/ST/STM32CubeIDE_2.0.0/STM32CubeIDE/plugins/com.st.stm32cube.ide.mcu.externaltools.gnu-tools-for-stm32.13.3.rel1.win32_1.0.100.202509120712/tools/bin/../lib/gcc/arm-none-eabi/13.3.1/../../../../arm-none-eabi/lib/thumb/v7e-m+dp/hard\libc_nano.a(libc_a-memchr.o)
                0x08002c60                        __exidx_end = .
                0x08002c60                        . = ALIGN (0x4)

.preinit_array  0x08002c60        0x0
                0x08002c60                        . = ALIGN (0x4)
                0x08002c60                        PROVIDE (__preinit_array_start = .)
 *(.preinit_array*)
                0x08002c60                        PROVIDE (__preinit_array_end = .)
                0x08002c60                        . = ALIGN (0x4)

.init_array     0x08002c60        0xc
                0x08002c60                        . = ALIGN (0x4)
                0x08002c60                        PROVIDE (__init_array_start = .)
 *(SORT_BY_NAME(.init_array.*))
 *(.init_array*)
 .init_array    0x08002c60        0x4 C:/ST/STM32CubeIDE_2.0.0/STM32CubeIDE/plugins/com.st.stm32cube.ide.mcu.externaltools.gnu-tools-for-stm32.13.3.rel1.win32_1.0.100.202509120712/tools/bin/../lib/gcc/arm-none-eabi/13.3.1/thumb/v7e-m+dp/hard/crtbegin.o
 .init_array    0x08002c64        0x4 CMakeFiles/STM32F767.dir/Core/Src/mcore_net.cpp.obj
 .init_array    0x08002c68        0x4 CMakeFiles/STM32F767.dir/Core/Src/mcore_tcp.cpp.obj
                0x08002c6c                        PROVIDE (__init_array_end = .)
                0x08002c6c                        . = ALIGN (0x4)

.fini_array     0x08002c6c        0x4
                0x08002c6c                        . = ALIGN (0x4)
                [!provide]                        PROVIDE (__fini_array_start = .)
 *(SORT_BY_NAME(.fini_array.*))
 *(.fini_array*)
 .fini_array    0x08002c6c        0x4 C:/ST/STM32CubeIDE_2.0.0/STM32CubeIDE/plugins/com.st.stm32cube.ide.mcu.externaltools.gnu-tools-for-stm32.13.3.rel1.win32_1.0.100.202509120712/tools/bin/../lib/gcc/arm-none-eabi/13.3.1/thumb/v7e-m+dp/hard/crtbegin.o
                [!provide]                        PROVIDE (__fini_array_end = .)
                0x08002c70                        . = ALIGN (0x4)
                0x08002c70                        _sidata = LOADADDR (.data)

.rel.dyn        0x08002c70        0x0
 .rel.iplt      0x08002c70        0x0 C:/ST/STM32CubeIDE_2.0.0/STM32CubeIDE/plugins/com.st.stm32cube.ide.mcu.externaltools.gnu-tools-for-stm32.13.3.rel1.win32_1.0.100.202509120712/tools/bin/../lib/gcc/arm-none-eabi/13.3.1/thumb/v7e-m+dp/hard/crtbegin.o

.data           0x20000000       0xf4 load address 0x08002c70
                0x20000000                        . = ALIGN (0x4)
                0x20000000                        _sdata = .
 *(.data)
 *(.data*)
 .data.UDPsendFrameTemplate
                0x20000000       0x2a CMakeFiles/STM32F767.dir/Core/Src/mcore_net.cpp.obj
                0x20000000                UDPsendFrameTemplate
 .data.icmp_port_unrchble_template
                0x2000002a       0x32 CMakeFiles/STM32F767.dir/Core/Src/mcore_net.cpp.obj
                0x2000002a                icmp_port_unrchble_template
 .data.IP_ADDR  0x2000005c        0x4 CMakeFiles/STM32F767.dir/Core/Src/mcore_net.cpp.obj
                0x2000005c                IP_ADDR
 .data.MAC_ADDR
                0x20000060        0x6 CMakeFiles/STM32F767.dir/Core/Src/mcore_net.cpp.obj
                0x20000060                MAC_ADDR
 *fill*         0x20000066        0x2 
 .data.SystemCoreClock
                0x20000068        0x4 CMakeFiles/STM32F767.dir/Core/Src/mcore_system.cpp.obj
                0x20000068                SystemCoreClock
 .data.TCPsendFrameTemplate
                0x2000006c       0x36 CMakeFiles/STM32F767.dir/Core/Src/mcore_tcp.cpp.obj
                0x2000006c                TCPsendFrameTemplate
 *fill*         0x200000a2        0x2 
 .data._impure_ptr
                0x200000a4        0x4 C:/ST/STM32CubeIDE_2.0.0/STM32CubeIDE/plugins/com.st.stm32cube.ide.mcu.externaltools.gnu-tools-for-stm32.13.3.rel1.win32_1.0.100.202509120712/tools/bin/../lib/gcc/arm-none-eabi/13.3.1/../../../../arm-none-eabi/lib/thumb/v7e-m+dp/hard\libc_nano.a(libc_a-impure.o)
                0x200000a4                _impure_ptr
 .data._impure_data
                0x200000a8       0x4c C:/ST/STM32CubeIDE_2.0.0/STM32CubeIDE/plugins/com.st.stm32cube.ide.mcu.externaltools.gnu-tools-for-stm32.13.3.rel1.win32_1.0.100.202509120712/tools/bin/../lib/gcc/arm-none-eabi/13.3.1/../../../../arm-none-eabi/lib/thumb/v7e-m+dp/hard\libc_nano.a(libc_a-impure.o)
                0x200000a8                _impure_data
 *(.RamFunc)
 *(.RamFunc*)
                0x200000f4                        . = ALIGN (0x4)
                0x200000f4                        _edata = .

.igot.plt       0x200000f4        0x0 load address 0x08002d64
 .igot.plt      0x200000f4        0x0 C:/ST/STM32CubeIDE_2.0.0/STM32CubeIDE/plugins/com.st.stm32cube.ide.mcu.externaltools.gnu-tools-for-stm32.13.3.rel1.win32_1.0.100.202509120712/tools/bin/../lib/gcc/arm-none-eabi/13.3.1/thumb/v7e-m+dp/hard/crtbegin.o
                0x200000f4                        . = ALIGN (0x4)

.bss            0x200000f4     0xfb0c load address 0x08002d64
                0x200000f4                        _sbss = .
                0x200000f4                        __bss_start__ = _sbss
 *(.bss)
 .bss           0x200000f4       0x1c C:/ST/STM32CubeIDE_2.0.0/STM32CubeIDE/plugins/com.st.stm32cube.ide.mcu.externaltools.gnu-tools-for-stm32.13.3.rel1.win32_1.0.100.202509120712/tools/bin/../lib/gcc/arm-none-eabi/13.3.1/thumb/v7e-m+dp/hard/crtbegin.o
 *(.bss*)
 .bss._ZN12_GLOBAL__N_117tx_frames_droppedE
                0x20000110        0x4 CMakeFiles/STM32F767.dir/Core/Src/mcore_eth.cpp.obj
 .bss._ZN12_GLOBAL__N_114tx_frames_sentE
                0x20000114        0x4 CMakeFiles/STM32F767.dir/Core/Src/mcore_eth.cpp.obj
 .bss._ZN12_GLOBAL__N_117rx_frames_droppedE
                0x20000118        0x4 CMakeFiles/STM32F767.dir/Core/Src/mcore_eth.cpp.obj
 .bss._ZN12_GLOBAL__N_119rx_frames_processedE
                0x2000011c        0x4 CMakeFiles/STM32F767.dir/Core/Src/mcore_eth.cpp.obj
 .bss.eth_rx_event
                0x20000120        0x4 CMakeFiles/STM32F767.dir/Core/Src/mcore_eth.cpp.obj
                0x20000120                eth_rx_event
 .bss.TxDescList
                0x20000124       0x30 CMakeFiles/STM32F767.dir/Core/Src/mcore_eth.cpp.obj
                0x20000124                TxDescList
 .bss.RxDescList
                0x20000154       0x30 CMakeFiles/STM32F767.dir/Core/Src/mcore_eth.cpp.obj
                0x20000154                RxDescList
 .bss.myTick    0x20000184        0x4 CMakeFiles/STM32F767.dir/Core/Src/mcore_system.cpp.obj
                0x20000184                myTick
 .bss.ppTxBuff  0x20000188        0x4 CMakeFiles/STM32F767.dir/Core/Src/mcore_tcp.cpp.obj
                0x20000188                ppTxBuff
 .bss.free_top  0x2000018c        0x1 CMakeFiles/STM32F767.dir/Core/Src/mcore_tcp.cpp.obj
                0x2000018c                free_top
 .bss.free_list
                0x2000018d        0xa CMakeFiles/STM32F767.dir/Core/Src/mcore_tcp.cpp.obj
                0x2000018d                free_list
 .bss.active_conn
                0x20000197        0x1 CMakeFiles/STM32F767.dir/Core/Src/mcore_tcp.cpp.obj
                0x20000197                active_conn
 .bss.active_list
                0x20000198        0xa CMakeFiles/STM32F767.dir/Core/Src/mcore_tcp.cpp.obj
                0x20000198                active_list
 *fill*         0x200001a2        0x2 
 .bss.tcp_clients
                0x200001a4     0xf910 CMakeFiles/STM32F767.dir/Core/Src/mcore_tcp.cpp.obj
                0x200001a4                tcp_clients
 .bss.__sbrk_heap_end
                0x2000fab4        0x4 CMakeFiles/STM32F767.dir/Core/Src/syscalls.c.obj
 .bss.__sf      0x2000fab8      0x138 C:/ST/STM32CubeIDE_2.0.0/STM32CubeIDE/plugins/com.st.stm32cube.ide.mcu.externaltools.gnu-tools-for-stm32.13.3.rel1.win32_1.0.100.202509120712/tools/bin/../lib/gcc/arm-none-eabi/13.3.1/../../../../arm-none-eabi/lib/thumb/v7e-m+dp/hard\libc_nano.a(libc_a-findfp.o)
                0x2000fab8                __sf
 .bss.errno     0x2000fbf0        0x4 C:/ST/STM32CubeIDE_2.0.0/STM32CubeIDE/plugins/com.st.stm32cube.ide.mcu.externaltools.gnu-tools-for-stm32.13.3.rel1.win32_1.0.100.202509120712/tools/bin/../lib/gcc/arm-none-eabi/13.3.1/../../../../arm-none-eabi/lib/thumb/v7e-m+dp/hard\libc_nano.a(libc_a-reent.o)
                0x2000fbf0                errno
 .bss.__lock___malloc_recursive_mutex
                0x2000fbf4        0x1 C:/ST/STM32CubeIDE_2.0.0/STM32CubeIDE/plugins/com.st.stm32cube.ide.mcu.externaltools.gnu-tools-for-stm32.13.3.rel1.win32_1.0.100.202509120712/tools/bin/../lib/gcc/arm-none-eabi/13.3.1/../../../../arm-none-eabi/lib/thumb/v7e-m+dp/hard\libc_nano.a(libc_a-lock.o)
                0x2000fbf4                __lock___malloc_recursive_mutex
 *fill*         0x2000fbf5        0x3 
 .bss.__malloc_sbrk_start
                0x2000fbf8        0x4 C:/ST/STM32CubeIDE_2.0.0/STM32CubeIDE/plugins/com.st.stm32cube.ide.mcu.externaltools.gnu-tools-for-stm32.13.3.rel1.win32_1.0.100.202509120712/tools/bin/../lib/gcc/arm-none-eabi/13.3.1/../../../../arm-none-eabi/lib/thumb/v7e-m+dp/hard\libc_nano.a(libc_a-mallocr.o)
                0x2000fbf8                __malloc_sbrk_start
 .bss.__malloc_free_list
                0x2000fbfc        0x4 C:/ST/STM32CubeIDE_2.0.0/STM32CubeIDE/plugins/com.st.stm32cube.ide.mcu.externaltools.gnu-tools-for-stm32.13.3.rel1.win32_1.0.100.202509120712/tools/bin/../lib/gcc/arm-none-eabi/13.3.1/../../../../arm-none-eabi/lib/thumb/v7e-m+dp/hard\libc_nano.a(libc_a-mallocr.o)
                0x2000fbfc                __malloc_free_list
 *(COMMON)
                0x2000fc00                        . = ALIGN (0x4)
                0x2000fc00                        _ebss = .
                0x2000fc00                        __bss_end__ = _ebss

._user_heap_stack
                0x2000fc00       0x10 load address 0x08002d64
                0x2000fc00                        . = ALIGN (0x8)
                [!provide]                        PROVIDE (end = .)
                0x2000fc00                        PROVIDE (_end = .)
                0x2000fc00                        . = (. + _Min_Heap_Size)
                0x2000fc10                        . = (. + _Min_Stack_Size)
 *fill*         0x2000fc00       0x10 
                0x2000fc10                        . = ALIGN (0x8)

.RxDecripSection
                0x20078100      0x100
 *(.RxDecripSection)
 .RxDecripSection
                0x20078100      0x100 CMakeFiles/STM32F767.dir/Core/Src/mcore_eth.cpp.obj

.TxDescripSection
                0x20078000      0x100
 *(.TxDecripSection)
 .TxDecripSection
                0x20078000      0x100 CMakeFiles/STM32F767.dir/Core/Src/mcore_eth.cpp.obj

.RxPoolSection  0x2007b200     0x3000
 *(.RxPoolSection)
 .RxPoolSection
                0x2007b200     0x3000 CMakeFiles/STM32F767.dir/Core/Src/mcore_eth.cpp.obj

.TxPoolSection  0x20078200     0x3000
 *(.RxPoolSection)
 .TxPoolSection
                0x20078200     0x3000 CMakeFiles/STM32F767.dir/Core/Src/mcore_eth.cpp.obj

/DISCARD/
 libc.a(*)
 libm.a(*)
 libgcc.a(*)

.ARM.attributes
                0x00000000       0x2e
 *(.ARM.attributes)
 .ARM.attributes
                0x00000000       0x20 C:/ST/STM32CubeIDE_2.0.0/STM32CubeIDE/plugins/com.st.stm32cube.ide.mcu.externaltools.gnu-tools-for-stm32.13.3.rel1.win32_1.0.100.202509120712/tools/bin/../lib/gcc/arm-none-eabi/13.3.1/thumb/v7e-m+dp/hard/crti.o
 .ARM.attributes
                0x00000020       0x32 C:/ST/STM32CubeIDE_2.0.0/STM32CubeIDE/plugins/com.st.stm32cube.ide.mcu.externaltools.gnu-tools-for-stm32.13.3.rel1.win32_1.0.100.202509120712/tools/bin/../lib/gcc/arm-none-eabi/13.3.1/thumb/v7e-m+dp/hard/crtbegin.o
 .ARM.attributes
                0x00000052       0x32 CMakeFiles/STM32F767.dir/Core/Src/main.cpp.obj
 .ARM.attributes
                0x00000084       0x32 CMakeFiles/STM32F767.dir/Core/Src/mcore_eth.cpp.obj
 .ARM.attributes
                0x000000b6       0x32 CMakeFiles/STM32F767.dir/Core/Src/mcore_eth_utils.cpp.obj
 .ARM.attributes
                0x000000e8       0x32 CMakeFiles/STM32F767.dir/Core/Src/mcore_mpu.cpp.obj
 .ARM.attributes
                0x0000011a       0x32 CMakeFiles/STM32F767.dir/Core/Src/mcore_net.cpp.obj
 .ARM.attributes
                0x0000014c       0x32 CMakeFiles/STM32F767.dir/Core/Src/mcore_system.cpp.obj
 .ARM.attributes
                0x0000017e       0x32 CMakeFiles/STM32F767.dir/Core/Src/mcore_tcp.cpp.obj
 .ARM.attributes
                0x000001b0       0x32 CMakeFiles/STM32F767.dir/Core/Src/syscalls.c.obj
 .ARM.attributes
                0x000001e2       0x21 CMakeFiles/STM32F767.dir/Core/Startup/startup_stm32f767zitx.s.obj
 .ARM.attributes
                0x00000203       0x32 C:/ST/STM32CubeIDE_2.0.0/STM32CubeIDE/plugins/com.st.stm32cube.ide.mcu.externaltools.gnu-tools-for-stm32.13.3.rel1.win32_1.0.100.202509120712/tools/bin/../lib/gcc/arm-none-eabi/13.3.1/../../../../arm-none-eabi/lib/thumb/v7e-m+dp/hard\libc_nano.a(libc_a-findfp.o)
 .ARM.attributes
                0x00000235       0x32 C:/ST/STM32CubeIDE_2.0.0/STM32CubeIDE/plugins/com.st.stm32cube.ide.mcu.externaltools.gnu-tools-for-stm32.13.3.rel1.win32_1.0.100.202509120712/tools/bin/../lib/gcc/arm-none-eabi/13.3.1/../../../../arm-none-eabi/lib/thumb/v7e-m+dp/hard\libc_nano.a(libc_a-vsnprintf.o)
 .ARM.attributes
                0x00000267       0x32 C:/ST/STM32CubeIDE_2.0.0/STM32CubeIDE/plugins/com.st.stm32cube.ide.mcu.externaltools.gnu-tools-for-stm32.13.3.rel1.win32_1.0.100.202509120712/tools/bin/../lib/gcc/arm-none-eabi/13.3.1/../../../../arm-none-eabi/lib/thumb/v7e-m+dp/hard\libc_nano.a(libc_a-memcmp.o)
 .ARM.attributes
                0x00000299       0x32 C:/ST/STM32CubeIDE_2.0.0/STM32CubeIDE/plugins/com.st.stm32cube.ide.mcu.externaltools.gnu-tools-for-stm32.13.3.rel1.win32_1.0.100.202509120712/tools/bin/../lib/gcc/arm-none-eabi/13.3.1/../../../../arm-none-eabi/lib/thumb/v7e-m+dp/hard\libc_nano.a(libc_a-memset.o)
 .ARM.attributes
                0x000002cb       0x32 C:/ST/STM32CubeIDE_2.0.0/STM32CubeIDE/plugins/com.st.stm32cube.ide.mcu.externaltools.gnu-tools-for-stm32.13.3.rel1.win32_1.0.100.202509120712/tools/bin/../lib/gcc/arm-none-eabi/13.3.1/../../../../arm-none-eabi/lib/thumb/v7e-m+dp/hard\libc_nano.a(libc_a-reent.o)
 .ARM.attributes
                0x000002fd       0x32 C:/ST/STM32CubeIDE_2.0.0/STM32CubeIDE/plugins/com.st.stm32cube.ide.mcu.externaltools.gnu-tools-for-stm32.13.3.rel1.win32_1.0.100.202509120712/tools/bin/../lib/gcc/arm-none-eabi/13.3.1/../../../../arm-none-eabi/lib/thumb/v7e-m+dp/hard\libc_nano.a(libc_a-impure.o)
 .ARM.attributes
                0x0000032f       0x32 C:/ST/STM32CubeIDE_2.0.0/STM32CubeIDE/plugins/com.st.stm32cube.ide.mcu.externaltools.gnu-tools-for-stm32.13.3.rel1.win32_1.0.100.202509120712/tools/bin/../lib/gcc/arm-none-eabi/13.3.1/../../../../arm-none-eabi/lib/thumb/v7e-m+dp/hard\libc_nano.a(libc_a-errno.o)
 .ARM.attributes
                0x00000361       0x32 C:/ST/STM32CubeIDE_2.0.0/STM32CubeIDE/plugins/com.st.stm32cube.ide.mcu.externaltools.gnu-tools-for-stm32.13.3.rel1.win32_1.0.100.202509120712/tools/bin/../lib/gcc/arm-none-eabi/13.3.1/../../../../arm-none-eabi/lib/thumb/v7e-m+dp/hard\libc_nano.a(libc_a-init.o)
 .ARM.attributes
                0x00000393       0x32 C:/ST/STM32CubeIDE_2.0.0/STM32CubeIDE/plugins/com.st.stm32cube.ide.mcu.externaltools.gnu-tools-for-stm32.13.3.rel1.win32_1.0.100.202509120712/tools/bin/../lib/gcc/arm-none-eabi/13.3.1/../../../../arm-none-eabi/lib/thumb/v7e-m+dp/hard\libc_nano.a(libc_a-lock.o)
 .ARM.attributes
                0x000003c5       0x32 C:/ST/STM32CubeIDE_2.0.0/STM32CubeIDE/plugins/com.st.stm32cube.ide.mcu.externaltools.gnu-tools-for-stm32.13.3.rel1.win32_1.0.100.202509120712/tools/bin/../lib/gcc/arm-none-eabi/13.3.1/../../../../arm-none-eabi/lib/thumb/v7e-m+dp/hard\libc_nano.a(libc_a-memcpy-stub.o)
 .ARM.attributes
                0x000003f7       0x32 C:/ST/STM32CubeIDE_2.0.0/STM32CubeIDE/plugins/com.st.stm32cube.ide.mcu.externaltools.gnu-tools-for-stm32.13.3.rel1.win32_1.0.100.202509120712/tools/bin/../lib/gcc/arm-none-eabi/13.3.1/../../../../arm-none-eabi/lib/thumb/v7e-m+dp/hard\libc_nano.a(libc_a-freer.o)
 .ARM.attributes
                0x00000429       0x32 C:/ST/STM32CubeIDE_2.0.0/STM32CubeIDE/plugins/com.st.stm32cube.ide.mcu.externaltools.gnu-tools-for-stm32.13.3.rel1.win32_1.0.100.202509120712/tools/bin/../lib/gcc/arm-none-eabi/13.3.1/../../../../arm-none-eabi/lib/thumb/v7e-m+dp/hard\libc_nano.a(libc_a-mallocr.o)
 .ARM.attributes
                0x0000045b       0x32 C:/ST/STM32CubeIDE_2.0.0/STM32CubeIDE/plugins/com.st.stm32cube.ide.mcu.externaltools.gnu-tools-for-stm32.13.3.rel1.win32_1.0.100.202509120712/tools/bin/../lib/gcc/arm-none-eabi/13.3.1/../../../../arm-none-eabi/lib/thumb/v7e-m+dp/hard\libc_nano.a(libc_a-mlock.o)
 .ARM.attributes
                0x0000048d       0x32 C:/ST/STM32CubeIDE_2.0.0/STM32CubeIDE/plugins/com.st.stm32cube.ide.mcu.externaltools.gnu-tools-for-stm32.13.3.rel1.win32_1.0.100.202509120712/tools/bin/../lib/gcc/arm-none-eabi/13.3.1/../../../../arm-none-eabi/lib/thumb/v7e-m+dp/hard\libc_nano.a(libc_a-nano-svfprintf.o)
 .ARM.attributes
                0x000004bf       0x32 C:/ST/STM32CubeIDE_2.0.0/STM32CubeIDE/plugins/com.st.stm32cube.ide.mcu.externaltools.gnu-tools-for-stm32.13.3.rel1.win32_1.0.100.202509120712/tools/bin/../lib/gcc/arm-none-eabi/13.3.1/../../../../arm-none-eabi/lib/thumb/v7e-m+dp/hard\libc_nano.a(libc_a-nano-vfprintf_i.o)
 .ARM.attributes
                0x000004f1       0x32 C:/ST/STM32CubeIDE_2.0.0/STM32CubeIDE/plugins/com.st.stm32cube.ide.mcu.externaltools.gnu-tools-for-stm32.13.3.rel1.win32_1.0.100.202509120712/tools/bin/../lib/gcc/arm-none-eabi/13.3.1/../../../../arm-none-eabi/lib/thumb/v7e-m+dp/hard\libc_nano.a(libc_a-memmove.o)
 .ARM.attributes
                0x00000523       0x32 C:/ST/STM32CubeIDE_2.0.0/STM32CubeIDE/plugins/com.st.stm32cube.ide.mcu.externaltools.gnu-tools-for-stm32.13.3.rel1.win32_1.0.100.202509120712/tools/bin/../lib/gcc/arm-none-eabi/13.3.1/../../../../arm-none-eabi/lib/thumb/v7e-m+dp/hard\libc_nano.a(libc_a-sbrkr.o)
 .ARM.attributes
                0x00000555       0x1c C:/ST/STM32CubeIDE_2.0.0/STM32CubeIDE/plugins/com.st.stm32cube.ide.mcu.externaltools.gnu-tools-for-stm32.13.3.rel1.win32_1.0.100.202509120712/tools/bin/../lib/gcc/arm-none-eabi/13.3.1/../../../../arm-none-eabi/lib/thumb/v7e-m+dp/hard\libc_nano.a(libc_a-memchr.o)
 .ARM.attributes
                0x00000571       0x32 C:/ST/STM32CubeIDE_2.0.0/STM32CubeIDE/plugins/com.st.stm32cube.ide.mcu.externaltools.gnu-tools-for-stm32.13.3.rel1.win32_1.0.100.202509120712/tools/bin/../lib/gcc/arm-none-eabi/13.3.1/../../../../arm-none-eabi/lib/thumb/v7e-m+dp/hard\libc_nano.a(libc_a-reallocr.o)
 .ARM.attributes
                0x000005a3       0x32 C:/ST/STM32CubeIDE_2.0.0/STM32CubeIDE/plugins/com.st.stm32cube.ide.mcu.externaltools.gnu-tools-for-stm32.13.3.rel1.win32_1.0.100.202509120712/tools/bin/../lib/gcc/arm-none-eabi/13.3.1/../../../../arm-none-eabi/lib/thumb/v7e-m+dp/hard\libc_nano.a(libc_a-msizer.o)
 .ARM.attributes
                0x000005d5       0x20 C:/ST/STM32CubeIDE_2.0.0/STM32CubeIDE/plugins/com.st.stm32cube.ide.mcu.externaltools.gnu-tools-for-stm32.13.3.rel1.win32_1.0.100.202509120712/tools/bin/../lib/gcc/arm-none-eabi/13.3.1/thumb/v7e-m+dp/hard/crtn.o
OUTPUT(STM32F767 elf32-littlearm)
LOAD linker stubs
LOAD C:/ST/STM32CubeIDE_2.0.0/STM32CubeIDE/plugins/com.st.stm32cube.ide.mcu.externaltools.gnu-tools-for-stm32.13.3.rel1.win32_1.0.100.202509120712/tools/bin/../lib/gcc/arm-none-eabi/13.3.1/../../../../arm-none-eabi/lib/thumb/v7e-m+dp/hard\libc.a
LOAD C:/ST/STM32CubeIDE_2.0.0/STM32CubeIDE/plugins/com.st.stm32cube.ide.mcu.externaltools.gnu-tools-for-stm32.13.3.rel1.win32_1.0.100.202509120712/tools/bin/../lib/gcc/arm-none-eabi/13.3.1/../../../../arm-none-eabi/lib/thumb/v7e-m+dp/hard\libm.a
LOAD C:/ST/STM32CubeIDE_2.0.0/STM32CubeIDE/plugins/com.st.stm32cube.ide.mcu.externaltools.gnu-tools-for-stm32.13.3.rel1.win32_1.0.100.202509120712/tools/bin/../lib/gcc/arm-none-eabi/13.3.1/thumb/v7e-m+dp/hard\libgcc.a

.comment        0x00000000       0x43
 .comment       0x00000000       0x43 CMakeFiles/STM32F767.dir/Core/Src/main.cpp.obj
                                 0x44 (size before relaxing)
 .comment       0x00000043        0x0 CMakeFiles/STM32F767.dir/Core/Src/mcore_eth.cpp.obj
                                 0x44 (size before relaxing)
 .comment       0x00000043        0x0 CMakeFiles/STM32F767.dir/Core/Src/mcore_eth_utils.cpp.obj
                                 0x44 (size before relaxing)
 .comment       0x00000043        0x0 CMakeFiles/STM32F767.dir/Core/Src/mcore_mpu.cpp.obj
                                 0x44 (size before relaxing)
 .comment       0x00000043        0x0 CMakeFiles/STM32F767.dir/Core/Src/mcore_net.cpp.obj
                                 0x44 (size before relaxing)
 .comment       0x00000043        0x0 CMakeFiles/STM32F767.dir/Core/Src/mcore_system.cpp.obj
                                 0x44 (size before relaxing)
 .comment       0x00000043        0x0 CMakeFiles/STM32F767.dir/Core/Src/mcore_tcp.cpp.obj
                                 0x44 (size before relaxing)
 .comment       0x00000043        0x0 CMakeFiles/STM32F767.dir/Core/Src/syscalls.c.obj
                                 0x44 (size before relaxing)

.debug_frame    0x00000000      0x58c
 .debug_frame   0x00000000      0x144 C:/ST/STM32CubeIDE_2.0.0/STM32CubeIDE/plugins/com.st.stm32cube.ide.mcu.externaltools.gnu-tools-for-stm32.13.3.rel1.win32_1.0.100.202509120712/tools/bin/../lib/gcc/arm-none-eabi/13.3.1/../../../../arm-none-eabi/lib/thumb/v7e-m+dp/hard\libc_nano.a(libc_a-findfp.o)
 .debug_frame   0x00000144       0x4c C:/ST/STM32CubeIDE_2.0.0/STM32CubeIDE/plugins/com.st.stm32cube.ide.mcu.externaltools.gnu-tools-for-stm32.13.3.rel1.win32_1.0.100.202509120712/tools/bin/../lib/gcc/arm-none-eabi/13.3.1/../../../../arm-none-eabi/lib/thumb/v7e-m+dp/hard\libc_nano.a(libc_a-vsnprintf.o)
 .debug_frame   0x00000190       0x28 C:/ST/STM32CubeIDE_2.0.0/STM32CubeIDE/plugins/com.st.stm32cube.ide.mcu.externaltools.gnu-tools-for-stm32.13.3.rel1.win32_1.0.100.202509120712/tools/bin/../lib/gcc/arm-none-eabi/13.3.1/../../../../arm-none-eabi/lib/thumb/v7e-m+dp/hard\libc_nano.a(libc_a-memcmp.o)
 .debug_frame   0x000001b8       0x20 C:/ST/STM32CubeIDE_2.0.0/STM32CubeIDE/plugins/com.st.stm32cube.ide.mcu.externaltools.gnu-tools-for-stm32.13.3.rel1.win32_1.0.100.202509120712/tools/bin/../lib/gcc/arm-none-eabi/13.3.1/../../../../arm-none-eabi/lib/thumb/v7e-m+dp/hard\libc_nano.a(libc_a-memset.o)
 .debug_frame   0x000001d8       0x38 C:/ST/STM32CubeIDE_2.0.0/STM32CubeIDE/plugins/com.st.stm32cube.ide.mcu.externaltools.gnu-tools-for-stm32.13.3.rel1.win32_1.0.100.202509120712/tools/bin/../lib/gcc/arm-none-eabi/13.3.1/../../../../arm-none-eabi/lib/thumb/v7e-m+dp/hard\libc_nano.a(libc_a-reent.o)
 .debug_frame   0x00000210       0x20 C:/ST/STM32CubeIDE_2.0.0/STM32CubeIDE/plugins/com.st.stm32cube.ide.mcu.externaltools.gnu-tools-for-stm32.13.3.rel1.win32_1.0.100.202509120712/tools/bin/../lib/gcc/arm-none-eabi/13.3.1/../../../../arm-none-eabi/lib/thumb/v7e-m+dp/hard\libc_nano.a(libc_a-errno.o)
 .debug_frame   0x00000230       0x2c C:/ST/STM32CubeIDE_2.0.0/STM32CubeIDE/plugins/com.st.stm32cube.ide.mcu.externaltools.gnu-tools-for-stm32.13.3.rel1.win32_1.0.100.202509120712/tools/bin/../lib/gcc/arm-none-eabi/13.3.1/../../../../arm-none-eabi/lib/thumb/v7e-m+dp/hard\libc_nano.a(libc_a-init.o)
 .debug_frame   0x0000025c       0xb0 C:/ST/STM32CubeIDE_2.0.0/STM32CubeIDE/plugins/com.st.stm32cube.ide.mcu.externaltools.gnu-tools-for-stm32.13.3.rel1.win32_1.0.100.202509120712/tools/bin/../lib/gcc/arm-none-eabi/13.3.1/../../../../arm-none-eabi/lib/thumb/v7e-m+dp/hard\libc_nano.a(libc_a-lock.o)
 .debug_frame   0x0000030c       0x28 C:/ST/STM32CubeIDE_2.0.0/STM32CubeIDE/plugins/com.st.stm32cube.ide.mcu.externaltools.gnu-tools-for-stm32.13.3.rel1.win32_1.0.100.202509120712/tools/bin/../lib/gcc/arm-none-eabi/13.3.1/../../../../arm-none-eabi/lib/thumb/v7e-m+dp/hard\libc_nano.a(libc_a-memcpy-stub.o)
 .debug_frame   0x00000334       0x38 C:/ST/STM32CubeIDE_2.0.0/STM32CubeIDE/plugins/com.st.stm32cube.ide.mcu.externaltools.gnu-tools-for-stm32.13.3.rel1.win32_1.0.100.202509120712/tools/bin/../lib/gcc/arm-none-eabi/13.3.1/../../../../arm-none-eabi/lib/thumb/v7e-m+dp/hard\libc_nano.a(libc_a-freer.o)
 .debug_frame   0x0000036c       0x50 C:/ST/STM32CubeIDE_2.0.0/STM32CubeIDE/plugins/com.st.stm32cube.ide.mcu.externaltools.gnu-tools-for-stm32.13.3.rel1.win32_1.0.100.202509120712/tools/bin/../lib/gcc/arm-none-eabi/13.3.1/../../../../arm-none-eabi/lib/thumb/v7e-m+dp/hard\libc_nano.a(libc_a-mallocr.o)
 .debug_frame   0x000003bc       0x30 C:/ST/STM32CubeIDE_2.0.0/STM32CubeIDE/plugins/com.st.stm32cube.ide.mcu.externaltools.gnu-tools-for-stm32.13.3.rel1.win32_1.0.100.202509120712/tools/bin/../lib/gcc/arm-none-eabi/13.3.1/../../../../arm-none-eabi/lib/thumb/v7e-m+dp/hard\libc_nano.a(libc_a-mlock.o)
 .debug_frame   0x000003ec       0x90 C:/ST/STM32CubeIDE_2.0.0/STM32CubeIDE/plugins/com.st.stm32cube.ide.mcu.externaltools.gnu-tools-for-stm32.13.3.rel1.win32_1.0.100.202509120712/tools/bin/../lib/gcc/arm-none-eabi/13.3.1/../../../../arm-none-eabi/lib/thumb/v7e-m+dp/hard\libc_nano.a(libc_a-nano-svfprintf.o)
 .debug_frame   0x0000047c       0x60 C:/ST/STM32CubeIDE_2.0.0/STM32CubeIDE/plugins/com.st.stm32cube.ide.mcu.externaltools.gnu-tools-for-stm32.13.3.rel1.win32_1.0.100.202509120712/tools/bin/../lib/gcc/arm-none-eabi/13.3.1/../../../../arm-none-eabi/lib/thumb/v7e-m+dp/hard\libc_nano.a(libc_a-nano-vfprintf_i.o)
 .debug_frame   0x000004dc       0x28 C:/ST/STM32CubeIDE_2.0.0/STM32CubeIDE/plugins/com.st.stm32cube.ide.mcu.externaltools.gnu-tools-for-stm32.13.3.rel1.win32_1.0.100.202509120712/tools/bin/../lib/gcc/arm-none-eabi/13.3.1/../../../../arm-none-eabi/lib/thumb/v7e-m+dp/hard\libc_nano.a(libc_a-memmove.o)
 .debug_frame   0x00000504       0x2c C:/ST/STM32CubeIDE_2.0.0/STM32CubeIDE/plugins/com.st.stm32cube.ide.mcu.externaltools.gnu-tools-for-stm32.13.3.rel1.win32_1.0.100.202509120712/tools/bin/../lib/gcc/arm-none-eabi/13.3.1/../../../../arm-none-eabi/lib/thumb/v7e-m+dp/hard\libc_nano.a(libc_a-sbrkr.o)
 .debug_frame   0x00000530       0x3c C:/ST/STM32CubeIDE_2.0.0/STM32CubeIDE/plugins/com.st.stm32cube.ide.mcu.externaltools.gnu-tools-for-stm32.13.3.rel1.win32_1.0.100.202509120712/tools/bin/../lib/gcc/arm-none-eabi/13.3.1/../../../../arm-none-eabi/lib/thumb/v7e-m+dp/hard\libc_nano.a(libc_a-reallocr.o)
 .debug_frame   0x0000056c       0x20 C:/ST/STM32CubeIDE_2.0.0/STM32CubeIDE/plugins/com.st.stm32cube.ide.mcu.externaltools.gnu-tools-for-stm32.13.3.rel1.win32_1.0.100.202509120712/tools/bin/../lib/gcc/arm-none-eabi/13.3.1/../../../../arm-none-eabi/lib/thumb/v7e-m+dp/hard\libc_nano.a(libc_a-msizer.o)
